2026-04-19 16:07:16.998944 CST | [maze2d-large-v1] ---------------  ----------
2026-04-19 16:07:16.999120 CST | [maze2d-large-v1] Training Epochs  0
2026-04-19 16:07:16.999166 CST | [maze2d-large-v1] AverageReturn    7.7
2026-04-19 16:07:16.999202 CST | [maze2d-large-v1] NormReturn       0.00374125
2026-04-19 16:07:16.999246 CST | [maze2d-large-v1] L_Act            0.384501
2026-04-19 16:07:16.999279 CST | [maze2d-large-v1] L_Crit           0.0079592
2026-04-19 16:07:16.999312 CST | [maze2d-large-v1] Weight           0.706607
2026-04-19 16:07:16.999345 CST | [maze2d-large-v1] kl               1
2026-04-19 16:07:16.999378 CST | [maze2d-large-v1] ---------------  ----------
2026-04-19 16:09:07.159384 CST | [maze2d-large-v1] ---------------  -----------
2026-04-19 16:09:07.159475 CST | [maze2d-large-v1] Training Epochs    1
2026-04-19 16:09:07.159504 CST | [maze2d-large-v1] AverageReturn    334.6
2026-04-19 16:09:07.159529 CST | [maze2d-large-v1] NormReturn         1.22676
2026-04-19 16:09:07.159553 CST | [maze2d-large-v1] L_Act              2.2063
2026-04-19 16:09:07.159577 CST | [maze2d-large-v1] L_Crit             0.0258685
2026-04-19 16:09:07.159601 CST | [maze2d-large-v1] Weight             0.635731
2026-04-19 16:09:07.159624 CST | [maze2d-large-v1] kl                 1
2026-04-19 16:09:07.159648 CST | [maze2d-large-v1] ---------------  -----------
2026-04-19 16:10:56.339261 CST | [maze2d-large-v1] ---------------  -----------
2026-04-19 16:10:56.339344 CST | [maze2d-large-v1] Training Epochs    2
2026-04-19 16:10:56.339372 CST | [maze2d-large-v1] AverageReturn    527.3
2026-04-19 16:10:56.339397 CST | [maze2d-large-v1] NormReturn         1.9477
2026-04-19 16:10:56.339421 CST | [maze2d-large-v1] L_Act              8.91669
2026-04-19 16:10:56.339445 CST | [maze2d-large-v1] L_Crit             0.0363604
2026-04-19 16:10:56.339469 CST | [maze2d-large-v1] Weight             0.5319
2026-04-19 16:10:56.339493 CST | [maze2d-large-v1] kl                 1
2026-04-19 16:10:56.339516 CST | [maze2d-large-v1] ---------------  -----------
2026-04-19 16:12:46.436854 CST | [maze2d-large-v1] ---------------  -----------
2026-04-19 16:12:46.436939 CST | [maze2d-large-v1] Training Epochs    3
2026-04-19 16:12:46.436967 CST | [maze2d-large-v1] AverageReturn    522.3
2026-04-19 16:12:46.436992 CST | [maze2d-large-v1] NormReturn         1.92899
2026-04-19 16:12:46.437017 CST | [maze2d-large-v1] L_Act             15.4211
2026-04-19 16:12:46.437042 CST | [maze2d-large-v1] L_Crit             0.0386093
2026-04-19 16:12:46.437065 CST | [maze2d-large-v1] Weight             0.408926
2026-04-19 16:12:46.437089 CST | [maze2d-large-v1] kl                 1
2026-04-19 16:12:46.437112 CST | [maze2d-large-v1] ---------------  -----------
2026-04-19 16:14:32.942698 CST | [maze2d-large-v1] ---------------  -----------
2026-04-19 16:14:32.942778 CST | [maze2d-large-v1] Training Epochs    4
2026-04-19 16:14:32.942819 CST | [maze2d-large-v1] AverageReturn    449.5
2026-04-19 16:14:32.942844 CST | [maze2d-large-v1] NormReturn         1.65663
2026-04-19 16:14:32.942867 CST | [maze2d-large-v1] L_Act             19.8325
2026-04-19 16:14:32.942891 CST | [maze2d-large-v1] L_Crit             0.0357853
2026-04-19 16:14:32.942915 CST | [maze2d-large-v1] Weight             0.356807
2026-04-19 16:14:32.942938 CST | [maze2d-large-v1] kl                 1
2026-04-19 16:14:32.942962 CST | [maze2d-large-v1] ---------------  -----------
2026-04-19 16:16:19.190701 CST | [maze2d-large-v1] ---------------  -----------
2026-04-19 16:16:19.190781 CST | [maze2d-large-v1] Training Epochs    5
2026-04-19 16:16:19.190809 CST | [maze2d-large-v1] AverageReturn    338.7
2026-04-19 16:16:19.190834 CST | [maze2d-large-v1] NormReturn         1.2421
2026-04-19 16:16:19.190859 CST | [maze2d-large-v1] L_Act             23.0323
2026-04-19 16:16:19.190883 CST | [maze2d-large-v1] L_Crit             0.0318866
2026-04-19 16:16:19.190908 CST | [maze2d-large-v1] Weight             0.344706
2026-04-19 16:16:19.190931 CST | [maze2d-large-v1] kl                 1
2026-04-19 16:16:19.190955 CST | [maze2d-large-v1] ---------------  -----------
2026-04-19 16:18:05.755844 CST | [maze2d-large-v1] ---------------  -----------
2026-04-19 16:18:05.755927 CST | [maze2d-large-v1] Training Epochs    6
2026-04-19 16:18:05.755955 CST | [maze2d-large-v1] AverageReturn    338.3
2026-04-19 16:18:05.755980 CST | [maze2d-large-v1] NormReturn         1.2406
2026-04-19 16:18:05.756008 CST | [maze2d-large-v1] L_Act             24.5704
2026-04-19 16:18:05.756031 CST | [maze2d-large-v1] L_Crit             0.0290245
2026-04-19 16:18:05.756055 CST | [maze2d-large-v1] Weight             0.342785
2026-04-19 16:18:05.756079 CST | [maze2d-large-v1] kl                 1
2026-04-19 16:18:05.756103 CST | [maze2d-large-v1] ---------------  -----------
2026-04-19 16:19:51.960972 CST | [maze2d-large-v1] ---------------  -----------
2026-04-19 16:19:51.961050 CST | [maze2d-large-v1] Training Epochs    7
2026-04-19 16:19:51.961076 CST | [maze2d-large-v1] AverageReturn    454.9
2026-04-19 16:19:51.961100 CST | [maze2d-large-v1] NormReturn         1.67683
2026-04-19 16:19:51.961122 CST | [maze2d-large-v1] L_Act             25.2
2026-04-19 16:19:51.961144 CST | [maze2d-large-v1] L_Crit             0.0276538
2026-04-19 16:19:51.961168 CST | [maze2d-large-v1] Weight             0.352519
2026-04-19 16:19:51.961191 CST | [maze2d-large-v1] kl                 1
2026-04-19 16:19:51.961215 CST | [maze2d-large-v1] ---------------  -----------
2026-04-19 16:21:37.842516 CST | [maze2d-large-v1] ---------------  -----------
2026-04-19 16:21:37.842593 CST | [maze2d-large-v1] Training Epochs    8
2026-04-19 16:21:37.842630 CST | [maze2d-large-v1] AverageReturn    414.1
2026-04-19 16:21:37.842654 CST | [maze2d-large-v1] NormReturn         1.52419
2026-04-19 16:21:37.842676 CST | [maze2d-large-v1] L_Act             24.2236
2026-04-19 16:21:37.842698 CST | [maze2d-large-v1] L_Crit             0.0254162
2026-04-19 16:21:37.842721 CST | [maze2d-large-v1] Weight             0.36995
2026-04-19 16:21:37.842743 CST | [maze2d-large-v1] kl                 1
2026-04-19 16:21:37.842766 CST | [maze2d-large-v1] ---------------  -----------
2026-04-19 16:23:23.320872 CST | [maze2d-large-v1] ---------------  -----------
2026-04-19 16:23:23.320959 CST | [maze2d-large-v1] Training Epochs    9
2026-04-19 16:23:23.320987 CST | [maze2d-large-v1] AverageReturn    305.7
2026-04-19 16:23:23.321011 CST | [maze2d-large-v1] NormReturn         1.11864
2026-04-19 16:23:23.321033 CST | [maze2d-large-v1] L_Act             23.6487
2026-04-19 16:23:23.321056 CST | [maze2d-large-v1] L_Crit             0.0244093
2026-04-19 16:23:23.321078 CST | [maze2d-large-v1] Weight             0.354406
2026-04-19 16:23:23.321100 CST | [maze2d-large-v1] kl                 1
2026-04-19 16:23:23.321123 CST | [maze2d-large-v1] ---------------  -----------
2026-04-19 16:25:09.347091 CST | [maze2d-large-v1] ---------------  -----------
2026-04-19 16:25:09.347172 CST | [maze2d-large-v1] Training Epochs   10
2026-04-19 16:25:09.347199 CST | [maze2d-large-v1] AverageReturn    242.1
2026-04-19 16:25:09.347223 CST | [maze2d-large-v1] NormReturn         0.880691
2026-04-19 16:25:09.347246 CST | [maze2d-large-v1] L_Act             24.3225
2026-04-19 16:25:09.347268 CST | [maze2d-large-v1] L_Crit             0.0253437
2026-04-19 16:25:09.347291 CST | [maze2d-large-v1] Weight             0.348488
2026-04-19 16:25:09.347313 CST | [maze2d-large-v1] kl                 1
2026-04-19 16:25:09.347336 CST | [maze2d-large-v1] ---------------  -----------
2026-04-19 16:26:55.303897 CST | [maze2d-large-v1] ---------------  -----------
2026-04-19 16:26:55.303980 CST | [maze2d-large-v1] Training Epochs   11
2026-04-19 16:26:55.304009 CST | [maze2d-large-v1] AverageReturn    505.3
2026-04-19 16:26:55.304035 CST | [maze2d-large-v1] NormReturn         1.86539
2026-04-19 16:26:55.304057 CST | [maze2d-large-v1] L_Act             24.6789
2026-04-19 16:26:55.304080 CST | [maze2d-large-v1] L_Crit             0.0258764
2026-04-19 16:26:55.304104 CST | [maze2d-large-v1] Weight             0.354764
2026-04-19 16:26:55.304128 CST | [maze2d-large-v1] kl                 1
2026-04-19 16:26:55.304155 CST | [maze2d-large-v1] ---------------  -----------
2026-04-19 16:28:41.750341 CST | [maze2d-large-v1] ---------------  -----------
2026-04-19 16:28:41.750421 CST | [maze2d-large-v1] Training Epochs   12
2026-04-19 16:28:41.750449 CST | [maze2d-large-v1] AverageReturn    591.4
2026-04-19 16:28:41.750474 CST | [maze2d-large-v1] NormReturn         2.18751
2026-04-19 16:28:41.750498 CST | [maze2d-large-v1] L_Act             25.118
2026-04-19 16:28:41.750520 CST | [maze2d-large-v1] L_Crit             0.0249799
2026-04-19 16:28:41.750543 CST | [maze2d-large-v1] Weight             0.353785
2026-04-19 16:28:41.750567 CST | [maze2d-large-v1] kl                 1
2026-04-19 16:28:41.750591 CST | [maze2d-large-v1] ---------------  -----------
2026-04-19 16:30:27.770474 CST | [maze2d-large-v1] ---------------  -----------
2026-04-19 16:30:27.770558 CST | [maze2d-large-v1] Training Epochs   13
2026-04-19 16:30:27.770586 CST | [maze2d-large-v1] AverageReturn    341.2
2026-04-19 16:30:27.770612 CST | [maze2d-large-v1] NormReturn         1.25145
2026-04-19 16:30:27.770637 CST | [maze2d-large-v1] L_Act             25.3731
2026-04-19 16:30:27.770661 CST | [maze2d-large-v1] L_Crit             0.0258727
2026-04-19 16:30:27.770686 CST | [maze2d-large-v1] Weight             0.357468
2026-04-19 16:30:27.770709 CST | [maze2d-large-v1] kl                 1
2026-04-19 16:30:27.770733 CST | [maze2d-large-v1] ---------------  -----------
2026-04-19 16:32:13.708514 CST | [maze2d-large-v1] ---------------  ----------
2026-04-19 16:32:13.708591 CST | [maze2d-large-v1] Training Epochs   14
2026-04-19 16:32:13.708619 CST | [maze2d-large-v1] AverageReturn    507
2026-04-19 16:32:13.708644 CST | [maze2d-large-v1] NormReturn         1.87175
2026-04-19 16:32:13.708668 CST | [maze2d-large-v1] L_Act             26.0505
2026-04-19 16:32:13.708693 CST | [maze2d-large-v1] L_Crit             0.028205
2026-04-19 16:32:13.708716 CST | [maze2d-large-v1] Weight             0.354355
2026-04-19 16:32:13.708740 CST | [maze2d-large-v1] kl                 1
2026-04-19 16:32:13.708770 CST | [maze2d-large-v1] ---------------  ----------
2026-04-19 16:34:00.157247 CST | [maze2d-large-v1] ---------------  -----------
2026-04-19 16:34:00.157328 CST | [maze2d-large-v1] Training Epochs   15
2026-04-19 16:34:00.157355 CST | [maze2d-large-v1] AverageReturn    515
2026-04-19 16:34:00.157378 CST | [maze2d-large-v1] NormReturn         1.90168
2026-04-19 16:34:00.157401 CST | [maze2d-large-v1] L_Act             26.1558
2026-04-19 16:34:00.157423 CST | [maze2d-large-v1] L_Crit             0.0260916
2026-04-19 16:34:00.157446 CST | [maze2d-large-v1] Weight             0.362318
2026-04-19 16:34:00.157468 CST | [maze2d-large-v1] kl                 1
2026-04-19 16:34:00.157491 CST | [maze2d-large-v1] ---------------  -----------
2026-04-19 16:35:46.356589 CST | [maze2d-large-v1] ---------------  ----------
2026-04-19 16:35:46.356670 CST | [maze2d-large-v1] Training Epochs   16
2026-04-19 16:35:46.356697 CST | [maze2d-large-v1] AverageReturn    413.8
2026-04-19 16:35:46.356721 CST | [maze2d-large-v1] NormReturn         1.52306
2026-04-19 16:35:46.356744 CST | [maze2d-large-v1] L_Act             25.7172
2026-04-19 16:35:46.356771 CST | [maze2d-large-v1] L_Crit             0.026553
2026-04-19 16:35:46.356794 CST | [maze2d-large-v1] Weight             0.35916
2026-04-19 16:35:46.356817 CST | [maze2d-large-v1] kl                 1
2026-04-19 16:35:46.356840 CST | [maze2d-large-v1] ---------------  ----------
2026-04-19 16:37:32.580499 CST | [maze2d-large-v1] ---------------  -----------
2026-04-19 16:37:32.580604 CST | [maze2d-large-v1] Training Epochs   17
2026-04-19 16:37:32.580633 CST | [maze2d-large-v1] AverageReturn    378.6
2026-04-19 16:37:32.580657 CST | [maze2d-large-v1] NormReturn         1.39137
2026-04-19 16:37:32.580681 CST | [maze2d-large-v1] L_Act             25.7552
2026-04-19 16:37:32.580705 CST | [maze2d-large-v1] L_Crit             0.0265774
2026-04-19 16:37:32.580729 CST | [maze2d-large-v1] Weight             0.362089
2026-04-19 16:37:32.580756 CST | [maze2d-large-v1] kl                 1
2026-04-19 16:37:32.580785 CST | [maze2d-large-v1] ---------------  -----------
2026-04-19 16:39:19.065716 CST | [maze2d-large-v1] ---------------  -----------
2026-04-19 16:39:19.065797 CST | [maze2d-large-v1] Training Epochs   18
2026-04-19 16:39:19.065825 CST | [maze2d-large-v1] AverageReturn    413.3
2026-04-19 16:39:19.065850 CST | [maze2d-large-v1] NormReturn         1.52119
2026-04-19 16:39:19.065873 CST | [maze2d-large-v1] L_Act             25.545
2026-04-19 16:39:19.065897 CST | [maze2d-large-v1] L_Crit             0.0257089
2026-04-19 16:39:19.065921 CST | [maze2d-large-v1] Weight             0.375933
2026-04-19 16:39:19.065946 CST | [maze2d-large-v1] kl                 1
2026-04-19 16:39:19.065969 CST | [maze2d-large-v1] ---------------  -----------
2026-04-19 16:41:05.110967 CST | [maze2d-large-v1] ---------------  -----------
2026-04-19 16:41:05.111056 CST | [maze2d-large-v1] Training Epochs   19
2026-04-19 16:41:05.111084 CST | [maze2d-large-v1] AverageReturn    526.3
2026-04-19 16:41:05.111107 CST | [maze2d-large-v1] NormReturn         1.94396
2026-04-19 16:41:05.111130 CST | [maze2d-large-v1] L_Act             24.1904
2026-04-19 16:41:05.111152 CST | [maze2d-large-v1] L_Crit             0.0238577
2026-04-19 16:41:05.111174 CST | [maze2d-large-v1] Weight             0.387281
2026-04-19 16:41:05.111197 CST | [maze2d-large-v1] kl                 1
2026-04-19 16:41:05.111219 CST | [maze2d-large-v1] ---------------  -----------
2026-04-19 16:42:51.518889 CST | [maze2d-large-v1] ---------------  -----------
2026-04-19 16:42:51.518966 CST | [maze2d-large-v1] Training Epochs   20
2026-04-19 16:42:51.518995 CST | [maze2d-large-v1] AverageReturn    630.4
2026-04-19 16:42:51.519022 CST | [maze2d-large-v1] NormReturn         2.33342
2026-04-19 16:42:51.519053 CST | [maze2d-large-v1] L_Act             22.8419
2026-04-19 16:42:51.519079 CST | [maze2d-large-v1] L_Crit             0.0251567
2026-04-19 16:42:51.519104 CST | [maze2d-large-v1] Weight             0.398945
2026-04-19 16:42:51.519128 CST | [maze2d-large-v1] kl                 1
2026-04-19 16:42:51.519151 CST | [maze2d-large-v1] ---------------  -----------
2026-04-19 16:44:37.766107 CST | [maze2d-large-v1] ---------------  -----------
2026-04-19 16:44:37.766194 CST | [maze2d-large-v1] Training Epochs   21
2026-04-19 16:44:37.766221 CST | [maze2d-large-v1] AverageReturn    447.6
2026-04-19 16:44:37.766245 CST | [maze2d-large-v1] NormReturn         1.64952
2026-04-19 16:44:37.766270 CST | [maze2d-large-v1] L_Act             22.2042
2026-04-19 16:44:37.766294 CST | [maze2d-large-v1] L_Crit             0.0276229
2026-04-19 16:44:37.766317 CST | [maze2d-large-v1] Weight             0.409192
2026-04-19 16:44:37.766341 CST | [maze2d-large-v1] kl                 1
2026-04-19 16:44:37.766365 CST | [maze2d-large-v1] ---------------  -----------
2026-04-19 16:46:24.276629 CST | [maze2d-large-v1] ---------------  -----------
2026-04-19 16:46:24.276711 CST | [maze2d-large-v1] Training Epochs   22
2026-04-19 16:46:24.276738 CST | [maze2d-large-v1] AverageReturn    496.1
2026-04-19 16:46:24.276764 CST | [maze2d-large-v1] NormReturn         1.83097
2026-04-19 16:46:24.276787 CST | [maze2d-large-v1] L_Act             21.3403
2026-04-19 16:46:24.276834 CST | [maze2d-large-v1] L_Crit             0.0244264
2026-04-19 16:46:24.276859 CST | [maze2d-large-v1] Weight             0.411342
2026-04-19 16:46:24.276882 CST | [maze2d-large-v1] kl                 1
2026-04-19 16:46:24.276906 CST | [maze2d-large-v1] ---------------  -----------
2026-04-19 16:48:10.301665 CST | [maze2d-large-v1] ---------------  -----------
2026-04-19 16:48:10.301782 CST | [maze2d-large-v1] Training Epochs   23
2026-04-19 16:48:10.301812 CST | [maze2d-large-v1] AverageReturn    533.8
2026-04-19 16:48:10.301837 CST | [maze2d-large-v1] NormReturn         1.97202
2026-04-19 16:48:10.301860 CST | [maze2d-large-v1] L_Act             20.4597
2026-04-19 16:48:10.301884 CST | [maze2d-large-v1] L_Crit             0.0254177
2026-04-19 16:48:10.301912 CST | [maze2d-large-v1] Weight             0.423457
2026-04-19 16:48:10.301938 CST | [maze2d-large-v1] kl                 1
2026-04-19 16:48:10.301962 CST | [maze2d-large-v1] ---------------  -----------
2026-04-19 16:49:56.859194 CST | [maze2d-large-v1] ---------------  -----------
2026-04-19 16:49:56.859277 CST | [maze2d-large-v1] Training Epochs   24
2026-04-19 16:49:56.859304 CST | [maze2d-large-v1] AverageReturn    548.9
2026-04-19 16:49:56.859329 CST | [maze2d-large-v1] NormReturn         2.02851
2026-04-19 16:49:56.859353 CST | [maze2d-large-v1] L_Act             19.8172
2026-04-19 16:49:56.859376 CST | [maze2d-large-v1] L_Crit             0.0246607
2026-04-19 16:49:56.859400 CST | [maze2d-large-v1] Weight             0.428098
2026-04-19 16:49:56.859424 CST | [maze2d-large-v1] kl                 1
2026-04-19 16:49:56.859448 CST | [maze2d-large-v1] ---------------  -----------
2026-04-19 16:51:43.405829 CST | [maze2d-large-v1] ---------------  -----------
2026-04-19 16:51:43.405921 CST | [maze2d-large-v1] Training Epochs   25
2026-04-19 16:51:43.405950 CST | [maze2d-large-v1] AverageReturn    580.9
2026-04-19 16:51:43.405974 CST | [maze2d-large-v1] NormReturn         2.14823
2026-04-19 16:51:43.405998 CST | [maze2d-large-v1] L_Act             19.0846
2026-04-19 16:51:43.406022 CST | [maze2d-large-v1] L_Crit             0.0229283
2026-04-19 16:51:43.406044 CST | [maze2d-large-v1] Weight             0.431707
2026-04-19 16:51:43.406067 CST | [maze2d-large-v1] kl                 1
2026-04-19 16:51:43.406089 CST | [maze2d-large-v1] ---------------  -----------
2026-04-19 16:53:29.885747 CST | [maze2d-large-v1] ---------------  -----------
2026-04-19 16:53:29.885831 CST | [maze2d-large-v1] Training Epochs   26
2026-04-19 16:53:29.885881 CST | [maze2d-large-v1] AverageReturn    611.5
2026-04-19 16:53:29.885905 CST | [maze2d-large-v1] NormReturn         2.26271
2026-04-19 16:53:29.885929 CST | [maze2d-large-v1] L_Act             18.4897
2026-04-19 16:53:29.885955 CST | [maze2d-large-v1] L_Crit             0.0228882
2026-04-19 16:53:29.885978 CST | [maze2d-large-v1] Weight             0.434455
2026-04-19 16:53:29.886000 CST | [maze2d-large-v1] kl                 1
2026-04-19 16:53:29.886023 CST | [maze2d-large-v1] ---------------  -----------
2026-04-19 16:55:16.050141 CST | [maze2d-large-v1] ---------------  -----------
2026-04-19 16:55:16.050221 CST | [maze2d-large-v1] Training Epochs   27
2026-04-19 16:55:16.050250 CST | [maze2d-large-v1] AverageReturn    599.2
2026-04-19 16:55:16.050275 CST | [maze2d-large-v1] NormReturn         2.21669
2026-04-19 16:55:16.050298 CST | [maze2d-large-v1] L_Act             17.8431
2026-04-19 16:55:16.050322 CST | [maze2d-large-v1] L_Crit             0.0213663
2026-04-19 16:55:16.050346 CST | [maze2d-large-v1] Weight             0.443892
2026-04-19 16:55:16.050369 CST | [maze2d-large-v1] kl                 1
2026-04-19 16:55:16.050392 CST | [maze2d-large-v1] ---------------  -----------
2026-04-19 16:57:02.735706 CST | [maze2d-large-v1] ---------------  -----------
2026-04-19 16:57:02.735792 CST | [maze2d-large-v1] Training Epochs   28
2026-04-19 16:57:02.735839 CST | [maze2d-large-v1] AverageReturn    559.9
2026-04-19 16:57:02.735864 CST | [maze2d-large-v1] NormReturn         2.06966
2026-04-19 16:57:02.735887 CST | [maze2d-large-v1] L_Act             17.4967
2026-04-19 16:57:02.735911 CST | [maze2d-large-v1] L_Crit             0.0255727
2026-04-19 16:57:02.735936 CST | [maze2d-large-v1] Weight             0.455753
2026-04-19 16:57:02.735959 CST | [maze2d-large-v1] kl                 1
2026-04-19 16:57:02.735983 CST | [maze2d-large-v1] ---------------  -----------
2026-04-19 16:58:49.044358 CST | [maze2d-large-v1] ---------------  -----------
2026-04-19 16:58:49.044462 CST | [maze2d-large-v1] Training Epochs   29
2026-04-19 16:58:49.044490 CST | [maze2d-large-v1] AverageReturn    647
2026-04-19 16:58:49.044513 CST | [maze2d-large-v1] NormReturn         2.39553
2026-04-19 16:58:49.044536 CST | [maze2d-large-v1] L_Act             16.8333
2026-04-19 16:58:49.044558 CST | [maze2d-large-v1] L_Crit             0.0244162
2026-04-19 16:58:49.044589 CST | [maze2d-large-v1] Weight             0.460688
2026-04-19 16:58:49.044611 CST | [maze2d-large-v1] kl                 1
2026-04-19 16:58:49.044634 CST | [maze2d-large-v1] ---------------  -----------
2026-04-19 17:00:35.823221 CST | [maze2d-large-v1] ---------------  -----------
2026-04-19 17:00:35.823304 CST | [maze2d-large-v1] Training Epochs   30
2026-04-19 17:00:35.823342 CST | [maze2d-large-v1] AverageReturn    614.9
2026-04-19 17:00:35.823367 CST | [maze2d-large-v1] NormReturn         2.27543
2026-04-19 17:00:35.823392 CST | [maze2d-large-v1] L_Act             16.7179
2026-04-19 17:00:35.823416 CST | [maze2d-large-v1] L_Crit             0.0266343
2026-04-19 17:00:35.823440 CST | [maze2d-large-v1] Weight             0.454774
2026-04-19 17:00:35.823464 CST | [maze2d-large-v1] kl                 1
2026-04-19 17:00:35.823488 CST | [maze2d-large-v1] ---------------  -----------
2026-04-19 17:02:22.522013 CST | [maze2d-large-v1] ---------------  -----------
2026-04-19 17:02:22.522099 CST | [maze2d-large-v1] Training Epochs   31
2026-04-19 17:02:22.522135 CST | [maze2d-large-v1] AverageReturn    568.9
2026-04-19 17:02:22.522159 CST | [maze2d-large-v1] NormReturn         2.10333
2026-04-19 17:02:22.522183 CST | [maze2d-large-v1] L_Act             17.5551
2026-04-19 17:02:22.522205 CST | [maze2d-large-v1] L_Crit             0.0278863
2026-04-19 17:02:22.522228 CST | [maze2d-large-v1] Weight             0.436123
2026-04-19 17:02:22.522250 CST | [maze2d-large-v1] kl                 1
2026-04-19 17:02:22.522277 CST | [maze2d-large-v1] ---------------  -----------
2026-04-19 17:04:09.065215 CST | [maze2d-large-v1] ---------------  -----------
2026-04-19 17:04:09.065300 CST | [maze2d-large-v1] Training Epochs   32
2026-04-19 17:04:09.065342 CST | [maze2d-large-v1] AverageReturn    622.9
2026-04-19 17:04:09.065367 CST | [maze2d-large-v1] NormReturn         2.30536
2026-04-19 17:04:09.065390 CST | [maze2d-large-v1] L_Act             17.7951
2026-04-19 17:04:09.065414 CST | [maze2d-large-v1] L_Crit             0.0255475
2026-04-19 17:04:09.065437 CST | [maze2d-large-v1] Weight             0.447914
2026-04-19 17:04:09.065461 CST | [maze2d-large-v1] kl                 1
2026-04-19 17:04:09.065485 CST | [maze2d-large-v1] ---------------  -----------
2026-04-19 17:05:55.279244 CST | [maze2d-large-v1] ---------------  -----------
2026-04-19 17:05:55.279345 CST | [maze2d-large-v1] Training Epochs   33
2026-04-19 17:05:55.279372 CST | [maze2d-large-v1] AverageReturn    529.4
2026-04-19 17:05:55.279396 CST | [maze2d-large-v1] NormReturn         1.95555
2026-04-19 17:05:55.279423 CST | [maze2d-large-v1] L_Act             18.2158
2026-04-19 17:05:55.279446 CST | [maze2d-large-v1] L_Crit             0.0266216
2026-04-19 17:05:55.279471 CST | [maze2d-large-v1] Weight             0.436289
2026-04-19 17:05:55.279495 CST | [maze2d-large-v1] kl                 1
2026-04-19 17:05:55.279518 CST | [maze2d-large-v1] ---------------  -----------
2026-04-19 17:07:41.792122 CST | [maze2d-large-v1] ---------------  -----------
2026-04-19 17:07:41.792206 CST | [maze2d-large-v1] Training Epochs   34
2026-04-19 17:07:41.792239 CST | [maze2d-large-v1] AverageReturn    539.6
2026-04-19 17:07:41.792262 CST | [maze2d-large-v1] NormReturn         1.99371
2026-04-19 17:07:41.792285 CST | [maze2d-large-v1] L_Act             18.6118
2026-04-19 17:07:41.792307 CST | [maze2d-large-v1] L_Crit             0.0277698
2026-04-19 17:07:41.792331 CST | [maze2d-large-v1] Weight             0.44526
2026-04-19 17:07:41.792354 CST | [maze2d-large-v1] kl                 1
2026-04-19 17:07:41.792377 CST | [maze2d-large-v1] ---------------  -----------
2026-04-19 17:09:28.402826 CST | [maze2d-large-v1] ---------------  -----------
2026-04-19 17:09:28.402908 CST | [maze2d-large-v1] Training Epochs   35
2026-04-19 17:09:28.402937 CST | [maze2d-large-v1] AverageReturn    550.8
2026-04-19 17:09:28.402962 CST | [maze2d-large-v1] NormReturn         2.03562
2026-04-19 17:09:28.402988 CST | [maze2d-large-v1] L_Act             18.6624
2026-04-19 17:09:28.403012 CST | [maze2d-large-v1] L_Crit             0.0258501
2026-04-19 17:09:28.403040 CST | [maze2d-large-v1] Weight             0.436586
2026-04-19 17:09:28.403065 CST | [maze2d-large-v1] kl                 1
2026-04-19 17:09:28.403088 CST | [maze2d-large-v1] ---------------  -----------
2026-04-19 17:11:14.922103 CST | [maze2d-large-v1] ---------------  -----------
2026-04-19 17:11:14.922187 CST | [maze2d-large-v1] Training Epochs   36
2026-04-19 17:11:14.922225 CST | [maze2d-large-v1] AverageReturn    534.7
2026-04-19 17:11:14.922249 CST | [maze2d-large-v1] NormReturn         1.97538
2026-04-19 17:11:14.922272 CST | [maze2d-large-v1] L_Act             18.8226
2026-04-19 17:11:14.922295 CST | [maze2d-large-v1] L_Crit             0.0264579
2026-04-19 17:11:14.922318 CST | [maze2d-large-v1] Weight             0.439822
2026-04-19 17:11:14.922341 CST | [maze2d-large-v1] kl                 1
2026-04-19 17:11:14.922364 CST | [maze2d-large-v1] ---------------  -----------
2026-04-19 17:13:01.806200 CST | [maze2d-large-v1] ---------------  -----------
2026-04-19 17:13:01.806280 CST | [maze2d-large-v1] Training Epochs   37
2026-04-19 17:13:01.806307 CST | [maze2d-large-v1] AverageReturn    631.7
2026-04-19 17:13:01.806335 CST | [maze2d-large-v1] NormReturn         2.33828
2026-04-19 17:13:01.806358 CST | [maze2d-large-v1] L_Act             18.663
2026-04-19 17:13:01.806380 CST | [maze2d-large-v1] L_Crit             0.0246869
2026-04-19 17:13:01.806404 CST | [maze2d-large-v1] Weight             0.445345
2026-04-19 17:13:01.806427 CST | [maze2d-large-v1] kl                 1
2026-04-19 17:13:01.806449 CST | [maze2d-large-v1] ---------------  -----------
2026-04-19 17:14:48.554123 CST | [maze2d-large-v1] ---------------  -----------
2026-04-19 17:14:48.554190 CST | [maze2d-large-v1] Training Epochs   38
2026-04-19 17:14:48.554217 CST | [maze2d-large-v1] AverageReturn    561.2
2026-04-19 17:14:48.554242 CST | [maze2d-large-v1] NormReturn         2.07453
2026-04-19 17:14:48.554266 CST | [maze2d-large-v1] L_Act             18.3108
2026-04-19 17:14:48.554289 CST | [maze2d-large-v1] L_Crit             0.0239087
2026-04-19 17:14:48.554313 CST | [maze2d-large-v1] Weight             0.446466
2026-04-19 17:14:48.554336 CST | [maze2d-large-v1] kl                 1
2026-04-19 17:14:48.554358 CST | [maze2d-large-v1] ---------------  -----------
2026-04-19 17:16:34.797479 CST | [maze2d-large-v1] ---------------  -----------
2026-04-19 17:16:34.797558 CST | [maze2d-large-v1] Training Epochs   39
2026-04-19 17:16:34.797585 CST | [maze2d-large-v1] AverageReturn    580.1
2026-04-19 17:16:34.797609 CST | [maze2d-large-v1] NormReturn         2.14524
2026-04-19 17:16:34.797631 CST | [maze2d-large-v1] L_Act             18.3634
2026-04-19 17:16:34.797653 CST | [maze2d-large-v1] L_Crit             0.0254416
2026-04-19 17:16:34.797675 CST | [maze2d-large-v1] Weight             0.441318
2026-04-19 17:16:34.797699 CST | [maze2d-large-v1] kl                 1
2026-04-19 17:16:34.797721 CST | [maze2d-large-v1] ---------------  -----------
2026-04-19 17:18:21.375465 CST | [maze2d-large-v1] ---------------  -----------
2026-04-19 17:18:21.375543 CST | [maze2d-large-v1] Training Epochs   40
2026-04-19 17:18:21.375569 CST | [maze2d-large-v1] AverageReturn    546.2
2026-04-19 17:18:21.375594 CST | [maze2d-large-v1] NormReturn         2.01841
2026-04-19 17:18:21.375617 CST | [maze2d-large-v1] L_Act             18.7389
2026-04-19 17:18:21.375641 CST | [maze2d-large-v1] L_Crit             0.0272657
2026-04-19 17:18:21.375676 CST | [maze2d-large-v1] Weight             0.444596
2026-04-19 17:18:21.375699 CST | [maze2d-large-v1] kl                 1
2026-04-19 17:18:21.375723 CST | [maze2d-large-v1] ---------------  -----------
2026-04-19 17:20:07.918618 CST | [maze2d-large-v1] ---------------  -----------
2026-04-19 17:20:07.918695 CST | [maze2d-large-v1] Training Epochs   41
2026-04-19 17:20:07.918734 CST | [maze2d-large-v1] AverageReturn    555.2
2026-04-19 17:20:07.918757 CST | [maze2d-large-v1] NormReturn         2.05208
2026-04-19 17:20:07.918780 CST | [maze2d-large-v1] L_Act             18.788
2026-04-19 17:20:07.918806 CST | [maze2d-large-v1] L_Crit             0.0264128
2026-04-19 17:20:07.918829 CST | [maze2d-large-v1] Weight             0.447783
2026-04-19 17:20:07.918851 CST | [maze2d-large-v1] kl                 1
2026-04-19 17:20:07.918874 CST | [maze2d-large-v1] ---------------  -----------
2026-04-19 17:21:54.522425 CST | [maze2d-large-v1] ---------------  -----------
2026-04-19 17:21:54.522515 CST | [maze2d-large-v1] Training Epochs   42
2026-04-19 17:21:54.522554 CST | [maze2d-large-v1] AverageReturn    628.3
2026-04-19 17:21:54.522580 CST | [maze2d-large-v1] NormReturn         2.32556
2026-04-19 17:21:54.522609 CST | [maze2d-large-v1] L_Act             18.7872
2026-04-19 17:21:54.522632 CST | [maze2d-large-v1] L_Crit             0.0252411
2026-04-19 17:21:54.522656 CST | [maze2d-large-v1] Weight             0.444255
2026-04-19 17:21:54.522679 CST | [maze2d-large-v1] kl                 1
2026-04-19 17:21:54.522703 CST | [maze2d-large-v1] ---------------  -----------
2026-04-19 17:23:41.408222 CST | [maze2d-large-v1] ---------------  -----------
2026-04-19 17:23:41.408304 CST | [maze2d-large-v1] Training Epochs   43
2026-04-19 17:23:41.408352 CST | [maze2d-large-v1] AverageReturn    599.3
2026-04-19 17:23:41.408377 CST | [maze2d-large-v1] NormReturn         2.21707
2026-04-19 17:23:41.408400 CST | [maze2d-large-v1] L_Act             18.8415
2026-04-19 17:23:41.408426 CST | [maze2d-large-v1] L_Crit             0.0249687
2026-04-19 17:23:41.408448 CST | [maze2d-large-v1] Weight             0.439297
2026-04-19 17:23:41.408470 CST | [maze2d-large-v1] kl                 1
2026-04-19 17:23:41.408493 CST | [maze2d-large-v1] ---------------  -----------
2026-04-19 17:25:27.814785 CST | [maze2d-large-v1] ---------------  -----------
2026-04-19 17:25:27.814861 CST | [maze2d-large-v1] Training Epochs   44
2026-04-19 17:25:27.814895 CST | [maze2d-large-v1] AverageReturn    553.2
2026-04-19 17:25:27.814919 CST | [maze2d-large-v1] NormReturn         2.0446
2026-04-19 17:25:27.814941 CST | [maze2d-large-v1] L_Act             18.8328
2026-04-19 17:25:27.814963 CST | [maze2d-large-v1] L_Crit             0.0241879
2026-04-19 17:25:27.814988 CST | [maze2d-large-v1] Weight             0.441136
2026-04-19 17:25:27.815010 CST | [maze2d-large-v1] kl                 1
2026-04-19 17:25:27.815033 CST | [maze2d-large-v1] ---------------  -----------
2026-04-19 17:27:14.776898 CST | [maze2d-large-v1] ---------------  -----------
2026-04-19 17:27:14.776964 CST | [maze2d-large-v1] Training Epochs   45
2026-04-19 17:27:14.776991 CST | [maze2d-large-v1] AverageReturn    549.7
2026-04-19 17:27:14.777014 CST | [maze2d-large-v1] NormReturn         2.0315
2026-04-19 17:27:14.777037 CST | [maze2d-large-v1] L_Act             18.6236
2026-04-19 17:27:14.777059 CST | [maze2d-large-v1] L_Crit             0.0246491
2026-04-19 17:27:14.777081 CST | [maze2d-large-v1] Weight             0.447147
2026-04-19 17:27:14.777104 CST | [maze2d-large-v1] kl                 1
2026-04-19 17:27:14.777127 CST | [maze2d-large-v1] ---------------  -----------
2026-04-19 17:29:01.540886 CST | [maze2d-large-v1] ---------------  -----------
2026-04-19 17:29:01.540964 CST | [maze2d-large-v1] Training Epochs   46
2026-04-19 17:29:01.540991 CST | [maze2d-large-v1] AverageReturn    595.9
2026-04-19 17:29:01.541015 CST | [maze2d-large-v1] NormReturn         2.20435
2026-04-19 17:29:01.541038 CST | [maze2d-large-v1] L_Act             18.7607
2026-04-19 17:29:01.541060 CST | [maze2d-large-v1] L_Crit             0.0255197
2026-04-19 17:29:01.541082 CST | [maze2d-large-v1] Weight             0.436931
2026-04-19 17:29:01.541104 CST | [maze2d-large-v1] kl                 1
2026-04-19 17:29:01.541127 CST | [maze2d-large-v1] ---------------  -----------
2026-04-19 17:30:48.110650 CST | [maze2d-large-v1] ---------------  -----------
2026-04-19 17:30:48.110750 CST | [maze2d-large-v1] Training Epochs   47
2026-04-19 17:30:48.110777 CST | [maze2d-large-v1] AverageReturn    587.4
2026-04-19 17:30:48.110800 CST | [maze2d-large-v1] NormReturn         2.17255
2026-04-19 17:30:48.110826 CST | [maze2d-large-v1] L_Act             18.9034
2026-04-19 17:30:48.110848 CST | [maze2d-large-v1] L_Crit             0.0257894
2026-04-19 17:30:48.110870 CST | [maze2d-large-v1] Weight             0.443933
2026-04-19 17:30:48.110893 CST | [maze2d-large-v1] kl                 1
2026-04-19 17:30:48.110915 CST | [maze2d-large-v1] ---------------  -----------
2026-04-19 17:32:34.468355 CST | [maze2d-large-v1] ---------------  -----------
2026-04-19 17:32:34.468432 CST | [maze2d-large-v1] Training Epochs   48
2026-04-19 17:32:34.468459 CST | [maze2d-large-v1] AverageReturn    586.7
2026-04-19 17:32:34.468482 CST | [maze2d-large-v1] NormReturn         2.16993
2026-04-19 17:32:34.468505 CST | [maze2d-large-v1] L_Act             18.8483
2026-04-19 17:32:34.468528 CST | [maze2d-large-v1] L_Crit             0.0239757
2026-04-19 17:32:34.468552 CST | [maze2d-large-v1] Weight             0.437902
2026-04-19 17:32:34.468575 CST | [maze2d-large-v1] kl                 1
2026-04-19 17:32:34.468599 CST | [maze2d-large-v1] ---------------  -----------
2026-04-19 17:34:21.365299 CST | [maze2d-large-v1] ---------------  -----------
2026-04-19 17:34:21.365383 CST | [maze2d-large-v1] Training Epochs   49
2026-04-19 17:34:21.365424 CST | [maze2d-large-v1] AverageReturn    600.9
2026-04-19 17:34:21.365447 CST | [maze2d-large-v1] NormReturn         2.22305
2026-04-19 17:34:21.365470 CST | [maze2d-large-v1] L_Act             18.7442
2026-04-19 17:34:21.365492 CST | [maze2d-large-v1] L_Crit             0.0240813
2026-04-19 17:34:21.365514 CST | [maze2d-large-v1] Weight             0.437545
2026-04-19 17:34:21.365537 CST | [maze2d-large-v1] kl                 1
2026-04-19 17:34:21.365559 CST | [maze2d-large-v1] ---------------  -----------
2026-04-19 17:36:07.763747 CST | [maze2d-large-v1] ---------------  -----------
2026-04-19 17:36:07.763826 CST | [maze2d-large-v1] Training Epochs   50
2026-04-19 17:36:07.763855 CST | [maze2d-large-v1] AverageReturn    617.1
2026-04-19 17:36:07.763880 CST | [maze2d-large-v1] NormReturn         2.28366
2026-04-19 17:36:07.763904 CST | [maze2d-large-v1] L_Act             18.7057
2026-04-19 17:36:07.763929 CST | [maze2d-large-v1] L_Crit             0.0238105
2026-04-19 17:36:07.763954 CST | [maze2d-large-v1] Weight             0.438373
2026-04-19 17:36:07.763978 CST | [maze2d-large-v1] kl                 1
2026-04-19 17:36:07.764002 CST | [maze2d-large-v1] ---------------  -----------
2026-04-19 17:37:54.102564 CST | [maze2d-large-v1] ---------------  -----------
2026-04-19 17:37:54.102646 CST | [maze2d-large-v1] Training Epochs   51
2026-04-19 17:37:54.102685 CST | [maze2d-large-v1] AverageReturn    633.6
2026-04-19 17:37:54.102711 CST | [maze2d-large-v1] NormReturn         2.34539
2026-04-19 17:37:54.102736 CST | [maze2d-large-v1] L_Act             18.5443
2026-04-19 17:37:54.102761 CST | [maze2d-large-v1] L_Crit             0.0233734
2026-04-19 17:37:54.102785 CST | [maze2d-large-v1] Weight             0.437275
2026-04-19 17:37:54.102809 CST | [maze2d-large-v1] kl                 1
2026-04-19 17:37:54.102832 CST | [maze2d-large-v1] ---------------  -----------
2026-04-19 17:39:40.418334 CST | [maze2d-large-v1] ---------------  -----------
2026-04-19 17:39:40.418413 CST | [maze2d-large-v1] Training Epochs   52
2026-04-19 17:39:40.418455 CST | [maze2d-large-v1] AverageReturn    553.8
2026-04-19 17:39:40.418480 CST | [maze2d-large-v1] NormReturn         2.04684
2026-04-19 17:39:40.418504 CST | [maze2d-large-v1] L_Act             18.5364
2026-04-19 17:39:40.418527 CST | [maze2d-large-v1] L_Crit             0.0232015
2026-04-19 17:39:40.418550 CST | [maze2d-large-v1] Weight             0.440498
2026-04-19 17:39:40.418573 CST | [maze2d-large-v1] kl                 1
2026-04-19 17:39:40.418596 CST | [maze2d-large-v1] ---------------  -----------
2026-04-19 17:41:27.266516 CST | [maze2d-large-v1] ---------------  -----------
2026-04-19 17:41:27.266587 CST | [maze2d-large-v1] Training Epochs   53
2026-04-19 17:41:27.266616 CST | [maze2d-large-v1] AverageReturn    556.4
2026-04-19 17:41:27.266642 CST | [maze2d-large-v1] NormReturn         2.05657
2026-04-19 17:41:27.266670 CST | [maze2d-large-v1] L_Act             18.4329
2026-04-19 17:41:27.266694 CST | [maze2d-large-v1] L_Crit             0.0236649
2026-04-19 17:41:27.266719 CST | [maze2d-large-v1] Weight             0.444982
2026-04-19 17:41:27.266743 CST | [maze2d-large-v1] kl                 1
2026-04-19 17:41:27.266769 CST | [maze2d-large-v1] ---------------  -----------
2026-04-19 17:43:13.539747 CST | [maze2d-large-v1] ---------------  -----------
2026-04-19 17:43:13.539829 CST | [maze2d-large-v1] Training Epochs   54
2026-04-19 17:43:13.539855 CST | [maze2d-large-v1] AverageReturn    593.3
2026-04-19 17:43:13.539878 CST | [maze2d-large-v1] NormReturn         2.19462
2026-04-19 17:43:13.539902 CST | [maze2d-large-v1] L_Act             18.332
2026-04-19 17:43:13.539924 CST | [maze2d-large-v1] L_Crit             0.0240696
2026-04-19 17:43:13.539947 CST | [maze2d-large-v1] Weight             0.449741
2026-04-19 17:43:13.539971 CST | [maze2d-large-v1] kl                 1
2026-04-19 17:43:13.539993 CST | [maze2d-large-v1] ---------------  -----------
2026-04-19 17:45:00.027615 CST | [maze2d-large-v1] ---------------  -----------
2026-04-19 17:45:00.027717 CST | [maze2d-large-v1] Training Epochs   55
2026-04-19 17:45:00.027745 CST | [maze2d-large-v1] AverageReturn    576.2
2026-04-19 17:45:00.027774 CST | [maze2d-large-v1] NormReturn         2.13064
2026-04-19 17:45:00.027797 CST | [maze2d-large-v1] L_Act             18.3476
2026-04-19 17:45:00.027821 CST | [maze2d-large-v1] L_Crit             0.0241101
2026-04-19 17:45:00.027845 CST | [maze2d-large-v1] Weight             0.448408
2026-04-19 17:45:00.027868 CST | [maze2d-large-v1] kl                 1
2026-04-19 17:45:00.027892 CST | [maze2d-large-v1] ---------------  -----------
2026-04-19 17:46:46.281543 CST | [maze2d-large-v1] ---------------  -----------
2026-04-19 17:46:46.281619 CST | [maze2d-large-v1] Training Epochs   56
2026-04-19 17:46:46.281662 CST | [maze2d-large-v1] AverageReturn    614.7
2026-04-19 17:46:46.281687 CST | [maze2d-large-v1] NormReturn         2.27468
2026-04-19 17:46:46.281710 CST | [maze2d-large-v1] L_Act             18.0704
2026-04-19 17:46:46.281733 CST | [maze2d-large-v1] L_Crit             0.0227736
2026-04-19 17:46:46.281758 CST | [maze2d-large-v1] Weight             0.452968
2026-04-19 17:46:46.281781 CST | [maze2d-large-v1] kl                 1
2026-04-19 17:46:46.281804 CST | [maze2d-large-v1] ---------------  -----------
2026-04-19 17:48:32.403613 CST | [maze2d-large-v1] ---------------  -----------
2026-04-19 17:48:32.403690 CST | [maze2d-large-v1] Training Epochs   57
2026-04-19 17:48:32.403716 CST | [maze2d-large-v1] AverageReturn    541.8
2026-04-19 17:48:32.403739 CST | [maze2d-large-v1] NormReturn         2.00195
2026-04-19 17:48:32.403763 CST | [maze2d-large-v1] L_Act             17.6984
2026-04-19 17:48:32.403785 CST | [maze2d-large-v1] L_Crit             0.0223507
2026-04-19 17:48:32.403808 CST | [maze2d-large-v1] Weight             0.453707
2026-04-19 17:48:32.403832 CST | [maze2d-large-v1] kl                 1
2026-04-19 17:48:32.403854 CST | [maze2d-large-v1] ---------------  -----------
2026-04-19 17:50:18.813385 CST | [maze2d-large-v1] ---------------  -----------
2026-04-19 17:50:18.813463 CST | [maze2d-large-v1] Training Epochs   58
2026-04-19 17:50:18.813491 CST | [maze2d-large-v1] AverageReturn    598.8
2026-04-19 17:50:18.813517 CST | [maze2d-large-v1] NormReturn         2.2152
2026-04-19 17:50:18.813541 CST | [maze2d-large-v1] L_Act             17.4702
2026-04-19 17:50:18.813565 CST | [maze2d-large-v1] L_Crit             0.0223265
2026-04-19 17:50:18.813588 CST | [maze2d-large-v1] Weight             0.454902
2026-04-19 17:50:18.813612 CST | [maze2d-large-v1] kl                 1
2026-04-19 17:50:18.813636 CST | [maze2d-large-v1] ---------------  -----------
2026-04-19 17:52:05.621235 CST | [maze2d-large-v1] ---------------  ----------
2026-04-19 17:52:05.621315 CST | [maze2d-large-v1] Training Epochs   59
2026-04-19 17:52:05.621343 CST | [maze2d-large-v1] AverageReturn    565.7
2026-04-19 17:52:05.621375 CST | [maze2d-large-v1] NormReturn         2.09136
2026-04-19 17:52:05.621399 CST | [maze2d-large-v1] L_Act             17.4223
2026-04-19 17:52:05.621422 CST | [maze2d-large-v1] L_Crit             0.022133
2026-04-19 17:52:05.621444 CST | [maze2d-large-v1] Weight             0.453906
2026-04-19 17:52:05.621466 CST | [maze2d-large-v1] kl                 1
2026-04-19 17:52:05.621488 CST | [maze2d-large-v1] ---------------  ----------
2026-04-19 17:53:52.408721 CST | [maze2d-large-v1] ---------------  -----------
2026-04-19 17:53:52.408839 CST | [maze2d-large-v1] Training Epochs   60
2026-04-19 17:53:52.408867 CST | [maze2d-large-v1] AverageReturn    618.7
2026-04-19 17:53:52.408892 CST | [maze2d-large-v1] NormReturn         2.28965
2026-04-19 17:53:52.408916 CST | [maze2d-large-v1] L_Act             17.1568
2026-04-19 17:53:52.408939 CST | [maze2d-large-v1] L_Crit             0.0212709
2026-04-19 17:53:52.408963 CST | [maze2d-large-v1] Weight             0.459114
2026-04-19 17:53:52.408986 CST | [maze2d-large-v1] kl                 1
2026-04-19 17:53:52.409010 CST | [maze2d-large-v1] ---------------  -----------
2026-04-19 17:55:38.364166 CST | [maze2d-large-v1] ---------------  -----------
2026-04-19 17:55:38.364232 CST | [maze2d-large-v1] Training Epochs   61
2026-04-19 17:55:38.364260 CST | [maze2d-large-v1] AverageReturn    547.3
2026-04-19 17:55:38.364284 CST | [maze2d-large-v1] NormReturn         2.02252
2026-04-19 17:55:38.364306 CST | [maze2d-large-v1] L_Act             16.8375
2026-04-19 17:55:38.364329 CST | [maze2d-large-v1] L_Crit             0.0206055
2026-04-19 17:55:38.364351 CST | [maze2d-large-v1] Weight             0.460626
2026-04-19 17:55:38.364374 CST | [maze2d-large-v1] kl                 1
2026-04-19 17:55:38.364396 CST | [maze2d-large-v1] ---------------  -----------
2026-04-19 17:57:24.644614 CST | [maze2d-large-v1] ---------------  -----------
2026-04-19 17:57:24.644697 CST | [maze2d-large-v1] Training Epochs   62
2026-04-19 17:57:24.644725 CST | [maze2d-large-v1] AverageReturn    541.6
2026-04-19 17:57:24.644766 CST | [maze2d-large-v1] NormReturn         2.0012
2026-04-19 17:57:24.644792 CST | [maze2d-large-v1] L_Act             16.802
2026-04-19 17:57:24.644816 CST | [maze2d-large-v1] L_Crit             0.0216904
2026-04-19 17:57:24.644841 CST | [maze2d-large-v1] Weight             0.461352
2026-04-19 17:57:24.644864 CST | [maze2d-large-v1] kl                 1
2026-04-19 17:57:24.644888 CST | [maze2d-large-v1] ---------------  -----------
2026-04-19 17:59:10.751500 CST | [maze2d-large-v1] ---------------  -----------
2026-04-19 17:59:10.751577 CST | [maze2d-large-v1] Training Epochs   63
2026-04-19 17:59:10.751603 CST | [maze2d-large-v1] AverageReturn    577.9
2026-04-19 17:59:10.751627 CST | [maze2d-large-v1] NormReturn         2.137
2026-04-19 17:59:10.751650 CST | [maze2d-large-v1] L_Act             16.8046
2026-04-19 17:59:10.751673 CST | [maze2d-large-v1] L_Crit             0.0224188
2026-04-19 17:59:10.751696 CST | [maze2d-large-v1] Weight             0.46033
2026-04-19 17:59:10.751719 CST | [maze2d-large-v1] kl                 1
2026-04-19 17:59:10.751744 CST | [maze2d-large-v1] ---------------  -----------
2026-04-19 18:00:57.055233 CST | [maze2d-large-v1] ---------------  -----------
2026-04-19 18:00:57.055312 CST | [maze2d-large-v1] Training Epochs   64
2026-04-19 18:00:57.055346 CST | [maze2d-large-v1] AverageReturn    546.1
2026-04-19 18:00:57.055371 CST | [maze2d-large-v1] NormReturn         2.01803
2026-04-19 18:00:57.055399 CST | [maze2d-large-v1] L_Act             16.7154
2026-04-19 18:00:57.055422 CST | [maze2d-large-v1] L_Crit             0.0224631
2026-04-19 18:00:57.055445 CST | [maze2d-large-v1] Weight             0.466563
2026-04-19 18:00:57.055467 CST | [maze2d-large-v1] kl                 1
2026-04-19 18:00:57.055489 CST | [maze2d-large-v1] ---------------  -----------
2026-04-19 18:02:43.672601 CST | [maze2d-large-v1] ---------------  -----------
2026-04-19 18:02:43.672685 CST | [maze2d-large-v1] Training Epochs   65
2026-04-19 18:02:43.672716 CST | [maze2d-large-v1] AverageReturn    513.9
2026-04-19 18:02:43.672741 CST | [maze2d-large-v1] NormReturn         1.89756
2026-04-19 18:02:43.672773 CST | [maze2d-large-v1] L_Act             16.1093
2026-04-19 18:02:43.672797 CST | [maze2d-large-v1] L_Crit             0.0212507
2026-04-19 18:02:43.672822 CST | [maze2d-large-v1] Weight             0.480327
2026-04-19 18:02:43.672846 CST | [maze2d-large-v1] kl                 1
2026-04-19 18:02:43.672869 CST | [maze2d-large-v1] ---------------  -----------
2026-04-19 18:04:29.741891 CST | [maze2d-large-v1] ---------------  -----------
2026-04-19 18:04:29.741975 CST | [maze2d-large-v1] Training Epochs   66
2026-04-19 18:04:29.742002 CST | [maze2d-large-v1] AverageReturn    659
2026-04-19 18:04:29.742041 CST | [maze2d-large-v1] NormReturn         2.44042
2026-04-19 18:04:29.742064 CST | [maze2d-large-v1] L_Act             15.3671
2026-04-19 18:04:29.742086 CST | [maze2d-large-v1] L_Crit             0.0201767
2026-04-19 18:04:29.742108 CST | [maze2d-large-v1] Weight             0.488546
2026-04-19 18:04:29.742131 CST | [maze2d-large-v1] kl                 1
2026-04-19 18:04:29.742153 CST | [maze2d-large-v1] ---------------  -----------
2026-04-19 18:06:16.177141 CST | [maze2d-large-v1] ---------------  -----------
2026-04-19 18:06:16.177221 CST | [maze2d-large-v1] Training Epochs   67
2026-04-19 18:06:16.177250 CST | [maze2d-large-v1] AverageReturn    562.2
2026-04-19 18:06:16.177276 CST | [maze2d-large-v1] NormReturn         2.07827
2026-04-19 18:06:16.177301 CST | [maze2d-large-v1] L_Act             15.1555
2026-04-19 18:06:16.177324 CST | [maze2d-large-v1] L_Crit             0.0219088
2026-04-19 18:06:16.177348 CST | [maze2d-large-v1] Weight             0.48623
2026-04-19 18:06:16.177371 CST | [maze2d-large-v1] kl                 1
2026-04-19 18:06:16.177395 CST | [maze2d-large-v1] ---------------  -----------
2026-04-19 18:08:02.527328 CST | [maze2d-large-v1] ---------------  -----------
2026-04-19 18:08:02.527393 CST | [maze2d-large-v1] Training Epochs   68
2026-04-19 18:08:02.527421 CST | [maze2d-large-v1] AverageReturn    611.3
2026-04-19 18:08:02.527444 CST | [maze2d-large-v1] NormReturn         2.26196
2026-04-19 18:08:02.527468 CST | [maze2d-large-v1] L_Act             15.2678
2026-04-19 18:08:02.527491 CST | [maze2d-large-v1] L_Crit             0.0222881
2026-04-19 18:08:02.527513 CST | [maze2d-large-v1] Weight             0.488058
2026-04-19 18:08:02.527547 CST | [maze2d-large-v1] kl                 1
2026-04-19 18:08:02.527570 CST | [maze2d-large-v1] ---------------  -----------
2026-04-19 18:09:49.078737 CST | [maze2d-large-v1] ---------------  -----------
2026-04-19 18:09:49.078818 CST | [maze2d-large-v1] Training Epochs   69
2026-04-19 18:09:49.078846 CST | [maze2d-large-v1] AverageReturn    521.8
2026-04-19 18:09:49.078870 CST | [maze2d-large-v1] NormReturn         1.92712
2026-04-19 18:09:49.078894 CST | [maze2d-large-v1] L_Act             15.2819
2026-04-19 18:09:49.078918 CST | [maze2d-large-v1] L_Crit             0.0214511
2026-04-19 18:09:49.078942 CST | [maze2d-large-v1] Weight             0.483552
2026-04-19 18:09:49.078965 CST | [maze2d-large-v1] kl                 1
2026-04-19 18:09:49.078988 CST | [maze2d-large-v1] ---------------  -----------
2026-04-19 18:11:35.234746 CST | [maze2d-large-v1] ---------------  ----------
2026-04-19 18:11:35.234822 CST | [maze2d-large-v1] Training Epochs   70
2026-04-19 18:11:35.234861 CST | [maze2d-large-v1] AverageReturn    605.1
2026-04-19 18:11:35.234885 CST | [maze2d-large-v1] NormReturn         2.23877
2026-04-19 18:11:35.234908 CST | [maze2d-large-v1] L_Act             15.2365
2026-04-19 18:11:35.234931 CST | [maze2d-large-v1] L_Crit             0.020625
2026-04-19 18:11:35.234954 CST | [maze2d-large-v1] Weight             0.483211
2026-04-19 18:11:35.234978 CST | [maze2d-large-v1] kl                 1
2026-04-19 18:11:35.235001 CST | [maze2d-large-v1] ---------------  ----------
2026-04-19 18:13:24.644404 CST | [maze2d-large-v1] ---------------  -----------
2026-04-19 18:13:24.644501 CST | [maze2d-large-v1] Training Epochs   71
2026-04-19 18:13:24.644530 CST | [maze2d-large-v1] AverageReturn    609.9
2026-04-19 18:13:24.644556 CST | [maze2d-large-v1] NormReturn         2.25672
2026-04-19 18:13:24.644580 CST | [maze2d-large-v1] L_Act             15.1047
2026-04-19 18:13:24.644604 CST | [maze2d-large-v1] L_Crit             0.0204214
2026-04-19 18:13:24.644628 CST | [maze2d-large-v1] Weight             0.489341
2026-04-19 18:13:24.644651 CST | [maze2d-large-v1] kl                 1
2026-04-19 18:13:24.644675 CST | [maze2d-large-v1] ---------------  -----------
2026-04-19 18:15:11.402360 CST | [maze2d-large-v1] ---------------  -----------
2026-04-19 18:15:11.402441 CST | [maze2d-large-v1] Training Epochs   72
2026-04-19 18:15:11.402492 CST | [maze2d-large-v1] AverageReturn    584.6
2026-04-19 18:15:11.402518 CST | [maze2d-large-v1] NormReturn         2.16207
2026-04-19 18:15:11.402541 CST | [maze2d-large-v1] L_Act             15.0323
2026-04-19 18:15:11.402564 CST | [maze2d-large-v1] L_Crit             0.0210993
2026-04-19 18:15:11.402587 CST | [maze2d-large-v1] Weight             0.488785
2026-04-19 18:15:11.402609 CST | [maze2d-large-v1] kl                 1
2026-04-19 18:15:11.402632 CST | [maze2d-large-v1] ---------------  -----------
2026-04-19 18:16:58.292170 CST | [maze2d-large-v1] ---------------  -----------
2026-04-19 18:16:58.292255 CST | [maze2d-large-v1] Training Epochs   73
2026-04-19 18:16:58.292297 CST | [maze2d-large-v1] AverageReturn    574.8
2026-04-19 18:16:58.292322 CST | [maze2d-large-v1] NormReturn         2.12541
2026-04-19 18:16:58.292345 CST | [maze2d-large-v1] L_Act             14.9946
2026-04-19 18:16:58.292369 CST | [maze2d-large-v1] L_Crit             0.0203598
2026-04-19 18:16:58.292394 CST | [maze2d-large-v1] Weight             0.489808
2026-04-19 18:16:58.292417 CST | [maze2d-large-v1] kl                 1
2026-04-19 18:16:58.292441 CST | [maze2d-large-v1] ---------------  -----------
2026-04-19 18:18:44.225628 CST | [maze2d-large-v1] ---------------  -----------
2026-04-19 18:18:44.225711 CST | [maze2d-large-v1] Training Epochs   74
2026-04-19 18:18:44.225744 CST | [maze2d-large-v1] AverageReturn    621.5
2026-04-19 18:18:44.225769 CST | [maze2d-large-v1] NormReturn         2.30012
2026-04-19 18:18:44.225792 CST | [maze2d-large-v1] L_Act             14.9139
2026-04-19 18:18:44.225816 CST | [maze2d-large-v1] L_Crit             0.0204026
2026-04-19 18:18:44.225840 CST | [maze2d-large-v1] Weight             0.491603
2026-04-19 18:18:44.225863 CST | [maze2d-large-v1] kl                 1
2026-04-19 18:18:44.225886 CST | [maze2d-large-v1] ---------------  -----------
2026-04-19 18:20:30.390027 CST | [maze2d-large-v1] ---------------  -----------
2026-04-19 18:20:30.390109 CST | [maze2d-large-v1] Training Epochs   75
2026-04-19 18:20:30.390147 CST | [maze2d-large-v1] AverageReturn    574.5
2026-04-19 18:20:30.390176 CST | [maze2d-large-v1] NormReturn         2.12428
2026-04-19 18:20:30.390200 CST | [maze2d-large-v1] L_Act             14.8628
2026-04-19 18:20:30.390225 CST | [maze2d-large-v1] L_Crit             0.0204046
2026-04-19 18:20:30.390248 CST | [maze2d-large-v1] Weight             0.487069
2026-04-19 18:20:30.390272 CST | [maze2d-large-v1] kl                 1
2026-04-19 18:20:30.390295 CST | [maze2d-large-v1] ---------------  -----------
2026-04-19 18:22:17.208914 CST | [maze2d-large-v1] ---------------  -----------
2026-04-19 18:22:17.208982 CST | [maze2d-large-v1] Training Epochs   76
2026-04-19 18:22:17.209009 CST | [maze2d-large-v1] AverageReturn    500.9
2026-04-19 18:22:17.209032 CST | [maze2d-large-v1] NormReturn         1.84893
2026-04-19 18:22:17.209055 CST | [maze2d-large-v1] L_Act             14.8487
2026-04-19 18:22:17.209078 CST | [maze2d-large-v1] L_Crit             0.0199746
2026-04-19 18:22:17.209100 CST | [maze2d-large-v1] Weight             0.489178
2026-04-19 18:22:17.209123 CST | [maze2d-large-v1] kl                 1
2026-04-19 18:22:17.209145 CST | [maze2d-large-v1] ---------------  -----------
2026-04-19 18:24:03.659882 CST | [maze2d-large-v1] ---------------  ----------
2026-04-19 18:24:03.659962 CST | [maze2d-large-v1] Training Epochs   77
2026-04-19 18:24:03.659991 CST | [maze2d-large-v1] AverageReturn    562.2
2026-04-19 18:24:03.660016 CST | [maze2d-large-v1] NormReturn         2.07827
2026-04-19 18:24:03.660056 CST | [maze2d-large-v1] L_Act             14.8202
2026-04-19 18:24:03.660078 CST | [maze2d-large-v1] L_Crit             0.020385
2026-04-19 18:24:03.660101 CST | [maze2d-large-v1] Weight             0.49344
2026-04-19 18:24:03.660124 CST | [maze2d-large-v1] kl                 1
2026-04-19 18:24:03.660149 CST | [maze2d-large-v1] ---------------  ----------
2026-04-19 18:25:50.203791 CST | [maze2d-large-v1] ---------------  -----------
2026-04-19 18:25:50.203869 CST | [maze2d-large-v1] Training Epochs   78
2026-04-19 18:25:50.203896 CST | [maze2d-large-v1] AverageReturn    596.5
2026-04-19 18:25:50.203922 CST | [maze2d-large-v1] NormReturn         2.20659
2026-04-19 18:25:50.203946 CST | [maze2d-large-v1] L_Act             14.854
2026-04-19 18:25:50.203970 CST | [maze2d-large-v1] L_Crit             0.0209846
2026-04-19 18:25:50.203994 CST | [maze2d-large-v1] Weight             0.493661
2026-04-19 18:25:50.204017 CST | [maze2d-large-v1] kl                 1
2026-04-19 18:25:50.204040 CST | [maze2d-large-v1] ---------------  -----------
2026-04-19 18:27:36.800774 CST | [maze2d-large-v1] ---------------  -----------
2026-04-19 18:27:36.800857 CST | [maze2d-large-v1] Training Epochs   79
2026-04-19 18:27:36.800886 CST | [maze2d-large-v1] AverageReturn    570.8
2026-04-19 18:27:36.800911 CST | [maze2d-large-v1] NormReturn         2.11044
2026-04-19 18:27:36.800936 CST | [maze2d-large-v1] L_Act             14.8163
2026-04-19 18:27:36.800959 CST | [maze2d-large-v1] L_Crit             0.0204343
2026-04-19 18:27:36.800982 CST | [maze2d-large-v1] Weight             0.495028
2026-04-19 18:27:36.801006 CST | [maze2d-large-v1] kl                 1
2026-04-19 18:27:36.801029 CST | [maze2d-large-v1] ---------------  -----------
2026-04-19 18:29:23.579360 CST | [maze2d-large-v1] ---------------  -----------
2026-04-19 18:29:23.579440 CST | [maze2d-large-v1] Training Epochs   80
2026-04-19 18:29:23.579469 CST | [maze2d-large-v1] AverageReturn    579.2
2026-04-19 18:29:23.579494 CST | [maze2d-large-v1] NormReturn         2.14187
2026-04-19 18:29:23.579518 CST | [maze2d-large-v1] L_Act             14.7408
2026-04-19 18:29:23.579542 CST | [maze2d-large-v1] L_Crit             0.0200469
2026-04-19 18:29:23.579566 CST | [maze2d-large-v1] Weight             0.497457
2026-04-19 18:29:23.579590 CST | [maze2d-large-v1] kl                 1
2026-04-19 18:29:23.579612 CST | [maze2d-large-v1] ---------------  -----------
2026-04-19 18:31:10.497300 CST | [maze2d-large-v1] ---------------  -----------
2026-04-19 18:31:10.497388 CST | [maze2d-large-v1] Training Epochs   81
2026-04-19 18:31:10.497435 CST | [maze2d-large-v1] AverageReturn    569.9
2026-04-19 18:31:10.497460 CST | [maze2d-large-v1] NormReturn         2.10707
2026-04-19 18:31:10.497484 CST | [maze2d-large-v1] L_Act             14.725
2026-04-19 18:31:10.497508 CST | [maze2d-large-v1] L_Crit             0.0204095
2026-04-19 18:31:10.497535 CST | [maze2d-large-v1] Weight             0.493776
2026-04-19 18:31:10.497557 CST | [maze2d-large-v1] kl                 1
2026-04-19 18:31:10.497579 CST | [maze2d-large-v1] ---------------  -----------
2026-04-19 18:32:56.899313 CST | [maze2d-large-v1] ---------------  -----------
2026-04-19 18:32:56.899396 CST | [maze2d-large-v1] Training Epochs   82
2026-04-19 18:32:56.899426 CST | [maze2d-large-v1] AverageReturn    542.9
2026-04-19 18:32:56.899450 CST | [maze2d-large-v1] NormReturn         2.00606
2026-04-19 18:32:56.899474 CST | [maze2d-large-v1] L_Act             14.8162
2026-04-19 18:32:56.899497 CST | [maze2d-large-v1] L_Crit             0.0210398
2026-04-19 18:32:56.899521 CST | [maze2d-large-v1] Weight             0.492472
2026-04-19 18:32:56.899544 CST | [maze2d-large-v1] kl                 1
2026-04-19 18:32:56.899567 CST | [maze2d-large-v1] ---------------  -----------
2026-04-19 18:34:43.755391 CST | [maze2d-large-v1] ---------------  -----------
2026-04-19 18:34:43.755510 CST | [maze2d-large-v1] Training Epochs   83
2026-04-19 18:34:43.755538 CST | [maze2d-large-v1] AverageReturn    569.7
2026-04-19 18:34:43.755562 CST | [maze2d-large-v1] NormReturn         2.10633
2026-04-19 18:34:43.755584 CST | [maze2d-large-v1] L_Act             14.9448
2026-04-19 18:34:43.755607 CST | [maze2d-large-v1] L_Crit             0.0207776
2026-04-19 18:34:43.755629 CST | [maze2d-large-v1] Weight             0.491748
2026-04-19 18:34:43.755651 CST | [maze2d-large-v1] kl                 1
2026-04-19 18:34:43.755673 CST | [maze2d-large-v1] ---------------  -----------
2026-04-19 18:36:30.197622 CST | [maze2d-large-v1] ---------------  ----------
2026-04-19 18:36:30.197698 CST | [maze2d-large-v1] Training Epochs   84
2026-04-19 18:36:30.197726 CST | [maze2d-large-v1] AverageReturn    543.2
2026-04-19 18:36:30.197752 CST | [maze2d-large-v1] NormReturn         2.00718
2026-04-19 18:36:30.197776 CST | [maze2d-large-v1] L_Act             14.9897
2026-04-19 18:36:30.197799 CST | [maze2d-large-v1] L_Crit             0.020643
2026-04-19 18:36:30.197831 CST | [maze2d-large-v1] Weight             0.491161
2026-04-19 18:36:30.197855 CST | [maze2d-large-v1] kl                 1
2026-04-19 18:36:30.197877 CST | [maze2d-large-v1] ---------------  ----------
2026-04-19 18:38:16.700748 CST | [maze2d-large-v1] ---------------  -----------
2026-04-19 18:38:16.700834 CST | [maze2d-large-v1] Training Epochs   85
2026-04-19 18:38:16.700865 CST | [maze2d-large-v1] AverageReturn    604.7
2026-04-19 18:38:16.700889 CST | [maze2d-large-v1] NormReturn         2.23727
2026-04-19 18:38:16.700918 CST | [maze2d-large-v1] L_Act             14.9689
2026-04-19 18:38:16.700942 CST | [maze2d-large-v1] L_Crit             0.0202984
2026-04-19 18:38:16.700966 CST | [maze2d-large-v1] Weight             0.491532
2026-04-19 18:38:16.700990 CST | [maze2d-large-v1] kl                 1
2026-04-19 18:38:16.701012 CST | [maze2d-large-v1] ---------------  -----------
2026-04-19 18:40:02.926462 CST | [maze2d-large-v1] ---------------  -----------
2026-04-19 18:40:02.926543 CST | [maze2d-large-v1] Training Epochs   86
2026-04-19 18:40:02.926579 CST | [maze2d-large-v1] AverageReturn    641.3
2026-04-19 18:40:02.926602 CST | [maze2d-large-v1] NormReturn         2.3742
2026-04-19 18:40:02.926625 CST | [maze2d-large-v1] L_Act             14.8929
2026-04-19 18:40:02.926647 CST | [maze2d-large-v1] L_Crit             0.0199841
2026-04-19 18:40:02.926674 CST | [maze2d-large-v1] Weight             0.493311
2026-04-19 18:40:02.926697 CST | [maze2d-large-v1] kl                 1
2026-04-19 18:40:02.926719 CST | [maze2d-large-v1] ---------------  -----------
2026-04-19 18:41:49.429222 CST | [maze2d-large-v1] ---------------  -----------
2026-04-19 18:41:49.429300 CST | [maze2d-large-v1] Training Epochs   87
2026-04-19 18:41:49.429327 CST | [maze2d-large-v1] AverageReturn    583.2
2026-04-19 18:41:49.429351 CST | [maze2d-large-v1] NormReturn         2.15683
2026-04-19 18:41:49.429374 CST | [maze2d-large-v1] L_Act             14.9042
2026-04-19 18:41:49.429396 CST | [maze2d-large-v1] L_Crit             0.0198944
2026-04-19 18:41:49.429419 CST | [maze2d-large-v1] Weight             0.487744
2026-04-19 18:41:49.429441 CST | [maze2d-large-v1] kl                 1
2026-04-19 18:41:49.429464 CST | [maze2d-large-v1] ---------------  -----------
2026-04-19 18:43:35.790480 CST | [maze2d-large-v1] ---------------  -----------
2026-04-19 18:43:35.790561 CST | [maze2d-large-v1] Training Epochs   88
2026-04-19 18:43:35.790609 CST | [maze2d-large-v1] AverageReturn    579.7
2026-04-19 18:43:35.790633 CST | [maze2d-large-v1] NormReturn         2.14374
2026-04-19 18:43:35.790655 CST | [maze2d-large-v1] L_Act             14.928
2026-04-19 18:43:35.790677 CST | [maze2d-large-v1] L_Crit             0.0201779
2026-04-19 18:43:35.790704 CST | [maze2d-large-v1] Weight             0.488683
2026-04-19 18:43:35.790726 CST | [maze2d-large-v1] kl                 1
2026-04-19 18:43:35.790753 CST | [maze2d-large-v1] ---------------  -----------
2026-04-19 18:45:22.431590 CST | [maze2d-large-v1] ---------------  -----------
2026-04-19 18:45:22.431672 CST | [maze2d-large-v1] Training Epochs   89
2026-04-19 18:45:22.431713 CST | [maze2d-large-v1] AverageReturn    497.2
2026-04-19 18:45:22.431738 CST | [maze2d-large-v1] NormReturn         1.83509
2026-04-19 18:45:22.431761 CST | [maze2d-large-v1] L_Act             14.9557
2026-04-19 18:45:22.431785 CST | [maze2d-large-v1] L_Crit             0.0200554
2026-04-19 18:45:22.431808 CST | [maze2d-large-v1] Weight             0.486219
2026-04-19 18:45:22.431832 CST | [maze2d-large-v1] kl                 1
2026-04-19 18:45:22.431855 CST | [maze2d-large-v1] ---------------  -----------
2026-04-19 18:47:09.194268 CST | [maze2d-large-v1] ---------------  -----------
2026-04-19 18:47:09.194348 CST | [maze2d-large-v1] Training Epochs   90
2026-04-19 18:47:09.194375 CST | [maze2d-large-v1] AverageReturn    554.6
2026-04-19 18:47:09.194401 CST | [maze2d-large-v1] NormReturn         2.04983
2026-04-19 18:47:09.194426 CST | [maze2d-large-v1] L_Act             14.9432
2026-04-19 18:47:09.194450 CST | [maze2d-large-v1] L_Crit             0.0201132
2026-04-19 18:47:09.194474 CST | [maze2d-large-v1] Weight             0.488268
2026-04-19 18:47:09.194498 CST | [maze2d-large-v1] kl                 1
2026-04-19 18:47:09.194522 CST | [maze2d-large-v1] ---------------  -----------
2026-04-19 18:48:55.507022 CST | [maze2d-large-v1] ---------------  -----------
2026-04-19 18:48:55.507092 CST | [maze2d-large-v1] Training Epochs   91
2026-04-19 18:48:55.507127 CST | [maze2d-large-v1] AverageReturn    548.2
2026-04-19 18:48:55.507152 CST | [maze2d-large-v1] NormReturn         2.02589
2026-04-19 18:48:55.507176 CST | [maze2d-large-v1] L_Act             14.7977
2026-04-19 18:48:55.507200 CST | [maze2d-large-v1] L_Crit             0.0199392
2026-04-19 18:48:55.507224 CST | [maze2d-large-v1] Weight             0.492134
2026-04-19 18:48:55.507248 CST | [maze2d-large-v1] kl                 1
2026-04-19 18:48:55.507272 CST | [maze2d-large-v1] ---------------  -----------
2026-04-19 18:50:42.338165 CST | [maze2d-large-v1] ---------------  -----------
2026-04-19 18:50:42.338240 CST | [maze2d-large-v1] Training Epochs   92
2026-04-19 18:50:42.338268 CST | [maze2d-large-v1] AverageReturn    614.7
2026-04-19 18:50:42.338294 CST | [maze2d-large-v1] NormReturn         2.27468
2026-04-19 18:50:42.338318 CST | [maze2d-large-v1] L_Act             14.6037
2026-04-19 18:50:42.338341 CST | [maze2d-large-v1] L_Crit             0.0190182
2026-04-19 18:50:42.338364 CST | [maze2d-large-v1] Weight             0.489704
2026-04-19 18:50:42.338388 CST | [maze2d-large-v1] kl                 1
2026-04-19 18:50:42.338412 CST | [maze2d-large-v1] ---------------  -----------
2026-04-19 18:52:28.931556 CST | [maze2d-large-v1] ---------------  -----------
2026-04-19 18:52:28.931642 CST | [maze2d-large-v1] Training Epochs   93
2026-04-19 18:52:28.931681 CST | [maze2d-large-v1] AverageReturn    574.6
2026-04-19 18:52:28.931706 CST | [maze2d-large-v1] NormReturn         2.12466
2026-04-19 18:52:28.931730 CST | [maze2d-large-v1] L_Act             14.4438
2026-04-19 18:52:28.931753 CST | [maze2d-large-v1] L_Crit             0.0192136
2026-04-19 18:52:28.931776 CST | [maze2d-large-v1] Weight             0.495522
2026-04-19 18:52:28.931799 CST | [maze2d-large-v1] kl                 1
2026-04-19 18:52:28.931822 CST | [maze2d-large-v1] ---------------  -----------
2026-04-19 18:54:15.080277 CST | [maze2d-large-v1] ---------------  -----------
2026-04-19 18:54:15.080361 CST | [maze2d-large-v1] Training Epochs   94
2026-04-19 18:54:15.080389 CST | [maze2d-large-v1] AverageReturn    647.6
2026-04-19 18:54:15.080412 CST | [maze2d-large-v1] NormReturn         2.39777
2026-04-19 18:54:15.080436 CST | [maze2d-large-v1] L_Act             14.4129
2026-04-19 18:54:15.080464 CST | [maze2d-large-v1] L_Crit             0.0195775
2026-04-19 18:54:15.080486 CST | [maze2d-large-v1] Weight             0.496165
2026-04-19 18:54:15.080510 CST | [maze2d-large-v1] kl                 1
2026-04-19 18:54:15.080537 CST | [maze2d-large-v1] ---------------  -----------
2026-04-19 18:56:01.119805 CST | [maze2d-large-v1] ---------------  -----------
2026-04-19 18:56:01.119889 CST | [maze2d-large-v1] Training Epochs   95
2026-04-19 18:56:01.119928 CST | [maze2d-large-v1] AverageReturn    538.1
2026-04-19 18:56:01.119955 CST | [maze2d-large-v1] NormReturn         1.9881
2026-04-19 18:56:01.119979 CST | [maze2d-large-v1] L_Act             14.4728
2026-04-19 18:56:01.120003 CST | [maze2d-large-v1] L_Crit             0.0198027
2026-04-19 18:56:01.120026 CST | [maze2d-large-v1] Weight             0.496139
2026-04-19 18:56:01.120050 CST | [maze2d-large-v1] kl                 1
2026-04-19 18:56:01.120074 CST | [maze2d-large-v1] ---------------  -----------
2026-04-19 18:57:47.549896 CST | [maze2d-large-v1] ---------------  -----------
2026-04-19 18:57:47.549976 CST | [maze2d-large-v1] Training Epochs   96
2026-04-19 18:57:47.550004 CST | [maze2d-large-v1] AverageReturn    585.7
2026-04-19 18:57:47.550028 CST | [maze2d-large-v1] NormReturn         2.16619
2026-04-19 18:57:47.550052 CST | [maze2d-large-v1] L_Act             14.4702
2026-04-19 18:57:47.550076 CST | [maze2d-large-v1] L_Crit             0.0194505
2026-04-19 18:57:47.550099 CST | [maze2d-large-v1] Weight             0.492459
2026-04-19 18:57:47.550121 CST | [maze2d-large-v1] kl                 1
2026-04-19 18:57:47.550143 CST | [maze2d-large-v1] ---------------  -----------
2026-04-19 18:59:34.056438 CST | [maze2d-large-v1] ---------------  -----------
2026-04-19 18:59:34.056525 CST | [maze2d-large-v1] Training Epochs   97
2026-04-19 18:59:34.056554 CST | [maze2d-large-v1] AverageReturn    583.9
2026-04-19 18:59:34.056578 CST | [maze2d-large-v1] NormReturn         2.15945
2026-04-19 18:59:34.056601 CST | [maze2d-large-v1] L_Act             14.3431
2026-04-19 18:59:34.056623 CST | [maze2d-large-v1] L_Crit             0.0190132
2026-04-19 18:59:34.056646 CST | [maze2d-large-v1] Weight             0.495007
2026-04-19 18:59:34.056668 CST | [maze2d-large-v1] kl                 1
2026-04-19 18:59:34.056691 CST | [maze2d-large-v1] ---------------  -----------
2026-04-19 19:01:20.099850 CST | [maze2d-large-v1] ---------------  -----------
2026-04-19 19:01:20.099929 CST | [maze2d-large-v1] Training Epochs   98
2026-04-19 19:01:20.099957 CST | [maze2d-large-v1] AverageReturn    508.2
2026-04-19 19:01:20.099981 CST | [maze2d-large-v1] NormReturn         1.87624
2026-04-19 19:01:20.100005 CST | [maze2d-large-v1] L_Act             14.1174
2026-04-19 19:01:20.100028 CST | [maze2d-large-v1] L_Crit             0.0189958
2026-04-19 19:01:20.100052 CST | [maze2d-large-v1] Weight             0.500336
2026-04-19 19:01:20.100075 CST | [maze2d-large-v1] kl                 1
2026-04-19 19:01:20.100098 CST | [maze2d-large-v1] ---------------  -----------
2026-04-19 19:03:06.989996 CST | [maze2d-large-v1] ---------------  -----------
2026-04-19 19:03:06.990067 CST | [maze2d-large-v1] Training Epochs   99
2026-04-19 19:03:06.990114 CST | [maze2d-large-v1] AverageReturn    625.3
2026-04-19 19:03:06.990142 CST | [maze2d-large-v1] NormReturn         2.31434
2026-04-19 19:03:06.990164 CST | [maze2d-large-v1] L_Act             13.9873
2026-04-19 19:03:06.990186 CST | [maze2d-large-v1] L_Crit             0.0193832
2026-04-19 19:03:06.990210 CST | [maze2d-large-v1] Weight             0.504892
2026-04-19 19:03:06.990233 CST | [maze2d-large-v1] kl                 1
2026-04-19 19:03:06.990255 CST | [maze2d-large-v1] ---------------  -----------
