2026-05-11 11:03:26.466915 CST | [antmaze-large-diverse-v2] ---------------  ---------
2026-05-11 11:03:26.467036 CST | [antmaze-large-diverse-v2] Training Epochs   0
2026-05-11 11:03:26.467085 CST | [antmaze-large-diverse-v2] AverageReturn     0
2026-05-11 11:03:26.467112 CST | [antmaze-large-diverse-v2] NormReturn        0
2026-05-11 11:03:26.467138 CST | [antmaze-large-diverse-v2] L_Act            24.3465
2026-05-11 11:03:26.467163 CST | [antmaze-large-diverse-v2] L_Crit           17.8382
2026-05-11 11:03:26.467187 CST | [antmaze-large-diverse-v2] Weight            0.502703
2026-05-11 11:03:26.467212 CST | [antmaze-large-diverse-v2] kl                1
2026-05-11 11:03:26.467237 CST | [antmaze-large-diverse-v2] ---------------  ---------
2026-05-11 11:05:29.846598 CST | [antmaze-large-diverse-v2] ---------------  ---------
2026-05-11 11:05:29.846700 CST | [antmaze-large-diverse-v2] Training Epochs   1
2026-05-11 11:05:29.846733 CST | [antmaze-large-diverse-v2] AverageReturn     0
2026-05-11 11:05:29.846760 CST | [antmaze-large-diverse-v2] NormReturn        0
2026-05-11 11:05:29.846786 CST | [antmaze-large-diverse-v2] L_Act            29.3278
2026-05-11 11:05:29.846812 CST | [antmaze-large-diverse-v2] L_Crit            1.61024
2026-05-11 11:05:29.846838 CST | [antmaze-large-diverse-v2] Weight            0.491041
2026-05-11 11:05:29.846863 CST | [antmaze-large-diverse-v2] kl                1
2026-05-11 11:05:29.846888 CST | [antmaze-large-diverse-v2] ---------------  ---------
2026-05-11 11:07:33.028653 CST | [antmaze-large-diverse-v2] ---------------  ---------
2026-05-11 11:07:33.028749 CST | [antmaze-large-diverse-v2] Training Epochs   2
2026-05-11 11:07:33.028782 CST | [antmaze-large-diverse-v2] AverageReturn     0
2026-05-11 11:07:33.028810 CST | [antmaze-large-diverse-v2] NormReturn        0
2026-05-11 11:07:33.028839 CST | [antmaze-large-diverse-v2] L_Act            31.2013
2026-05-11 11:07:33.028864 CST | [antmaze-large-diverse-v2] L_Crit            1.58782
2026-05-11 11:07:33.028889 CST | [antmaze-large-diverse-v2] Weight            0.483357
2026-05-11 11:07:33.028915 CST | [antmaze-large-diverse-v2] kl                1
2026-05-11 11:07:33.028939 CST | [antmaze-large-diverse-v2] ---------------  ---------
2026-05-11 11:09:31.414051 CST | [antmaze-large-diverse-v2] ---------------  --------
2026-05-11 11:09:31.414156 CST | [antmaze-large-diverse-v2] Training Epochs   3
2026-05-11 11:09:31.414188 CST | [antmaze-large-diverse-v2] AverageReturn     0
2026-05-11 11:09:31.414216 CST | [antmaze-large-diverse-v2] NormReturn        0
2026-05-11 11:09:31.414242 CST | [antmaze-large-diverse-v2] L_Act            31.3246
2026-05-11 11:09:31.414267 CST | [antmaze-large-diverse-v2] L_Crit            1.43402
2026-05-11 11:09:31.414292 CST | [antmaze-large-diverse-v2] Weight            0.50046
2026-05-11 11:09:31.414322 CST | [antmaze-large-diverse-v2] kl                1
2026-05-11 11:09:31.414347 CST | [antmaze-large-diverse-v2] ---------------  --------
2026-05-11 11:11:32.830658 CST | [antmaze-large-diverse-v2] ---------------  ---------
2026-05-11 11:11:32.830758 CST | [antmaze-large-diverse-v2] Training Epochs   4
2026-05-11 11:11:32.830794 CST | [antmaze-large-diverse-v2] AverageReturn     0
2026-05-11 11:11:32.830821 CST | [antmaze-large-diverse-v2] NormReturn        0
2026-05-11 11:11:32.830847 CST | [antmaze-large-diverse-v2] L_Act            30.2025
2026-05-11 11:11:32.830872 CST | [antmaze-large-diverse-v2] L_Crit            1.23285
2026-05-11 11:11:32.830897 CST | [antmaze-large-diverse-v2] Weight            0.514297
2026-05-11 11:11:32.830922 CST | [antmaze-large-diverse-v2] kl                1
2026-05-11 11:11:32.830949 CST | [antmaze-large-diverse-v2] ---------------  ---------
2026-05-11 11:13:34.326677 CST | [antmaze-large-diverse-v2] ---------------  ---------
2026-05-11 11:13:34.326782 CST | [antmaze-large-diverse-v2] Training Epochs   5
2026-05-11 11:13:34.326825 CST | [antmaze-large-diverse-v2] AverageReturn     0
2026-05-11 11:13:34.326852 CST | [antmaze-large-diverse-v2] NormReturn        0
2026-05-11 11:13:34.326878 CST | [antmaze-large-diverse-v2] L_Act            27.6923
2026-05-11 11:13:34.326906 CST | [antmaze-large-diverse-v2] L_Crit            1.03362
2026-05-11 11:13:34.326931 CST | [antmaze-large-diverse-v2] Weight            0.544614
2026-05-11 11:13:34.326956 CST | [antmaze-large-diverse-v2] kl                1
2026-05-11 11:13:34.326981 CST | [antmaze-large-diverse-v2] ---------------  ---------
2026-05-11 11:15:36.294955 CST | [antmaze-large-diverse-v2] ---------------  ---------
2026-05-11 11:15:36.295046 CST | [antmaze-large-diverse-v2] Training Epochs   6
2026-05-11 11:15:36.295091 CST | [antmaze-large-diverse-v2] AverageReturn     0
2026-05-11 11:15:36.295117 CST | [antmaze-large-diverse-v2] NormReturn        0
2026-05-11 11:15:36.295143 CST | [antmaze-large-diverse-v2] L_Act            24.8345
2026-05-11 11:15:36.295167 CST | [antmaze-large-diverse-v2] L_Crit            1.01766
2026-05-11 11:15:36.295193 CST | [antmaze-large-diverse-v2] Weight            0.565002
2026-05-11 11:15:36.295218 CST | [antmaze-large-diverse-v2] kl                1
2026-05-11 11:15:36.295244 CST | [antmaze-large-diverse-v2] ---------------  ---------
2026-05-11 11:17:33.402140 CST | [antmaze-large-diverse-v2] ---------------  ---------
2026-05-11 11:17:33.402259 CST | [antmaze-large-diverse-v2] Training Epochs   7
2026-05-11 11:17:33.402324 CST | [antmaze-large-diverse-v2] AverageReturn     0
2026-05-11 11:17:33.402371 CST | [antmaze-large-diverse-v2] NormReturn        0
2026-05-11 11:17:33.402418 CST | [antmaze-large-diverse-v2] L_Act            23.0752
2026-05-11 11:17:33.402463 CST | [antmaze-large-diverse-v2] L_Crit            1.17924
2026-05-11 11:17:33.402509 CST | [antmaze-large-diverse-v2] Weight            0.571533
2026-05-11 11:17:33.402555 CST | [antmaze-large-diverse-v2] kl                1
2026-05-11 11:17:33.402600 CST | [antmaze-large-diverse-v2] ---------------  ---------
2026-05-11 11:19:30.843799 CST | [antmaze-large-diverse-v2] ---------------  ---------
2026-05-11 11:19:30.843892 CST | [antmaze-large-diverse-v2] Training Epochs   8
2026-05-11 11:19:30.843926 CST | [antmaze-large-diverse-v2] AverageReturn     0
2026-05-11 11:19:30.843953 CST | [antmaze-large-diverse-v2] NormReturn        0
2026-05-11 11:19:30.843978 CST | [antmaze-large-diverse-v2] L_Act            22.6871
2026-05-11 11:19:30.844004 CST | [antmaze-large-diverse-v2] L_Crit            1.19434
2026-05-11 11:19:30.844029 CST | [antmaze-large-diverse-v2] Weight            0.566968
2026-05-11 11:19:30.844054 CST | [antmaze-large-diverse-v2] kl                1
2026-05-11 11:19:30.844079 CST | [antmaze-large-diverse-v2] ---------------  ---------
2026-05-11 11:21:28.637390 CST | [antmaze-large-diverse-v2] ---------------  ---------
2026-05-11 11:21:28.637485 CST | [antmaze-large-diverse-v2] Training Epochs   9
2026-05-11 11:21:28.637516 CST | [antmaze-large-diverse-v2] AverageReturn     0
2026-05-11 11:21:28.637542 CST | [antmaze-large-diverse-v2] NormReturn        0
2026-05-11 11:21:28.637567 CST | [antmaze-large-diverse-v2] L_Act            22.7864
2026-05-11 11:21:28.637593 CST | [antmaze-large-diverse-v2] L_Crit            1.02837
2026-05-11 11:21:28.637619 CST | [antmaze-large-diverse-v2] Weight            0.571056
2026-05-11 11:21:28.637643 CST | [antmaze-large-diverse-v2] kl                1
2026-05-11 11:21:28.637668 CST | [antmaze-large-diverse-v2] ---------------  ---------
2026-05-11 11:23:26.438303 CST | [antmaze-large-diverse-v2] ---------------  ---------
2026-05-11 11:23:26.438425 CST | [antmaze-large-diverse-v2] Training Epochs  10
2026-05-11 11:23:26.438475 CST | [antmaze-large-diverse-v2] AverageReturn     0
2026-05-11 11:23:26.438502 CST | [antmaze-large-diverse-v2] NormReturn        0
2026-05-11 11:23:26.438528 CST | [antmaze-large-diverse-v2] L_Act            22.5151
2026-05-11 11:23:26.438553 CST | [antmaze-large-diverse-v2] L_Crit            0.945812
2026-05-11 11:23:26.438578 CST | [antmaze-large-diverse-v2] Weight            0.580024
2026-05-11 11:23:26.438603 CST | [antmaze-large-diverse-v2] kl                1
2026-05-11 11:23:26.438628 CST | [antmaze-large-diverse-v2] ---------------  ---------
2026-05-11 11:25:23.853044 CST | [antmaze-large-diverse-v2] ---------------  ---------
2026-05-11 11:25:23.853139 CST | [antmaze-large-diverse-v2] Training Epochs  11
2026-05-11 11:25:23.853191 CST | [antmaze-large-diverse-v2] AverageReturn     0
2026-05-11 11:25:23.853218 CST | [antmaze-large-diverse-v2] NormReturn        0
2026-05-11 11:25:23.853244 CST | [antmaze-large-diverse-v2] L_Act            21.9286
2026-05-11 11:25:23.853269 CST | [antmaze-large-diverse-v2] L_Crit            0.909182
2026-05-11 11:25:23.853294 CST | [antmaze-large-diverse-v2] Weight            0.585959
2026-05-11 11:25:23.853319 CST | [antmaze-large-diverse-v2] kl                1
2026-05-11 11:25:23.853343 CST | [antmaze-large-diverse-v2] ---------------  ---------
2026-05-11 11:27:21.469115 CST | [antmaze-large-diverse-v2] ---------------  ---------
2026-05-11 11:27:21.469236 CST | [antmaze-large-diverse-v2] Training Epochs  12
2026-05-11 11:27:21.469267 CST | [antmaze-large-diverse-v2] AverageReturn     0
2026-05-11 11:27:21.469293 CST | [antmaze-large-diverse-v2] NormReturn        0
2026-05-11 11:27:21.469319 CST | [antmaze-large-diverse-v2] L_Act            21.3707
2026-05-11 11:27:21.469346 CST | [antmaze-large-diverse-v2] L_Crit            0.87652
2026-05-11 11:27:21.469372 CST | [antmaze-large-diverse-v2] Weight            0.586901
2026-05-11 11:27:21.469401 CST | [antmaze-large-diverse-v2] kl                1
2026-05-11 11:27:21.469426 CST | [antmaze-large-diverse-v2] ---------------  ---------
2026-05-11 11:29:19.087273 CST | [antmaze-large-diverse-v2] ---------------  ---------
2026-05-11 11:29:19.087367 CST | [antmaze-large-diverse-v2] Training Epochs  13
2026-05-11 11:29:19.087397 CST | [antmaze-large-diverse-v2] AverageReturn     0
2026-05-11 11:29:19.087422 CST | [antmaze-large-diverse-v2] NormReturn        0
2026-05-11 11:29:19.087446 CST | [antmaze-large-diverse-v2] L_Act            20.9351
2026-05-11 11:29:19.087470 CST | [antmaze-large-diverse-v2] L_Crit            0.84389
2026-05-11 11:29:19.087493 CST | [antmaze-large-diverse-v2] Weight            0.588925
2026-05-11 11:29:19.087517 CST | [antmaze-large-diverse-v2] kl                1
2026-05-11 11:29:19.087542 CST | [antmaze-large-diverse-v2] ---------------  ---------
2026-05-11 11:31:17.246493 CST | [antmaze-large-diverse-v2] ---------------  ---------
2026-05-11 11:31:17.246590 CST | [antmaze-large-diverse-v2] Training Epochs  14
2026-05-11 11:31:17.246621 CST | [antmaze-large-diverse-v2] AverageReturn     0
2026-05-11 11:31:17.246647 CST | [antmaze-large-diverse-v2] NormReturn        0
2026-05-11 11:31:17.246673 CST | [antmaze-large-diverse-v2] L_Act            20.6733
2026-05-11 11:31:17.246698 CST | [antmaze-large-diverse-v2] L_Crit            0.848768
2026-05-11 11:31:17.246724 CST | [antmaze-large-diverse-v2] Weight            0.580952
2026-05-11 11:31:17.246749 CST | [antmaze-large-diverse-v2] kl                1
2026-05-11 11:31:17.246774 CST | [antmaze-large-diverse-v2] ---------------  ---------
2026-05-11 11:33:15.651133 CST | [antmaze-large-diverse-v2] ---------------  ---------
2026-05-11 11:33:15.651240 CST | [antmaze-large-diverse-v2] Training Epochs  15
2026-05-11 11:33:15.651272 CST | [antmaze-large-diverse-v2] AverageReturn     0
2026-05-11 11:33:15.651300 CST | [antmaze-large-diverse-v2] NormReturn        0
2026-05-11 11:33:15.651326 CST | [antmaze-large-diverse-v2] L_Act            20.5807
2026-05-11 11:33:15.651351 CST | [antmaze-large-diverse-v2] L_Crit            0.831116
2026-05-11 11:33:15.651376 CST | [antmaze-large-diverse-v2] Weight            0.582163
2026-05-11 11:33:15.651401 CST | [antmaze-large-diverse-v2] kl                1
2026-05-11 11:33:15.651426 CST | [antmaze-large-diverse-v2] ---------------  ---------
2026-05-11 11:35:16.698305 CST | [antmaze-large-diverse-v2] ---------------  ---------
2026-05-11 11:35:16.698417 CST | [antmaze-large-diverse-v2] Training Epochs  16
2026-05-11 11:35:16.698449 CST | [antmaze-large-diverse-v2] AverageReturn     0
2026-05-11 11:35:16.698475 CST | [antmaze-large-diverse-v2] NormReturn        0
2026-05-11 11:35:16.698504 CST | [antmaze-large-diverse-v2] L_Act            20.4665
2026-05-11 11:35:16.698529 CST | [antmaze-large-diverse-v2] L_Crit            0.802738
2026-05-11 11:35:16.698554 CST | [antmaze-large-diverse-v2] Weight            0.587429
2026-05-11 11:35:16.698579 CST | [antmaze-large-diverse-v2] kl                1
2026-05-11 11:35:16.698606 CST | [antmaze-large-diverse-v2] ---------------  ---------
2026-05-11 11:37:15.033758 CST | [antmaze-large-diverse-v2] ---------------  ---------
2026-05-11 11:37:15.033852 CST | [antmaze-large-diverse-v2] Training Epochs  17
2026-05-11 11:37:15.033895 CST | [antmaze-large-diverse-v2] AverageReturn     0
2026-05-11 11:37:15.033922 CST | [antmaze-large-diverse-v2] NormReturn        0
2026-05-11 11:37:15.033952 CST | [antmaze-large-diverse-v2] L_Act            20.2973
2026-05-11 11:37:15.033977 CST | [antmaze-large-diverse-v2] L_Crit            0.805816
2026-05-11 11:37:15.034003 CST | [antmaze-large-diverse-v2] Weight            0.583091
2026-05-11 11:37:15.034027 CST | [antmaze-large-diverse-v2] kl                1
2026-05-11 11:37:15.034052 CST | [antmaze-large-diverse-v2] ---------------  ---------
2026-05-11 11:39:12.135973 CST | [antmaze-large-diverse-v2] ---------------  ---------
2026-05-11 11:39:12.136066 CST | [antmaze-large-diverse-v2] Training Epochs  18
2026-05-11 11:39:12.136109 CST | [antmaze-large-diverse-v2] AverageReturn     0
2026-05-11 11:39:12.136138 CST | [antmaze-large-diverse-v2] NormReturn        0
2026-05-11 11:39:12.136164 CST | [antmaze-large-diverse-v2] L_Act            20.2759
2026-05-11 11:39:12.136190 CST | [antmaze-large-diverse-v2] L_Crit            0.769423
2026-05-11 11:39:12.136215 CST | [antmaze-large-diverse-v2] Weight            0.582983
2026-05-11 11:39:12.136243 CST | [antmaze-large-diverse-v2] kl                1
2026-05-11 11:39:12.136268 CST | [antmaze-large-diverse-v2] ---------------  ---------
2026-05-11 11:41:09.984548 CST | [antmaze-large-diverse-v2] ---------------  ---------
2026-05-11 11:41:09.984644 CST | [antmaze-large-diverse-v2] Training Epochs  19
2026-05-11 11:41:09.984677 CST | [antmaze-large-diverse-v2] AverageReturn     0
2026-05-11 11:41:09.984706 CST | [antmaze-large-diverse-v2] NormReturn        0
2026-05-11 11:41:09.984739 CST | [antmaze-large-diverse-v2] L_Act            20.277
2026-05-11 11:41:09.984764 CST | [antmaze-large-diverse-v2] L_Crit            0.761482
2026-05-11 11:41:09.984790 CST | [antmaze-large-diverse-v2] Weight            0.580252
2026-05-11 11:41:09.984815 CST | [antmaze-large-diverse-v2] kl                1
2026-05-11 11:41:09.984839 CST | [antmaze-large-diverse-v2] ---------------  ---------
2026-05-11 11:43:06.973665 CST | [antmaze-large-diverse-v2] ---------------  ---------
2026-05-11 11:43:06.973761 CST | [antmaze-large-diverse-v2] Training Epochs  20
2026-05-11 11:43:06.973792 CST | [antmaze-large-diverse-v2] AverageReturn     0
2026-05-11 11:43:06.973818 CST | [antmaze-large-diverse-v2] NormReturn        0
2026-05-11 11:43:06.973844 CST | [antmaze-large-diverse-v2] L_Act            20.2694
2026-05-11 11:43:06.973869 CST | [antmaze-large-diverse-v2] L_Crit            0.755318
2026-05-11 11:43:06.973895 CST | [antmaze-large-diverse-v2] Weight            0.579792
2026-05-11 11:43:06.973920 CST | [antmaze-large-diverse-v2] kl                1
2026-05-11 11:43:06.973945 CST | [antmaze-large-diverse-v2] ---------------  ---------
2026-05-11 11:45:03.869689 CST | [antmaze-large-diverse-v2] ---------------  ---------
2026-05-11 11:45:03.869787 CST | [antmaze-large-diverse-v2] Training Epochs  21
2026-05-11 11:45:03.869835 CST | [antmaze-large-diverse-v2] AverageReturn     0
2026-05-11 11:45:03.869862 CST | [antmaze-large-diverse-v2] NormReturn        0
2026-05-11 11:45:03.869888 CST | [antmaze-large-diverse-v2] L_Act            20.295
2026-05-11 11:45:03.869913 CST | [antmaze-large-diverse-v2] L_Crit            0.752201
2026-05-11 11:45:03.869938 CST | [antmaze-large-diverse-v2] Weight            0.577466
2026-05-11 11:45:03.869963 CST | [antmaze-large-diverse-v2] kl                1
2026-05-11 11:45:03.869990 CST | [antmaze-large-diverse-v2] ---------------  ---------
2026-05-11 11:47:00.919650 CST | [antmaze-large-diverse-v2] ---------------  ---------
2026-05-11 11:47:00.919744 CST | [antmaze-large-diverse-v2] Training Epochs  22
2026-05-11 11:47:00.919800 CST | [antmaze-large-diverse-v2] AverageReturn     0
2026-05-11 11:47:00.919827 CST | [antmaze-large-diverse-v2] NormReturn        0
2026-05-11 11:47:00.919853 CST | [antmaze-large-diverse-v2] L_Act            20.3637
2026-05-11 11:47:00.919879 CST | [antmaze-large-diverse-v2] L_Crit            0.732432
2026-05-11 11:47:00.919908 CST | [antmaze-large-diverse-v2] Weight            0.577132
2026-05-11 11:47:00.919934 CST | [antmaze-large-diverse-v2] kl                1
2026-05-11 11:47:00.919959 CST | [antmaze-large-diverse-v2] ---------------  ---------
2026-05-11 11:48:57.998595 CST | [antmaze-large-diverse-v2] ---------------  ---------
2026-05-11 11:48:57.998701 CST | [antmaze-large-diverse-v2] Training Epochs  23
2026-05-11 11:48:57.998754 CST | [antmaze-large-diverse-v2] AverageReturn     0
2026-05-11 11:48:57.998780 CST | [antmaze-large-diverse-v2] NormReturn        0
2026-05-11 11:48:57.998806 CST | [antmaze-large-diverse-v2] L_Act            20.2069
2026-05-11 11:48:57.998835 CST | [antmaze-large-diverse-v2] L_Crit            0.724665
2026-05-11 11:48:57.998860 CST | [antmaze-large-diverse-v2] Weight            0.578125
2026-05-11 11:48:57.998885 CST | [antmaze-large-diverse-v2] kl                1
2026-05-11 11:48:57.998910 CST | [antmaze-large-diverse-v2] ---------------  ---------
2026-05-11 11:50:55.236712 CST | [antmaze-large-diverse-v2] ---------------  ---------
2026-05-11 11:50:55.236815 CST | [antmaze-large-diverse-v2] Training Epochs  24
2026-05-11 11:50:55.236847 CST | [antmaze-large-diverse-v2] AverageReturn     0
2026-05-11 11:50:55.236873 CST | [antmaze-large-diverse-v2] NormReturn        0
2026-05-11 11:50:55.236898 CST | [antmaze-large-diverse-v2] L_Act            20.1585
2026-05-11 11:50:55.236923 CST | [antmaze-large-diverse-v2] L_Crit            0.713518
2026-05-11 11:50:55.236948 CST | [antmaze-large-diverse-v2] Weight            0.580676
2026-05-11 11:50:55.236973 CST | [antmaze-large-diverse-v2] kl                1
2026-05-11 11:50:55.236998 CST | [antmaze-large-diverse-v2] ---------------  ---------
2026-05-11 11:52:52.491015 CST | [antmaze-large-diverse-v2] ---------------  ---------
2026-05-11 11:52:52.491122 CST | [antmaze-large-diverse-v2] Training Epochs  25
2026-05-11 11:52:52.491153 CST | [antmaze-large-diverse-v2] AverageReturn     0
2026-05-11 11:52:52.491180 CST | [antmaze-large-diverse-v2] NormReturn        0
2026-05-11 11:52:52.491205 CST | [antmaze-large-diverse-v2] L_Act            20.0604
2026-05-11 11:52:52.491230 CST | [antmaze-large-diverse-v2] L_Crit            0.706122
2026-05-11 11:52:52.491255 CST | [antmaze-large-diverse-v2] Weight            0.578763
2026-05-11 11:52:52.491284 CST | [antmaze-large-diverse-v2] kl                1
2026-05-11 11:52:52.491309 CST | [antmaze-large-diverse-v2] ---------------  ---------
2026-05-11 11:54:50.127593 CST | [antmaze-large-diverse-v2] ---------------  ---------
2026-05-11 11:54:50.127694 CST | [antmaze-large-diverse-v2] Training Epochs  26
2026-05-11 11:54:50.127743 CST | [antmaze-large-diverse-v2] AverageReturn     0
2026-05-11 11:54:50.127769 CST | [antmaze-large-diverse-v2] NormReturn        0
2026-05-11 11:54:50.127795 CST | [antmaze-large-diverse-v2] L_Act            20.0542
2026-05-11 11:54:50.127820 CST | [antmaze-large-diverse-v2] L_Crit            0.686187
2026-05-11 11:54:50.127845 CST | [antmaze-large-diverse-v2] Weight            0.574953
2026-05-11 11:54:50.127870 CST | [antmaze-large-diverse-v2] kl                1
2026-05-11 11:54:50.127895 CST | [antmaze-large-diverse-v2] ---------------  ---------
2026-05-11 11:56:47.020029 CST | [antmaze-large-diverse-v2] ---------------  ---------
2026-05-11 11:56:47.020130 CST | [antmaze-large-diverse-v2] Training Epochs  27
2026-05-11 11:56:47.020160 CST | [antmaze-large-diverse-v2] AverageReturn     0
2026-05-11 11:56:47.020188 CST | [antmaze-large-diverse-v2] NormReturn        0
2026-05-11 11:56:47.020213 CST | [antmaze-large-diverse-v2] L_Act            20.0213
2026-05-11 11:56:47.020238 CST | [antmaze-large-diverse-v2] L_Crit            0.68072
2026-05-11 11:56:47.020263 CST | [antmaze-large-diverse-v2] Weight            0.577851
2026-05-11 11:56:47.020287 CST | [antmaze-large-diverse-v2] kl                1
2026-05-11 11:56:47.020312 CST | [antmaze-large-diverse-v2] ---------------  ---------
2026-05-11 11:58:43.846459 CST | [antmaze-large-diverse-v2] ---------------  ---------
2026-05-11 11:58:43.846554 CST | [antmaze-large-diverse-v2] Training Epochs  28
2026-05-11 11:58:43.846585 CST | [antmaze-large-diverse-v2] AverageReturn     0
2026-05-11 11:58:43.846611 CST | [antmaze-large-diverse-v2] NormReturn        0
2026-05-11 11:58:43.846636 CST | [antmaze-large-diverse-v2] L_Act            20.0816
2026-05-11 11:58:43.846661 CST | [antmaze-large-diverse-v2] L_Crit            0.690933
2026-05-11 11:58:43.846686 CST | [antmaze-large-diverse-v2] Weight            0.573391
2026-05-11 11:58:43.846711 CST | [antmaze-large-diverse-v2] kl                1
2026-05-11 11:58:43.846736 CST | [antmaze-large-diverse-v2] ---------------  ---------
2026-05-11 12:00:39.988868 CST | [antmaze-large-diverse-v2] ---------------  ---------
2026-05-11 12:00:39.988964 CST | [antmaze-large-diverse-v2] Training Epochs  29
2026-05-11 12:00:39.988993 CST | [antmaze-large-diverse-v2] AverageReturn     0
2026-05-11 12:00:39.989017 CST | [antmaze-large-diverse-v2] NormReturn        0
2026-05-11 12:00:39.989041 CST | [antmaze-large-diverse-v2] L_Act            20.1546
2026-05-11 12:00:39.989065 CST | [antmaze-large-diverse-v2] L_Crit            0.668518
2026-05-11 12:00:39.989089 CST | [antmaze-large-diverse-v2] Weight            0.57166
2026-05-11 12:00:39.989114 CST | [antmaze-large-diverse-v2] kl                1
2026-05-11 12:00:39.989139 CST | [antmaze-large-diverse-v2] ---------------  ---------
2026-05-11 12:02:36.157811 CST | [antmaze-large-diverse-v2] ---------------  ---------
2026-05-11 12:02:36.157932 CST | [antmaze-large-diverse-v2] Training Epochs  30
2026-05-11 12:02:36.157963 CST | [antmaze-large-diverse-v2] AverageReturn     0.1
2026-05-11 12:02:36.157990 CST | [antmaze-large-diverse-v2] NormReturn        0.1
2026-05-11 12:02:36.158016 CST | [antmaze-large-diverse-v2] L_Act            20.2011
2026-05-11 12:02:36.158042 CST | [antmaze-large-diverse-v2] L_Crit            0.663117
2026-05-11 12:02:36.158067 CST | [antmaze-large-diverse-v2] Weight            0.569861
2026-05-11 12:02:36.158092 CST | [antmaze-large-diverse-v2] kl                1
2026-05-11 12:02:36.158117 CST | [antmaze-large-diverse-v2] ---------------  ---------
2026-05-11 12:04:33.320033 CST | [antmaze-large-diverse-v2] ---------------  ---------
2026-05-11 12:04:33.320141 CST | [antmaze-large-diverse-v2] Training Epochs  31
2026-05-11 12:04:33.320173 CST | [antmaze-large-diverse-v2] AverageReturn     0
2026-05-11 12:04:33.320200 CST | [antmaze-large-diverse-v2] NormReturn        0
2026-05-11 12:04:33.320230 CST | [antmaze-large-diverse-v2] L_Act            20.1959
2026-05-11 12:04:33.320264 CST | [antmaze-large-diverse-v2] L_Crit            0.652903
2026-05-11 12:04:33.320289 CST | [antmaze-large-diverse-v2] Weight            0.570225
2026-05-11 12:04:33.320314 CST | [antmaze-large-diverse-v2] kl                1
2026-05-11 12:04:33.320339 CST | [antmaze-large-diverse-v2] ---------------  ---------
2026-05-11 12:06:30.532099 CST | [antmaze-large-diverse-v2] ---------------  --------
2026-05-11 12:06:30.532226 CST | [antmaze-large-diverse-v2] Training Epochs  32
2026-05-11 12:06:30.532256 CST | [antmaze-large-diverse-v2] AverageReturn     0
2026-05-11 12:06:30.532283 CST | [antmaze-large-diverse-v2] NormReturn        0
2026-05-11 12:06:30.532313 CST | [antmaze-large-diverse-v2] L_Act            20.1634
2026-05-11 12:06:30.532338 CST | [antmaze-large-diverse-v2] L_Crit            0.65053
2026-05-11 12:06:30.532365 CST | [antmaze-large-diverse-v2] Weight            0.57023
2026-05-11 12:06:30.532390 CST | [antmaze-large-diverse-v2] kl                1
2026-05-11 12:06:30.532414 CST | [antmaze-large-diverse-v2] ---------------  --------
2026-05-11 12:08:25.611895 CST | [antmaze-large-diverse-v2] ---------------  ---------
2026-05-11 12:08:25.611990 CST | [antmaze-large-diverse-v2] Training Epochs  33
2026-05-11 12:08:25.612022 CST | [antmaze-large-diverse-v2] AverageReturn     0.3
2026-05-11 12:08:25.612068 CST | [antmaze-large-diverse-v2] NormReturn        0.3
2026-05-11 12:08:25.612094 CST | [antmaze-large-diverse-v2] L_Act            20.2422
2026-05-11 12:08:25.612120 CST | [antmaze-large-diverse-v2] L_Crit            0.650211
2026-05-11 12:08:25.612144 CST | [antmaze-large-diverse-v2] Weight            0.567802
2026-05-11 12:08:25.612172 CST | [antmaze-large-diverse-v2] kl                1
2026-05-11 12:08:25.612197 CST | [antmaze-large-diverse-v2] ---------------  ---------
2026-05-11 12:10:21.939048 CST | [antmaze-large-diverse-v2] ---------------  ---------
2026-05-11 12:10:21.939141 CST | [antmaze-large-diverse-v2] Training Epochs  34
2026-05-11 12:10:21.939174 CST | [antmaze-large-diverse-v2] AverageReturn     0.1
2026-05-11 12:10:21.939216 CST | [antmaze-large-diverse-v2] NormReturn        0.1
2026-05-11 12:10:21.939242 CST | [antmaze-large-diverse-v2] L_Act            20.3081
2026-05-11 12:10:21.939267 CST | [antmaze-large-diverse-v2] L_Crit            0.662415
2026-05-11 12:10:21.939292 CST | [antmaze-large-diverse-v2] Weight            0.567662
2026-05-11 12:10:21.939318 CST | [antmaze-large-diverse-v2] kl                1
2026-05-11 12:10:21.939343 CST | [antmaze-large-diverse-v2] ---------------  ---------
2026-05-11 12:12:17.669322 CST | [antmaze-large-diverse-v2] ---------------  ---------
2026-05-11 12:12:17.669452 CST | [antmaze-large-diverse-v2] Training Epochs  35
2026-05-11 12:12:17.669496 CST | [antmaze-large-diverse-v2] AverageReturn     0.2
2026-05-11 12:12:17.669524 CST | [antmaze-large-diverse-v2] NormReturn        0.2
2026-05-11 12:12:17.669550 CST | [antmaze-large-diverse-v2] L_Act            20.3762
2026-05-11 12:12:17.669580 CST | [antmaze-large-diverse-v2] L_Crit            0.666247
2026-05-11 12:12:17.669605 CST | [antmaze-large-diverse-v2] Weight            0.565365
2026-05-11 12:12:17.669630 CST | [antmaze-large-diverse-v2] kl                1
2026-05-11 12:12:17.669655 CST | [antmaze-large-diverse-v2] ---------------  ---------
2026-05-11 12:14:14.928780 CST | [antmaze-large-diverse-v2] ---------------  ---------
2026-05-11 12:14:14.928882 CST | [antmaze-large-diverse-v2] Training Epochs  36
2026-05-11 12:14:14.928929 CST | [antmaze-large-diverse-v2] AverageReturn     0.1
2026-05-11 12:14:14.928956 CST | [antmaze-large-diverse-v2] NormReturn        0.1
2026-05-11 12:14:14.928981 CST | [antmaze-large-diverse-v2] L_Act            20.4485
2026-05-11 12:14:14.929008 CST | [antmaze-large-diverse-v2] L_Crit            0.650167
2026-05-11 12:14:14.929033 CST | [antmaze-large-diverse-v2] Weight            0.565811
2026-05-11 12:14:14.929058 CST | [antmaze-large-diverse-v2] kl                1
2026-05-11 12:14:14.929083 CST | [antmaze-large-diverse-v2] ---------------  ---------
2026-05-11 12:16:11.635898 CST | [antmaze-large-diverse-v2] ---------------  ---------
2026-05-11 12:16:11.636028 CST | [antmaze-large-diverse-v2] Training Epochs  37
2026-05-11 12:16:11.636060 CST | [antmaze-large-diverse-v2] AverageReturn     0
2026-05-11 12:16:11.636088 CST | [antmaze-large-diverse-v2] NormReturn        0
2026-05-11 12:16:11.636113 CST | [antmaze-large-diverse-v2] L_Act            20.5506
2026-05-11 12:16:11.636138 CST | [antmaze-large-diverse-v2] L_Crit            0.657036
2026-05-11 12:16:11.636163 CST | [antmaze-large-diverse-v2] Weight            0.563098
2026-05-11 12:16:11.636189 CST | [antmaze-large-diverse-v2] kl                1
2026-05-11 12:16:11.636214 CST | [antmaze-large-diverse-v2] ---------------  ---------
2026-05-11 12:18:07.925419 CST | [antmaze-large-diverse-v2] ---------------  ---------
2026-05-11 12:18:07.925526 CST | [antmaze-large-diverse-v2] Training Epochs  38
2026-05-11 12:18:07.925563 CST | [antmaze-large-diverse-v2] AverageReturn     0.1
2026-05-11 12:18:07.925591 CST | [antmaze-large-diverse-v2] NormReturn        0.1
2026-05-11 12:18:07.925617 CST | [antmaze-large-diverse-v2] L_Act            20.7517
2026-05-11 12:18:07.925643 CST | [antmaze-large-diverse-v2] L_Crit            0.661141
2026-05-11 12:18:07.925669 CST | [antmaze-large-diverse-v2] Weight            0.559508
2026-05-11 12:18:07.925694 CST | [antmaze-large-diverse-v2] kl                1
2026-05-11 12:18:07.925719 CST | [antmaze-large-diverse-v2] ---------------  ---------
2026-05-11 12:20:03.821452 CST | [antmaze-large-diverse-v2] ---------------  ---------
2026-05-11 12:20:03.821555 CST | [antmaze-large-diverse-v2] Training Epochs  39
2026-05-11 12:20:03.821602 CST | [antmaze-large-diverse-v2] AverageReturn     0.1
2026-05-11 12:20:03.821629 CST | [antmaze-large-diverse-v2] NormReturn        0.1
2026-05-11 12:20:03.821654 CST | [antmaze-large-diverse-v2] L_Act            20.8527
2026-05-11 12:20:03.821679 CST | [antmaze-large-diverse-v2] L_Crit            0.649232
2026-05-11 12:20:03.821704 CST | [antmaze-large-diverse-v2] Weight            0.560543
2026-05-11 12:20:03.821737 CST | [antmaze-large-diverse-v2] kl                1
2026-05-11 12:20:03.821762 CST | [antmaze-large-diverse-v2] ---------------  ---------
2026-05-11 12:21:58.983633 CST | [antmaze-large-diverse-v2] ---------------  ---------
2026-05-11 12:21:58.983746 CST | [antmaze-large-diverse-v2] Training Epochs  40
2026-05-11 12:21:58.983776 CST | [antmaze-large-diverse-v2] AverageReturn     0.3
2026-05-11 12:21:58.983803 CST | [antmaze-large-diverse-v2] NormReturn        0.3
2026-05-11 12:21:58.983828 CST | [antmaze-large-diverse-v2] L_Act            20.8337
2026-05-11 12:21:58.983853 CST | [antmaze-large-diverse-v2] L_Crit            0.634247
2026-05-11 12:21:58.983878 CST | [antmaze-large-diverse-v2] Weight            0.560529
2026-05-11 12:21:58.983907 CST | [antmaze-large-diverse-v2] kl                1
2026-05-11 12:21:58.983932 CST | [antmaze-large-diverse-v2] ---------------  ---------
2026-05-11 12:23:55.440466 CST | [antmaze-large-diverse-v2] ---------------  ---------
2026-05-11 12:23:55.440559 CST | [antmaze-large-diverse-v2] Training Epochs  41
2026-05-11 12:23:55.440600 CST | [antmaze-large-diverse-v2] AverageReturn     0.1
2026-05-11 12:23:55.440627 CST | [antmaze-large-diverse-v2] NormReturn        0.1
2026-05-11 12:23:55.440656 CST | [antmaze-large-diverse-v2] L_Act            20.7863
2026-05-11 12:23:55.440682 CST | [antmaze-large-diverse-v2] L_Crit            0.645368
2026-05-11 12:23:55.440707 CST | [antmaze-large-diverse-v2] Weight            0.561979
2026-05-11 12:23:55.440732 CST | [antmaze-large-diverse-v2] kl                1
2026-05-11 12:23:55.440756 CST | [antmaze-large-diverse-v2] ---------------  ---------
2026-05-11 12:25:52.824878 CST | [antmaze-large-diverse-v2] ---------------  ---------
2026-05-11 12:25:52.824976 CST | [antmaze-large-diverse-v2] Training Epochs  42
2026-05-11 12:25:52.825007 CST | [antmaze-large-diverse-v2] AverageReturn     0.1
2026-05-11 12:25:52.825033 CST | [antmaze-large-diverse-v2] NormReturn        0.1
2026-05-11 12:25:52.825058 CST | [antmaze-large-diverse-v2] L_Act            20.8406
2026-05-11 12:25:52.825084 CST | [antmaze-large-diverse-v2] L_Crit            0.652765
2026-05-11 12:25:52.825109 CST | [antmaze-large-diverse-v2] Weight            0.557914
2026-05-11 12:25:52.825134 CST | [antmaze-large-diverse-v2] kl                1
2026-05-11 12:25:52.825159 CST | [antmaze-large-diverse-v2] ---------------  ---------
2026-05-11 12:27:47.773192 CST | [antmaze-large-diverse-v2] ---------------  ---------
2026-05-11 12:27:47.773287 CST | [antmaze-large-diverse-v2] Training Epochs  43
2026-05-11 12:27:47.773331 CST | [antmaze-large-diverse-v2] AverageReturn     0.2
2026-05-11 12:27:47.773358 CST | [antmaze-large-diverse-v2] NormReturn        0.2
2026-05-11 12:27:47.773384 CST | [antmaze-large-diverse-v2] L_Act            20.8623
2026-05-11 12:27:47.773412 CST | [antmaze-large-diverse-v2] L_Crit            0.639323
2026-05-11 12:27:47.773436 CST | [antmaze-large-diverse-v2] Weight            0.560032
2026-05-11 12:27:47.773461 CST | [antmaze-large-diverse-v2] kl                1
2026-05-11 12:27:47.773486 CST | [antmaze-large-diverse-v2] ---------------  ---------
2026-05-11 12:29:45.079953 CST | [antmaze-large-diverse-v2] ---------------  ---------
2026-05-11 12:29:45.080049 CST | [antmaze-large-diverse-v2] Training Epochs  44
2026-05-11 12:29:45.080082 CST | [antmaze-large-diverse-v2] AverageReturn     0
2026-05-11 12:29:45.080130 CST | [antmaze-large-diverse-v2] NormReturn        0
2026-05-11 12:29:45.080155 CST | [antmaze-large-diverse-v2] L_Act            20.886
2026-05-11 12:29:45.080180 CST | [antmaze-large-diverse-v2] L_Crit            0.648319
2026-05-11 12:29:45.080205 CST | [antmaze-large-diverse-v2] Weight            0.557433
2026-05-11 12:29:45.080230 CST | [antmaze-large-diverse-v2] kl                1
2026-05-11 12:29:45.080255 CST | [antmaze-large-diverse-v2] ---------------  ---------
2026-05-11 12:31:41.931391 CST | [antmaze-large-diverse-v2] ---------------  ---------
2026-05-11 12:31:41.931485 CST | [antmaze-large-diverse-v2] Training Epochs  45
2026-05-11 12:31:41.931533 CST | [antmaze-large-diverse-v2] AverageReturn     0
2026-05-11 12:31:41.931560 CST | [antmaze-large-diverse-v2] NormReturn        0
2026-05-11 12:31:41.931586 CST | [antmaze-large-diverse-v2] L_Act            20.92
2026-05-11 12:31:41.931610 CST | [antmaze-large-diverse-v2] L_Crit            0.6388
2026-05-11 12:31:41.931636 CST | [antmaze-large-diverse-v2] Weight            0.558718
2026-05-11 12:31:41.931661 CST | [antmaze-large-diverse-v2] kl                1
2026-05-11 12:31:41.931685 CST | [antmaze-large-diverse-v2] ---------------  ---------
2026-05-11 12:33:39.079716 CST | [antmaze-large-diverse-v2] ---------------  ---------
2026-05-11 12:33:39.079810 CST | [antmaze-large-diverse-v2] Training Epochs  46
2026-05-11 12:33:39.079855 CST | [antmaze-large-diverse-v2] AverageReturn     0
2026-05-11 12:33:39.079881 CST | [antmaze-large-diverse-v2] NormReturn        0
2026-05-11 12:33:39.079916 CST | [antmaze-large-diverse-v2] L_Act            20.922
2026-05-11 12:33:39.079942 CST | [antmaze-large-diverse-v2] L_Crit            0.632914
2026-05-11 12:33:39.079966 CST | [antmaze-large-diverse-v2] Weight            0.556495
2026-05-11 12:33:39.079991 CST | [antmaze-large-diverse-v2] kl                1
2026-05-11 12:33:39.080016 CST | [antmaze-large-diverse-v2] ---------------  ---------
2026-05-11 12:35:34.704448 CST | [antmaze-large-diverse-v2] ---------------  ---------
2026-05-11 12:35:34.704553 CST | [antmaze-large-diverse-v2] Training Epochs  47
2026-05-11 12:35:34.704585 CST | [antmaze-large-diverse-v2] AverageReturn     0.2
2026-05-11 12:35:34.704611 CST | [antmaze-large-diverse-v2] NormReturn        0.2
2026-05-11 12:35:34.704637 CST | [antmaze-large-diverse-v2] L_Act            20.901
2026-05-11 12:35:34.704662 CST | [antmaze-large-diverse-v2] L_Crit            0.630289
2026-05-11 12:35:34.704687 CST | [antmaze-large-diverse-v2] Weight            0.556569
2026-05-11 12:35:34.704712 CST | [antmaze-large-diverse-v2] kl                1
2026-05-11 12:35:34.704736 CST | [antmaze-large-diverse-v2] ---------------  ---------
2026-05-11 12:37:26.641443 CST | [antmaze-large-diverse-v2] ---------------  ---------
2026-05-11 12:37:26.641539 CST | [antmaze-large-diverse-v2] Training Epochs  48
2026-05-11 12:37:26.641581 CST | [antmaze-large-diverse-v2] AverageReturn     0.6
2026-05-11 12:37:26.641610 CST | [antmaze-large-diverse-v2] NormReturn        0.6
2026-05-11 12:37:26.641635 CST | [antmaze-large-diverse-v2] L_Act            20.8371
2026-05-11 12:37:26.641660 CST | [antmaze-large-diverse-v2] L_Crit            0.618195
2026-05-11 12:37:26.641685 CST | [antmaze-large-diverse-v2] Weight            0.559455
2026-05-11 12:37:26.641710 CST | [antmaze-large-diverse-v2] kl                1
2026-05-11 12:37:26.641735 CST | [antmaze-large-diverse-v2] ---------------  ---------
2026-05-11 12:39:22.273671 CST | [antmaze-large-diverse-v2] ---------------  ---------
2026-05-11 12:39:22.273778 CST | [antmaze-large-diverse-v2] Training Epochs  49
2026-05-11 12:39:22.273831 CST | [antmaze-large-diverse-v2] AverageReturn     0.2
2026-05-11 12:39:22.273858 CST | [antmaze-large-diverse-v2] NormReturn        0.2
2026-05-11 12:39:22.273885 CST | [antmaze-large-diverse-v2] L_Act            20.7166
2026-05-11 12:39:22.273912 CST | [antmaze-large-diverse-v2] L_Crit            0.616464
2026-05-11 12:39:22.273941 CST | [antmaze-large-diverse-v2] Weight            0.56036
2026-05-11 12:39:22.273966 CST | [antmaze-large-diverse-v2] kl                1
2026-05-11 12:39:22.273992 CST | [antmaze-large-diverse-v2] ---------------  ---------
2026-05-11 12:41:15.218132 CST | [antmaze-large-diverse-v2] ---------------  ---------
2026-05-11 12:41:15.218234 CST | [antmaze-large-diverse-v2] Training Epochs  50
2026-05-11 12:41:15.218270 CST | [antmaze-large-diverse-v2] AverageReturn     0.6
2026-05-11 12:41:15.218296 CST | [antmaze-large-diverse-v2] NormReturn        0.6
2026-05-11 12:41:15.218322 CST | [antmaze-large-diverse-v2] L_Act            20.7195
2026-05-11 12:41:15.218347 CST | [antmaze-large-diverse-v2] L_Crit            0.621429
2026-05-11 12:41:15.218372 CST | [antmaze-large-diverse-v2] Weight            0.560224
2026-05-11 12:41:15.218397 CST | [antmaze-large-diverse-v2] kl                1
2026-05-11 12:41:15.218425 CST | [antmaze-large-diverse-v2] ---------------  ---------
2026-05-11 12:43:11.991641 CST | [antmaze-large-diverse-v2] ---------------  ---------
2026-05-11 12:43:11.991731 CST | [antmaze-large-diverse-v2] Training Epochs  51
2026-05-11 12:43:11.991762 CST | [antmaze-large-diverse-v2] AverageReturn     0.1
2026-05-11 12:43:11.991789 CST | [antmaze-large-diverse-v2] NormReturn        0.1
2026-05-11 12:43:11.991814 CST | [antmaze-large-diverse-v2] L_Act            20.7654
2026-05-11 12:43:11.991840 CST | [antmaze-large-diverse-v2] L_Crit            0.614051
2026-05-11 12:43:11.991865 CST | [antmaze-large-diverse-v2] Weight            0.560188
2026-05-11 12:43:11.991890 CST | [antmaze-large-diverse-v2] kl                1
2026-05-11 12:43:11.991940 CST | [antmaze-large-diverse-v2] ---------------  ---------
2026-05-11 12:45:08.145289 CST | [antmaze-large-diverse-v2] ---------------  ---------
2026-05-11 12:45:08.145386 CST | [antmaze-large-diverse-v2] Training Epochs  52
2026-05-11 12:45:08.145416 CST | [antmaze-large-diverse-v2] AverageReturn     0.3
2026-05-11 12:45:08.145441 CST | [antmaze-large-diverse-v2] NormReturn        0.3
2026-05-11 12:45:08.145465 CST | [antmaze-large-diverse-v2] L_Act            20.7838
2026-05-11 12:45:08.145489 CST | [antmaze-large-diverse-v2] L_Crit            0.611007
2026-05-11 12:45:08.145514 CST | [antmaze-large-diverse-v2] Weight            0.560436
2026-05-11 12:45:08.145539 CST | [antmaze-large-diverse-v2] kl                1
2026-05-11 12:45:08.145564 CST | [antmaze-large-diverse-v2] ---------------  ---------
2026-05-11 12:47:12.261013 CST | [antmaze-large-diverse-v2] ---------------  ---------
2026-05-11 12:47:12.261112 CST | [antmaze-large-diverse-v2] Training Epochs  53
2026-05-11 12:47:12.261142 CST | [antmaze-large-diverse-v2] AverageReturn     0.1
2026-05-11 12:47:12.261168 CST | [antmaze-large-diverse-v2] NormReturn        0.1
2026-05-11 12:47:12.261193 CST | [antmaze-large-diverse-v2] L_Act            20.7475
2026-05-11 12:47:12.261217 CST | [antmaze-large-diverse-v2] L_Crit            0.596103
2026-05-11 12:47:12.261242 CST | [antmaze-large-diverse-v2] Weight            0.561662
2026-05-11 12:47:12.261268 CST | [antmaze-large-diverse-v2] kl                1
2026-05-11 12:47:12.261293 CST | [antmaze-large-diverse-v2] ---------------  ---------
2026-05-11 12:49:10.977984 CST | [antmaze-large-diverse-v2] ---------------  ---------
2026-05-11 12:49:10.978081 CST | [antmaze-large-diverse-v2] Training Epochs  54
2026-05-11 12:49:10.978125 CST | [antmaze-large-diverse-v2] AverageReturn     0.3
2026-05-11 12:49:10.978151 CST | [antmaze-large-diverse-v2] NormReturn        0.3
2026-05-11 12:49:10.978179 CST | [antmaze-large-diverse-v2] L_Act            20.7138
2026-05-11 12:49:10.978206 CST | [antmaze-large-diverse-v2] L_Crit            0.597446
2026-05-11 12:49:10.978231 CST | [antmaze-large-diverse-v2] Weight            0.560791
2026-05-11 12:49:10.978257 CST | [antmaze-large-diverse-v2] kl                1
2026-05-11 12:49:10.978282 CST | [antmaze-large-diverse-v2] ---------------  ---------
2026-05-11 12:51:03.885011 CST | [antmaze-large-diverse-v2] ---------------  ---------
2026-05-11 12:51:03.885107 CST | [antmaze-large-diverse-v2] Training Epochs  55
2026-05-11 12:51:03.885156 CST | [antmaze-large-diverse-v2] AverageReturn     0.6
2026-05-11 12:51:03.885182 CST | [antmaze-large-diverse-v2] NormReturn        0.6
2026-05-11 12:51:03.885208 CST | [antmaze-large-diverse-v2] L_Act            20.5896
2026-05-11 12:51:03.885233 CST | [antmaze-large-diverse-v2] L_Crit            0.585454
2026-05-11 12:51:03.885258 CST | [antmaze-large-diverse-v2] Weight            0.56339
2026-05-11 12:51:03.885282 CST | [antmaze-large-diverse-v2] kl                1
2026-05-11 12:51:03.885307 CST | [antmaze-large-diverse-v2] ---------------  ---------
2026-05-11 12:53:00.232322 CST | [antmaze-large-diverse-v2] ---------------  ---------
2026-05-11 12:53:00.232443 CST | [antmaze-large-diverse-v2] Training Epochs  56
2026-05-11 12:53:00.232475 CST | [antmaze-large-diverse-v2] AverageReturn     0.2
2026-05-11 12:53:00.232502 CST | [antmaze-large-diverse-v2] NormReturn        0.2
2026-05-11 12:53:00.232528 CST | [antmaze-large-diverse-v2] L_Act            20.5633
2026-05-11 12:53:00.232554 CST | [antmaze-large-diverse-v2] L_Crit            0.587846
2026-05-11 12:53:00.232580 CST | [antmaze-large-diverse-v2] Weight            0.561443
2026-05-11 12:53:00.232605 CST | [antmaze-large-diverse-v2] kl                1
2026-05-11 12:53:00.232630 CST | [antmaze-large-diverse-v2] ---------------  ---------
2026-05-11 12:54:57.155002 CST | [antmaze-large-diverse-v2] ---------------  ---------
2026-05-11 12:54:57.155100 CST | [antmaze-large-diverse-v2] Training Epochs  57
2026-05-11 12:54:57.155131 CST | [antmaze-large-diverse-v2] AverageReturn     0.1
2026-05-11 12:54:57.155158 CST | [antmaze-large-diverse-v2] NormReturn        0.1
2026-05-11 12:54:57.155183 CST | [antmaze-large-diverse-v2] L_Act            20.6894
2026-05-11 12:54:57.155208 CST | [antmaze-large-diverse-v2] L_Crit            0.588884
2026-05-11 12:54:57.155233 CST | [antmaze-large-diverse-v2] Weight            0.560628
2026-05-11 12:54:57.155258 CST | [antmaze-large-diverse-v2] kl                1
2026-05-11 12:54:57.155282 CST | [antmaze-large-diverse-v2] ---------------  ---------
2026-05-11 12:56:50.876594 CST | [antmaze-large-diverse-v2] ---------------  ---------
2026-05-11 12:56:50.876691 CST | [antmaze-large-diverse-v2] Training Epochs  58
2026-05-11 12:56:50.876722 CST | [antmaze-large-diverse-v2] AverageReturn     0.6
2026-05-11 12:56:50.876749 CST | [antmaze-large-diverse-v2] NormReturn        0.6
2026-05-11 12:56:50.876776 CST | [antmaze-large-diverse-v2] L_Act            20.8276
2026-05-11 12:56:50.876802 CST | [antmaze-large-diverse-v2] L_Crit            0.585635
2026-05-11 12:56:50.876828 CST | [antmaze-large-diverse-v2] Weight            0.559881
2026-05-11 12:56:50.876853 CST | [antmaze-large-diverse-v2] kl                1
2026-05-11 12:56:50.876877 CST | [antmaze-large-diverse-v2] ---------------  ---------
2026-05-11 12:58:47.192716 CST | [antmaze-large-diverse-v2] ---------------  ---------
2026-05-11 12:58:47.192813 CST | [antmaze-large-diverse-v2] Training Epochs  59
2026-05-11 12:58:47.192844 CST | [antmaze-large-diverse-v2] AverageReturn     0.2
2026-05-11 12:58:47.192871 CST | [antmaze-large-diverse-v2] NormReturn        0.2
2026-05-11 12:58:47.192896 CST | [antmaze-large-diverse-v2] L_Act            20.8872
2026-05-11 12:58:47.192922 CST | [antmaze-large-diverse-v2] L_Crit            0.585035
2026-05-11 12:58:47.192947 CST | [antmaze-large-diverse-v2] Weight            0.559636
2026-05-11 12:58:47.192974 CST | [antmaze-large-diverse-v2] kl                1
2026-05-11 12:58:47.192998 CST | [antmaze-large-diverse-v2] ---------------  ---------
2026-05-11 13:00:42.493576 CST | [antmaze-large-diverse-v2] ---------------  ---------
2026-05-11 13:00:42.493703 CST | [antmaze-large-diverse-v2] Training Epochs  60
2026-05-11 13:00:42.493734 CST | [antmaze-large-diverse-v2] AverageReturn     0.3
2026-05-11 13:00:42.493761 CST | [antmaze-large-diverse-v2] NormReturn        0.3
2026-05-11 13:00:42.493786 CST | [antmaze-large-diverse-v2] L_Act            20.8677
2026-05-11 13:00:42.493811 CST | [antmaze-large-diverse-v2] L_Crit            0.584933
2026-05-11 13:00:42.493835 CST | [antmaze-large-diverse-v2] Weight            0.560396
2026-05-11 13:00:42.493860 CST | [antmaze-large-diverse-v2] kl                1
2026-05-11 13:00:42.493885 CST | [antmaze-large-diverse-v2] ---------------  ---------
2026-05-11 13:02:38.676755 CST | [antmaze-large-diverse-v2] ---------------  ---------
2026-05-11 13:02:38.676861 CST | [antmaze-large-diverse-v2] Training Epochs  61
2026-05-11 13:02:38.676892 CST | [antmaze-large-diverse-v2] AverageReturn     0.2
2026-05-11 13:02:38.676918 CST | [antmaze-large-diverse-v2] NormReturn        0.2
2026-05-11 13:02:38.676943 CST | [antmaze-large-diverse-v2] L_Act            20.861
2026-05-11 13:02:38.676969 CST | [antmaze-large-diverse-v2] L_Crit            0.575796
2026-05-11 13:02:38.676994 CST | [antmaze-large-diverse-v2] Weight            0.560436
2026-05-11 13:02:38.677019 CST | [antmaze-large-diverse-v2] kl                1
2026-05-11 13:02:38.677044 CST | [antmaze-large-diverse-v2] ---------------  ---------
2026-05-11 13:04:30.819357 CST | [antmaze-large-diverse-v2] ---------------  ---------
2026-05-11 13:04:30.819455 CST | [antmaze-large-diverse-v2] Training Epochs  62
2026-05-11 13:04:30.819486 CST | [antmaze-large-diverse-v2] AverageReturn     0.8
2026-05-11 13:04:30.819512 CST | [antmaze-large-diverse-v2] NormReturn        0.8
2026-05-11 13:04:30.819537 CST | [antmaze-large-diverse-v2] L_Act            20.8452
2026-05-11 13:04:30.819562 CST | [antmaze-large-diverse-v2] L_Crit            0.574793
2026-05-11 13:04:30.819587 CST | [antmaze-large-diverse-v2] Weight            0.559486
2026-05-11 13:04:30.819612 CST | [antmaze-large-diverse-v2] kl                1
2026-05-11 13:04:30.819636 CST | [antmaze-large-diverse-v2] ---------------  ---------
2026-05-11 13:06:28.320261 CST | [antmaze-large-diverse-v2] ---------------  ---------
2026-05-11 13:06:28.320359 CST | [antmaze-large-diverse-v2] Training Epochs  63
2026-05-11 13:06:28.320389 CST | [antmaze-large-diverse-v2] AverageReturn     0.1
2026-05-11 13:06:28.320416 CST | [antmaze-large-diverse-v2] NormReturn        0.1
2026-05-11 13:06:28.320441 CST | [antmaze-large-diverse-v2] L_Act            20.8225
2026-05-11 13:06:28.320466 CST | [antmaze-large-diverse-v2] L_Crit            0.569891
2026-05-11 13:06:28.320490 CST | [antmaze-large-diverse-v2] Weight            0.559352
2026-05-11 13:06:28.320515 CST | [antmaze-large-diverse-v2] kl                1
2026-05-11 13:06:28.320539 CST | [antmaze-large-diverse-v2] ---------------  ---------
2026-05-11 13:08:22.876169 CST | [antmaze-large-diverse-v2] ---------------  ---------
2026-05-11 13:08:22.876266 CST | [antmaze-large-diverse-v2] Training Epochs  64
2026-05-11 13:08:22.876297 CST | [antmaze-large-diverse-v2] AverageReturn     0.4
2026-05-11 13:08:22.876323 CST | [antmaze-large-diverse-v2] NormReturn        0.4
2026-05-11 13:08:22.876349 CST | [antmaze-large-diverse-v2] L_Act            20.8914
2026-05-11 13:08:22.876374 CST | [antmaze-large-diverse-v2] L_Crit            0.573703
2026-05-11 13:08:22.876399 CST | [antmaze-large-diverse-v2] Weight            0.556694
2026-05-11 13:08:22.876424 CST | [antmaze-large-diverse-v2] kl                1
2026-05-11 13:08:22.876449 CST | [antmaze-large-diverse-v2] ---------------  ---------
2026-05-11 13:10:18.280683 CST | [antmaze-large-diverse-v2] ---------------  ---------
2026-05-11 13:10:18.280775 CST | [antmaze-large-diverse-v2] Training Epochs  65
2026-05-11 13:10:18.280807 CST | [antmaze-large-diverse-v2] AverageReturn     0.4
2026-05-11 13:10:18.280832 CST | [antmaze-large-diverse-v2] NormReturn        0.4
2026-05-11 13:10:18.280856 CST | [antmaze-large-diverse-v2] L_Act            20.9073
2026-05-11 13:10:18.280880 CST | [antmaze-large-diverse-v2] L_Crit            0.562986
2026-05-11 13:10:18.280906 CST | [antmaze-large-diverse-v2] Weight            0.55742
2026-05-11 13:10:18.280931 CST | [antmaze-large-diverse-v2] kl                1
2026-05-11 13:10:18.280956 CST | [antmaze-large-diverse-v2] ---------------  ---------
2026-05-11 13:12:12.734294 CST | [antmaze-large-diverse-v2] ---------------  ---------
2026-05-11 13:12:12.734422 CST | [antmaze-large-diverse-v2] Training Epochs  66
2026-05-11 13:12:12.734482 CST | [antmaze-large-diverse-v2] AverageReturn     0.5
2026-05-11 13:12:12.734508 CST | [antmaze-large-diverse-v2] NormReturn        0.5
2026-05-11 13:12:12.734534 CST | [antmaze-large-diverse-v2] L_Act            20.9182
2026-05-11 13:12:12.734560 CST | [antmaze-large-diverse-v2] L_Crit            0.561652
2026-05-11 13:12:12.734585 CST | [antmaze-large-diverse-v2] Weight            0.558205
2026-05-11 13:12:12.734610 CST | [antmaze-large-diverse-v2] kl                1
2026-05-11 13:12:12.734634 CST | [antmaze-large-diverse-v2] ---------------  ---------
2026-05-11 13:14:07.946216 CST | [antmaze-large-diverse-v2] ---------------  ---------
2026-05-11 13:14:07.946307 CST | [antmaze-large-diverse-v2] Training Epochs  67
2026-05-11 13:14:07.946336 CST | [antmaze-large-diverse-v2] AverageReturn     0.4
2026-05-11 13:14:07.946364 CST | [antmaze-large-diverse-v2] NormReturn        0.4
2026-05-11 13:14:07.946388 CST | [antmaze-large-diverse-v2] L_Act            20.8884
2026-05-11 13:14:07.946412 CST | [antmaze-large-diverse-v2] L_Crit            0.55533
2026-05-11 13:14:07.946436 CST | [antmaze-large-diverse-v2] Weight            0.558464
2026-05-11 13:14:07.946459 CST | [antmaze-large-diverse-v2] kl                1
2026-05-11 13:14:07.946483 CST | [antmaze-large-diverse-v2] ---------------  ---------
2026-05-11 13:16:02.851844 CST | [antmaze-large-diverse-v2] ---------------  ---------
2026-05-11 13:16:02.851940 CST | [antmaze-large-diverse-v2] Training Epochs  68
2026-05-11 13:16:02.851971 CST | [antmaze-large-diverse-v2] AverageReturn     0.5
2026-05-11 13:16:02.851998 CST | [antmaze-large-diverse-v2] NormReturn        0.5
2026-05-11 13:16:02.852023 CST | [antmaze-large-diverse-v2] L_Act            20.867
2026-05-11 13:16:02.852052 CST | [antmaze-large-diverse-v2] L_Crit            0.549738
2026-05-11 13:16:02.852076 CST | [antmaze-large-diverse-v2] Weight            0.561369
2026-05-11 13:16:02.852102 CST | [antmaze-large-diverse-v2] kl                1
2026-05-11 13:16:02.852126 CST | [antmaze-large-diverse-v2] ---------------  ---------
2026-05-11 13:17:58.266486 CST | [antmaze-large-diverse-v2] ---------------  ---------
2026-05-11 13:17:58.266586 CST | [antmaze-large-diverse-v2] Training Epochs  69
2026-05-11 13:17:58.266631 CST | [antmaze-large-diverse-v2] AverageReturn     0.3
2026-05-11 13:17:58.266657 CST | [antmaze-large-diverse-v2] NormReturn        0.3
2026-05-11 13:17:58.266682 CST | [antmaze-large-diverse-v2] L_Act            20.8595
2026-05-11 13:17:58.266707 CST | [antmaze-large-diverse-v2] L_Crit            0.550264
2026-05-11 13:17:58.266732 CST | [antmaze-large-diverse-v2] Weight            0.559129
2026-05-11 13:17:58.266757 CST | [antmaze-large-diverse-v2] kl                1
2026-05-11 13:17:58.266785 CST | [antmaze-large-diverse-v2] ---------------  ---------
2026-05-11 13:19:55.923786 CST | [antmaze-large-diverse-v2] ---------------  ---------
2026-05-11 13:19:55.923882 CST | [antmaze-large-diverse-v2] Training Epochs  70
2026-05-11 13:19:55.923937 CST | [antmaze-large-diverse-v2] AverageReturn     0.2
2026-05-11 13:19:55.923963 CST | [antmaze-large-diverse-v2] NormReturn        0.2
2026-05-11 13:19:55.923989 CST | [antmaze-large-diverse-v2] L_Act            20.952
2026-05-11 13:19:55.924014 CST | [antmaze-large-diverse-v2] L_Crit            0.555963
2026-05-11 13:19:55.924044 CST | [antmaze-large-diverse-v2] Weight            0.556415
2026-05-11 13:19:55.924069 CST | [antmaze-large-diverse-v2] kl                1
2026-05-11 13:19:55.924093 CST | [antmaze-large-diverse-v2] ---------------  ---------
2026-05-11 13:21:50.986392 CST | [antmaze-large-diverse-v2] ---------------  ---------
2026-05-11 13:21:50.986487 CST | [antmaze-large-diverse-v2] Training Epochs  71
2026-05-11 13:21:50.986517 CST | [antmaze-large-diverse-v2] AverageReturn     0.6
2026-05-11 13:21:50.986544 CST | [antmaze-large-diverse-v2] NormReturn        0.6
2026-05-11 13:21:50.986569 CST | [antmaze-large-diverse-v2] L_Act            20.9878
2026-05-11 13:21:50.986595 CST | [antmaze-large-diverse-v2] L_Crit            0.552458
2026-05-11 13:21:50.986619 CST | [antmaze-large-diverse-v2] Weight            0.555633
2026-05-11 13:21:50.986644 CST | [antmaze-large-diverse-v2] kl                1
2026-05-11 13:21:50.986669 CST | [antmaze-large-diverse-v2] ---------------  ---------
2026-05-11 13:23:43.322363 CST | [antmaze-large-diverse-v2] ---------------  ---------
2026-05-11 13:23:43.322462 CST | [antmaze-large-diverse-v2] Training Epochs  72
2026-05-11 13:23:43.322493 CST | [antmaze-large-diverse-v2] AverageReturn     0.7
2026-05-11 13:23:43.322520 CST | [antmaze-large-diverse-v2] NormReturn        0.7
2026-05-11 13:23:43.322545 CST | [antmaze-large-diverse-v2] L_Act            21.0122
2026-05-11 13:23:43.322571 CST | [antmaze-large-diverse-v2] L_Crit            0.552379
2026-05-11 13:23:43.322596 CST | [antmaze-large-diverse-v2] Weight            0.556485
2026-05-11 13:23:43.322621 CST | [antmaze-large-diverse-v2] kl                1
2026-05-11 13:23:43.322645 CST | [antmaze-large-diverse-v2] ---------------  ---------
2026-05-11 13:25:37.357332 CST | [antmaze-large-diverse-v2] ---------------  ---------
2026-05-11 13:25:37.357431 CST | [antmaze-large-diverse-v2] Training Epochs  73
2026-05-11 13:25:37.357462 CST | [antmaze-large-diverse-v2] AverageReturn     0.6
2026-05-11 13:25:37.357489 CST | [antmaze-large-diverse-v2] NormReturn        0.6
2026-05-11 13:25:37.357514 CST | [antmaze-large-diverse-v2] L_Act            20.9641
2026-05-11 13:25:37.357538 CST | [antmaze-large-diverse-v2] L_Crit            0.56154
2026-05-11 13:25:37.357563 CST | [antmaze-large-diverse-v2] Weight            0.555912
2026-05-11 13:25:37.357587 CST | [antmaze-large-diverse-v2] kl                1
2026-05-11 13:25:37.357612 CST | [antmaze-large-diverse-v2] ---------------  ---------
2026-05-11 13:27:30.943533 CST | [antmaze-large-diverse-v2] ---------------  ---------
2026-05-11 13:27:30.943630 CST | [antmaze-large-diverse-v2] Training Epochs  74
2026-05-11 13:27:30.943661 CST | [antmaze-large-diverse-v2] AverageReturn     0.6
2026-05-11 13:27:30.943693 CST | [antmaze-large-diverse-v2] NormReturn        0.6
2026-05-11 13:27:30.943718 CST | [antmaze-large-diverse-v2] L_Act            21.0542
2026-05-11 13:27:30.943742 CST | [antmaze-large-diverse-v2] L_Crit            0.548132
2026-05-11 13:27:30.943767 CST | [antmaze-large-diverse-v2] Weight            0.554967
2026-05-11 13:27:30.943792 CST | [antmaze-large-diverse-v2] kl                1
2026-05-11 13:27:30.943816 CST | [antmaze-large-diverse-v2] ---------------  ---------
2026-05-11 13:29:26.250280 CST | [antmaze-large-diverse-v2] ---------------  ---------
2026-05-11 13:29:26.250381 CST | [antmaze-large-diverse-v2] Training Epochs  75
2026-05-11 13:29:26.250425 CST | [antmaze-large-diverse-v2] AverageReturn     0.3
2026-05-11 13:29:26.250452 CST | [antmaze-large-diverse-v2] NormReturn        0.3
2026-05-11 13:29:26.250480 CST | [antmaze-large-diverse-v2] L_Act            21.0277
2026-05-11 13:29:26.250505 CST | [antmaze-large-diverse-v2] L_Crit            0.544828
2026-05-11 13:29:26.250530 CST | [antmaze-large-diverse-v2] Weight            0.554917
2026-05-11 13:29:26.250554 CST | [antmaze-large-diverse-v2] kl                1
2026-05-11 13:29:26.250579 CST | [antmaze-large-diverse-v2] ---------------  ---------
2026-05-11 13:31:20.416567 CST | [antmaze-large-diverse-v2] ---------------  ---------
2026-05-11 13:31:20.416674 CST | [antmaze-large-diverse-v2] Training Epochs  76
2026-05-11 13:31:20.416705 CST | [antmaze-large-diverse-v2] AverageReturn     0.7
2026-05-11 13:31:20.416731 CST | [antmaze-large-diverse-v2] NormReturn        0.7
2026-05-11 13:31:20.416765 CST | [antmaze-large-diverse-v2] L_Act            21.0586
2026-05-11 13:31:20.416790 CST | [antmaze-large-diverse-v2] L_Crit            0.547997
2026-05-11 13:31:20.416815 CST | [antmaze-large-diverse-v2] Weight            0.552379
2026-05-11 13:31:20.416839 CST | [antmaze-large-diverse-v2] kl                1
2026-05-11 13:31:20.416864 CST | [antmaze-large-diverse-v2] ---------------  ---------
2026-05-11 13:33:17.780938 CST | [antmaze-large-diverse-v2] ---------------  ---------
2026-05-11 13:33:17.781034 CST | [antmaze-large-diverse-v2] Training Epochs  77
2026-05-11 13:33:17.781072 CST | [antmaze-large-diverse-v2] AverageReturn     0.2
2026-05-11 13:33:17.781098 CST | [antmaze-large-diverse-v2] NormReturn        0.2
2026-05-11 13:33:17.781124 CST | [antmaze-large-diverse-v2] L_Act            21.0137
2026-05-11 13:33:17.781149 CST | [antmaze-large-diverse-v2] L_Crit            0.547254
2026-05-11 13:33:17.781174 CST | [antmaze-large-diverse-v2] Weight            0.554412
2026-05-11 13:33:17.781199 CST | [antmaze-large-diverse-v2] kl                1
2026-05-11 13:33:17.781224 CST | [antmaze-large-diverse-v2] ---------------  ---------
2026-05-11 13:35:14.044242 CST | [antmaze-large-diverse-v2] ---------------  ---------
2026-05-11 13:35:14.044350 CST | [antmaze-large-diverse-v2] Training Epochs  78
2026-05-11 13:35:14.044382 CST | [antmaze-large-diverse-v2] AverageReturn     0.3
2026-05-11 13:35:14.044410 CST | [antmaze-large-diverse-v2] NormReturn        0.3
2026-05-11 13:35:14.044437 CST | [antmaze-large-diverse-v2] L_Act            20.9385
2026-05-11 13:35:14.044463 CST | [antmaze-large-diverse-v2] L_Crit            0.549952
2026-05-11 13:35:14.044487 CST | [antmaze-large-diverse-v2] Weight            0.555243
2026-05-11 13:35:14.044512 CST | [antmaze-large-diverse-v2] kl                1
2026-05-11 13:35:14.044537 CST | [antmaze-large-diverse-v2] ---------------  ---------
2026-05-11 13:37:09.532045 CST | [antmaze-large-diverse-v2] ---------------  ---------
2026-05-11 13:37:09.532144 CST | [antmaze-large-diverse-v2] Training Epochs  79
2026-05-11 13:37:09.532175 CST | [antmaze-large-diverse-v2] AverageReturn     0.3
2026-05-11 13:37:09.532202 CST | [antmaze-large-diverse-v2] NormReturn        0.3
2026-05-11 13:37:09.532228 CST | [antmaze-large-diverse-v2] L_Act            20.9732
2026-05-11 13:37:09.532253 CST | [antmaze-large-diverse-v2] L_Crit            0.546643
2026-05-11 13:37:09.532279 CST | [antmaze-large-diverse-v2] Weight            0.553002
2026-05-11 13:37:09.532303 CST | [antmaze-large-diverse-v2] kl                1
2026-05-11 13:37:09.532331 CST | [antmaze-large-diverse-v2] ---------------  ---------
2026-05-11 13:39:04.921055 CST | [antmaze-large-diverse-v2] ---------------  ---------
2026-05-11 13:39:04.921152 CST | [antmaze-large-diverse-v2] Training Epochs  80
2026-05-11 13:39:04.921193 CST | [antmaze-large-diverse-v2] AverageReturn     0.3
2026-05-11 13:39:04.921219 CST | [antmaze-large-diverse-v2] NormReturn        0.3
2026-05-11 13:39:04.921244 CST | [antmaze-large-diverse-v2] L_Act            21.0405
2026-05-11 13:39:04.921269 CST | [antmaze-large-diverse-v2] L_Crit            0.538103
2026-05-11 13:39:04.921296 CST | [antmaze-large-diverse-v2] Weight            0.552586
2026-05-11 13:39:04.921320 CST | [antmaze-large-diverse-v2] kl                1
2026-05-11 13:39:04.921345 CST | [antmaze-large-diverse-v2] ---------------  ---------
2026-05-11 13:41:02.343619 CST | [antmaze-large-diverse-v2] ---------------  ---------
2026-05-11 13:41:02.343714 CST | [antmaze-large-diverse-v2] Training Epochs  81
2026-05-11 13:41:02.343763 CST | [antmaze-large-diverse-v2] AverageReturn     0.2
2026-05-11 13:41:02.343791 CST | [antmaze-large-diverse-v2] NormReturn        0.2
2026-05-11 13:41:02.343819 CST | [antmaze-large-diverse-v2] L_Act            20.9862
2026-05-11 13:41:02.343844 CST | [antmaze-large-diverse-v2] L_Crit            0.5365
2026-05-11 13:41:02.343869 CST | [antmaze-large-diverse-v2] Weight            0.554369
2026-05-11 13:41:02.343894 CST | [antmaze-large-diverse-v2] kl                1
2026-05-11 13:41:02.343923 CST | [antmaze-large-diverse-v2] ---------------  ---------
2026-05-11 13:42:56.260672 CST | [antmaze-large-diverse-v2] ---------------  ---------
2026-05-11 13:42:56.260785 CST | [antmaze-large-diverse-v2] Training Epochs  82
2026-05-11 13:42:56.260816 CST | [antmaze-large-diverse-v2] AverageReturn     0.6
2026-05-11 13:42:56.260843 CST | [antmaze-large-diverse-v2] NormReturn        0.6
2026-05-11 13:42:56.260869 CST | [antmaze-large-diverse-v2] L_Act            21.0085
2026-05-11 13:42:56.260895 CST | [antmaze-large-diverse-v2] L_Crit            0.54248
2026-05-11 13:42:56.260919 CST | [antmaze-large-diverse-v2] Weight            0.551666
2026-05-11 13:42:56.260944 CST | [antmaze-large-diverse-v2] kl                1
2026-05-11 13:42:56.260969 CST | [antmaze-large-diverse-v2] ---------------  ---------
2026-05-11 13:44:48.630967 CST | [antmaze-large-diverse-v2] ---------------  ---------
2026-05-11 13:44:48.631067 CST | [antmaze-large-diverse-v2] Training Epochs  83
2026-05-11 13:44:48.631099 CST | [antmaze-large-diverse-v2] AverageReturn     0.7
2026-05-11 13:44:48.631126 CST | [antmaze-large-diverse-v2] NormReturn        0.7
2026-05-11 13:44:48.631151 CST | [antmaze-large-diverse-v2] L_Act            21.0695
2026-05-11 13:44:48.631176 CST | [antmaze-large-diverse-v2] L_Crit            0.542643
2026-05-11 13:44:48.631201 CST | [antmaze-large-diverse-v2] Weight            0.552827
2026-05-11 13:44:48.631226 CST | [antmaze-large-diverse-v2] kl                1
2026-05-11 13:44:48.631253 CST | [antmaze-large-diverse-v2] ---------------  ---------
2026-05-11 13:46:42.830343 CST | [antmaze-large-diverse-v2] ---------------  ---------
2026-05-11 13:46:42.830446 CST | [antmaze-large-diverse-v2] Training Epochs  84
2026-05-11 13:46:42.830475 CST | [antmaze-large-diverse-v2] AverageReturn     0.5
2026-05-11 13:46:42.830501 CST | [antmaze-large-diverse-v2] NormReturn        0.5
2026-05-11 13:46:42.830525 CST | [antmaze-large-diverse-v2] L_Act            21.1
2026-05-11 13:46:42.830549 CST | [antmaze-large-diverse-v2] L_Crit            0.536522
2026-05-11 13:46:42.830573 CST | [antmaze-large-diverse-v2] Weight            0.551118
2026-05-11 13:46:42.830598 CST | [antmaze-large-diverse-v2] kl                1
2026-05-11 13:46:42.830622 CST | [antmaze-large-diverse-v2] ---------------  ---------
2026-05-11 13:48:38.447828 CST | [antmaze-large-diverse-v2] ---------------  ---------
2026-05-11 13:48:38.447958 CST | [antmaze-large-diverse-v2] Training Epochs  85
2026-05-11 13:48:38.447989 CST | [antmaze-large-diverse-v2] AverageReturn     0.4
2026-05-11 13:48:38.448016 CST | [antmaze-large-diverse-v2] NormReturn        0.4
2026-05-11 13:48:38.448041 CST | [antmaze-large-diverse-v2] L_Act            21.1227
2026-05-11 13:48:38.448066 CST | [antmaze-large-diverse-v2] L_Crit            0.528178
2026-05-11 13:48:38.448091 CST | [antmaze-large-diverse-v2] Weight            0.550638
2026-05-11 13:48:38.448115 CST | [antmaze-large-diverse-v2] kl                1
2026-05-11 13:48:38.448140 CST | [antmaze-large-diverse-v2] ---------------  ---------
2026-05-11 13:50:32.251004 CST | [antmaze-large-diverse-v2] ---------------  ---------
2026-05-11 13:50:32.251110 CST | [antmaze-large-diverse-v2] Training Epochs  86
2026-05-11 13:50:32.251145 CST | [antmaze-large-diverse-v2] AverageReturn     0.5
2026-05-11 13:50:32.251171 CST | [antmaze-large-diverse-v2] NormReturn        0.5
2026-05-11 13:50:32.251196 CST | [antmaze-large-diverse-v2] L_Act            21.0853
2026-05-11 13:50:32.251222 CST | [antmaze-large-diverse-v2] L_Crit            0.535663
2026-05-11 13:50:32.251247 CST | [antmaze-large-diverse-v2] Weight            0.553385
2026-05-11 13:50:32.251271 CST | [antmaze-large-diverse-v2] kl                1
2026-05-11 13:50:32.251299 CST | [antmaze-large-diverse-v2] ---------------  ---------
2026-05-11 13:52:25.635643 CST | [antmaze-large-diverse-v2] ---------------  ---------
2026-05-11 13:52:25.635745 CST | [antmaze-large-diverse-v2] Training Epochs  87
2026-05-11 13:52:25.635791 CST | [antmaze-large-diverse-v2] AverageReturn     0.6
2026-05-11 13:52:25.635818 CST | [antmaze-large-diverse-v2] NormReturn        0.6
2026-05-11 13:52:25.635843 CST | [antmaze-large-diverse-v2] L_Act            21.0371
2026-05-11 13:52:25.635868 CST | [antmaze-large-diverse-v2] L_Crit            0.531935
2026-05-11 13:52:25.635893 CST | [antmaze-large-diverse-v2] Weight            0.551983
2026-05-11 13:52:25.635922 CST | [antmaze-large-diverse-v2] kl                1
2026-05-11 13:52:25.635947 CST | [antmaze-large-diverse-v2] ---------------  ---------
2026-05-11 13:54:18.875394 CST | [antmaze-large-diverse-v2] ---------------  ---------
2026-05-11 13:54:18.875492 CST | [antmaze-large-diverse-v2] Training Epochs  88
2026-05-11 13:54:18.875523 CST | [antmaze-large-diverse-v2] AverageReturn     0.5
2026-05-11 13:54:18.875550 CST | [antmaze-large-diverse-v2] NormReturn        0.5
2026-05-11 13:54:18.875579 CST | [antmaze-large-diverse-v2] L_Act            20.9904
2026-05-11 13:54:18.875604 CST | [antmaze-large-diverse-v2] L_Crit            0.531711
2026-05-11 13:54:18.875629 CST | [antmaze-large-diverse-v2] Weight            0.55167
2026-05-11 13:54:18.875653 CST | [antmaze-large-diverse-v2] kl                1
2026-05-11 13:54:18.875678 CST | [antmaze-large-diverse-v2] ---------------  ---------
2026-05-11 13:56:13.301745 CST | [antmaze-large-diverse-v2] ---------------  ---------
2026-05-11 13:56:13.301850 CST | [antmaze-large-diverse-v2] Training Epochs  89
2026-05-11 13:56:13.301881 CST | [antmaze-large-diverse-v2] AverageReturn     0.4
2026-05-11 13:56:13.301908 CST | [antmaze-large-diverse-v2] NormReturn        0.4
2026-05-11 13:56:13.301934 CST | [antmaze-large-diverse-v2] L_Act            20.9625
2026-05-11 13:56:13.301959 CST | [antmaze-large-diverse-v2] L_Crit            0.520875
2026-05-11 13:56:13.301987 CST | [antmaze-large-diverse-v2] Weight            0.551706
2026-05-11 13:56:13.302015 CST | [antmaze-large-diverse-v2] kl                1
2026-05-11 13:56:13.302040 CST | [antmaze-large-diverse-v2] ---------------  ---------
2026-05-11 13:58:07.459335 CST | [antmaze-large-diverse-v2] ---------------  ---------
2026-05-11 13:58:07.459431 CST | [antmaze-large-diverse-v2] Training Epochs  90
2026-05-11 13:58:07.459479 CST | [antmaze-large-diverse-v2] AverageReturn     0.5
2026-05-11 13:58:07.459508 CST | [antmaze-large-diverse-v2] NormReturn        0.5
2026-05-11 13:58:07.459534 CST | [antmaze-large-diverse-v2] L_Act            20.9618
2026-05-11 13:58:07.459560 CST | [antmaze-large-diverse-v2] L_Crit            0.526638
2026-05-11 13:58:07.459585 CST | [antmaze-large-diverse-v2] Weight            0.551327
2026-05-11 13:58:07.459610 CST | [antmaze-large-diverse-v2] kl                1
2026-05-11 13:58:07.459636 CST | [antmaze-large-diverse-v2] ---------------  ---------
2026-05-11 14:00:00.845657 CST | [antmaze-large-diverse-v2] ---------------  ---------
2026-05-11 14:00:00.845754 CST | [antmaze-large-diverse-v2] Training Epochs  91
2026-05-11 14:00:00.845786 CST | [antmaze-large-diverse-v2] AverageReturn     0.6
2026-05-11 14:00:00.845814 CST | [antmaze-large-diverse-v2] NormReturn        0.6
2026-05-11 14:00:00.845839 CST | [antmaze-large-diverse-v2] L_Act            21.0308
2026-05-11 14:00:00.845864 CST | [antmaze-large-diverse-v2] L_Crit            0.530641
2026-05-11 14:00:00.845889 CST | [antmaze-large-diverse-v2] Weight            0.550275
2026-05-11 14:00:00.845916 CST | [antmaze-large-diverse-v2] kl                1
2026-05-11 14:00:00.845940 CST | [antmaze-large-diverse-v2] ---------------  ---------
2026-05-11 14:01:57.032015 CST | [antmaze-large-diverse-v2] ---------------  ---------
2026-05-11 14:01:57.032103 CST | [antmaze-large-diverse-v2] Training Epochs  92
2026-05-11 14:01:57.032135 CST | [antmaze-large-diverse-v2] AverageReturn     0.3
2026-05-11 14:01:57.032163 CST | [antmaze-large-diverse-v2] NormReturn        0.3
2026-05-11 14:01:57.032188 CST | [antmaze-large-diverse-v2] L_Act            21.0689
2026-05-11 14:01:57.032213 CST | [antmaze-large-diverse-v2] L_Crit            0.524234
2026-05-11 14:01:57.032238 CST | [antmaze-large-diverse-v2] Weight            0.550992
2026-05-11 14:01:57.032263 CST | [antmaze-large-diverse-v2] kl                1
2026-05-11 14:01:57.032288 CST | [antmaze-large-diverse-v2] ---------------  ---------
2026-05-11 14:03:51.067380 CST | [antmaze-large-diverse-v2] ---------------  ---------
2026-05-11 14:03:51.067510 CST | [antmaze-large-diverse-v2] Training Epochs  93
2026-05-11 14:03:51.067541 CST | [antmaze-large-diverse-v2] AverageReturn     0.5
2026-05-11 14:03:51.067568 CST | [antmaze-large-diverse-v2] NormReturn        0.5
2026-05-11 14:03:51.067593 CST | [antmaze-large-diverse-v2] L_Act            21.0449
2026-05-11 14:03:51.067618 CST | [antmaze-large-diverse-v2] L_Crit            0.526136
2026-05-11 14:03:51.067643 CST | [antmaze-large-diverse-v2] Weight            0.55256
2026-05-11 14:03:51.067667 CST | [antmaze-large-diverse-v2] kl                1
2026-05-11 14:03:51.067692 CST | [antmaze-large-diverse-v2] ---------------  ---------
2026-05-11 14:05:43.159218 CST | [antmaze-large-diverse-v2] ---------------  ---------
2026-05-11 14:05:43.159322 CST | [antmaze-large-diverse-v2] Training Epochs  94
2026-05-11 14:05:43.159377 CST | [antmaze-large-diverse-v2] AverageReturn     0.7
2026-05-11 14:05:43.159404 CST | [antmaze-large-diverse-v2] NormReturn        0.7
2026-05-11 14:05:43.159430 CST | [antmaze-large-diverse-v2] L_Act            20.9883
2026-05-11 14:05:43.159455 CST | [antmaze-large-diverse-v2] L_Crit            0.521831
2026-05-11 14:05:43.159480 CST | [antmaze-large-diverse-v2] Weight            0.552725
2026-05-11 14:05:43.159505 CST | [antmaze-large-diverse-v2] kl                1
2026-05-11 14:05:43.159529 CST | [antmaze-large-diverse-v2] ---------------  ---------
2026-05-11 14:07:37.591155 CST | [antmaze-large-diverse-v2] ---------------  ---------
2026-05-11 14:07:37.591257 CST | [antmaze-large-diverse-v2] Training Epochs  95
2026-05-11 14:07:37.591286 CST | [antmaze-large-diverse-v2] AverageReturn     0.5
2026-05-11 14:07:37.591311 CST | [antmaze-large-diverse-v2] NormReturn        0.5
2026-05-11 14:07:37.591335 CST | [antmaze-large-diverse-v2] L_Act            20.9504
2026-05-11 14:07:37.591359 CST | [antmaze-large-diverse-v2] L_Crit            0.522778
2026-05-11 14:07:37.591384 CST | [antmaze-large-diverse-v2] Weight            0.552078
2026-05-11 14:07:37.591409 CST | [antmaze-large-diverse-v2] kl                1
2026-05-11 14:07:37.591434 CST | [antmaze-large-diverse-v2] ---------------  ---------
2026-05-11 14:09:32.492787 CST | [antmaze-large-diverse-v2] ---------------  ---------
2026-05-11 14:09:32.492891 CST | [antmaze-large-diverse-v2] Training Epochs  96
2026-05-11 14:09:32.492922 CST | [antmaze-large-diverse-v2] AverageReturn     0.4
2026-05-11 14:09:32.492948 CST | [antmaze-large-diverse-v2] NormReturn        0.4
2026-05-11 14:09:32.492973 CST | [antmaze-large-diverse-v2] L_Act            20.9114
2026-05-11 14:09:32.492998 CST | [antmaze-large-diverse-v2] L_Crit            0.523487
2026-05-11 14:09:32.493023 CST | [antmaze-large-diverse-v2] Weight            0.553115
2026-05-11 14:09:32.493048 CST | [antmaze-large-diverse-v2] kl                1
2026-05-11 14:09:32.493073 CST | [antmaze-large-diverse-v2] ---------------  ---------
2026-05-11 14:11:25.873647 CST | [antmaze-large-diverse-v2] ---------------  --------
2026-05-11 14:11:25.873756 CST | [antmaze-large-diverse-v2] Training Epochs  97
2026-05-11 14:11:25.873787 CST | [antmaze-large-diverse-v2] AverageReturn     0.5
2026-05-11 14:11:25.873813 CST | [antmaze-large-diverse-v2] NormReturn        0.5
2026-05-11 14:11:25.873838 CST | [antmaze-large-diverse-v2] L_Act            20.9356
2026-05-11 14:11:25.873863 CST | [antmaze-large-diverse-v2] L_Crit            0.52372
2026-05-11 14:11:25.873890 CST | [antmaze-large-diverse-v2] Weight            0.55229
2026-05-11 14:11:25.873915 CST | [antmaze-large-diverse-v2] kl                1
2026-05-11 14:11:25.873940 CST | [antmaze-large-diverse-v2] ---------------  --------
2026-05-11 14:13:19.819769 CST | [antmaze-large-diverse-v2] ---------------  ---------
2026-05-11 14:13:19.819871 CST | [antmaze-large-diverse-v2] Training Epochs  98
2026-05-11 14:13:19.819905 CST | [antmaze-large-diverse-v2] AverageReturn     0.6
2026-05-11 14:13:19.819933 CST | [antmaze-large-diverse-v2] NormReturn        0.6
2026-05-11 14:13:19.819958 CST | [antmaze-large-diverse-v2] L_Act            20.9617
2026-05-11 14:13:19.819984 CST | [antmaze-large-diverse-v2] L_Crit            0.517155
2026-05-11 14:13:19.820010 CST | [antmaze-large-diverse-v2] Weight            0.550692
2026-05-11 14:13:19.820034 CST | [antmaze-large-diverse-v2] kl                1
2026-05-11 14:13:19.820059 CST | [antmaze-large-diverse-v2] ---------------  ---------
2026-05-11 14:15:15.928276 CST | [antmaze-large-diverse-v2] ---------------  ---------
2026-05-11 14:15:15.928370 CST | [antmaze-large-diverse-v2] Training Epochs  99
2026-05-11 14:15:15.928402 CST | [antmaze-large-diverse-v2] AverageReturn     0.2
2026-05-11 14:15:15.928436 CST | [antmaze-large-diverse-v2] NormReturn        0.2
2026-05-11 14:15:15.928462 CST | [antmaze-large-diverse-v2] L_Act            21.0073
2026-05-11 14:15:15.928487 CST | [antmaze-large-diverse-v2] L_Crit            0.515947
2026-05-11 14:15:15.928512 CST | [antmaze-large-diverse-v2] Weight            0.553011
2026-05-11 14:15:15.928538 CST | [antmaze-large-diverse-v2] kl                1
2026-05-11 14:15:15.928563 CST | [antmaze-large-diverse-v2] ---------------  ---------
