2026-04-29 01:49:38.732987 CST | [maze2d-large-v1] ---------------  -----------
2026-04-29 01:49:38.733087 CST | [maze2d-large-v1] Training Epochs   0
2026-04-29 01:49:38.733117 CST | [maze2d-large-v1] AverageReturn    20.8
2026-04-29 01:49:38.733143 CST | [maze2d-large-v1] NormReturn        0.0527517
2026-04-29 01:49:38.733167 CST | [maze2d-large-v1] L_Act             1.54053
2026-04-29 01:49:38.733191 CST | [maze2d-large-v1] L_Crit            0.00846941
2026-04-29 01:49:38.733214 CST | [maze2d-large-v1] Weight            0.5
2026-04-29 01:49:38.733243 CST | [maze2d-large-v1] kl                1
2026-04-29 01:49:38.733266 CST | [maze2d-large-v1] ---------------  -----------
2026-04-29 01:51:19.756997 CST | [maze2d-large-v1] ---------------  ----------
2026-04-29 01:51:19.757110 CST | [maze2d-large-v1] Training Epochs   1
2026-04-29 01:51:19.757139 CST | [maze2d-large-v1] AverageReturn    28.2
2026-04-29 01:51:19.757163 CST | [maze2d-large-v1] NormReturn        0.080437
2026-04-29 01:51:19.757186 CST | [maze2d-large-v1] L_Act             6.61944
2026-04-29 01:51:19.757210 CST | [maze2d-large-v1] L_Crit            0.0739052
2026-04-29 01:51:19.757233 CST | [maze2d-large-v1] Weight            0.5
2026-04-29 01:51:19.757256 CST | [maze2d-large-v1] kl                1
2026-04-29 01:51:19.757279 CST | [maze2d-large-v1] ---------------  ----------
2026-04-29 01:52:55.997951 CST | [maze2d-large-v1] ---------------  ----------
2026-04-29 01:52:55.998067 CST | [maze2d-large-v1] Training Epochs   2
2026-04-29 01:52:55.998097 CST | [maze2d-large-v1] AverageReturn    27.5
2026-04-29 01:52:55.998122 CST | [maze2d-large-v1] NormReturn        0.0778181
2026-04-29 01:52:55.998145 CST | [maze2d-large-v1] L_Act            12.0805
2026-04-29 01:52:55.998168 CST | [maze2d-large-v1] L_Crit            0.27488
2026-04-29 01:52:55.998191 CST | [maze2d-large-v1] Weight            0.5
2026-04-29 01:52:55.998214 CST | [maze2d-large-v1] kl                1
2026-04-29 01:52:55.998237 CST | [maze2d-large-v1] ---------------  ----------
2026-04-29 01:54:32.314401 CST | [maze2d-large-v1] ---------------  ---------
2026-04-29 01:54:32.314503 CST | [maze2d-large-v1] Training Epochs   3
2026-04-29 01:54:32.314532 CST | [maze2d-large-v1] AverageReturn    79.2
2026-04-29 01:54:32.314557 CST | [maze2d-large-v1] NormReturn        0.271241
2026-04-29 01:54:32.314581 CST | [maze2d-large-v1] L_Act            16.2361
2026-04-29 01:54:32.314605 CST | [maze2d-large-v1] L_Crit            0.116269
2026-04-29 01:54:32.314628 CST | [maze2d-large-v1] Weight            0.5
2026-04-29 01:54:32.314651 CST | [maze2d-large-v1] kl                1
2026-04-29 01:54:32.314675 CST | [maze2d-large-v1] ---------------  ---------
2026-04-29 01:56:08.155372 CST | [maze2d-large-v1] ---------------  ----------
2026-04-29 01:56:08.155486 CST | [maze2d-large-v1] Training Epochs    4
2026-04-29 01:56:08.155516 CST | [maze2d-large-v1] AverageReturn    115.3
2026-04-29 01:56:08.155540 CST | [maze2d-large-v1] NormReturn         0.4063
2026-04-29 01:56:08.155564 CST | [maze2d-large-v1] L_Act             20.8476
2026-04-29 01:56:08.155587 CST | [maze2d-large-v1] L_Crit             0.110102
2026-04-29 01:56:08.155610 CST | [maze2d-large-v1] Weight             0.5
2026-04-29 01:56:08.155639 CST | [maze2d-large-v1] kl                 1
2026-04-29 01:56:08.155662 CST | [maze2d-large-v1] ---------------  ----------
2026-04-29 01:57:44.000745 CST | [maze2d-large-v1] ---------------  ----------
2026-04-29 01:57:44.000862 CST | [maze2d-large-v1] Training Epochs    5
2026-04-29 01:57:44.000891 CST | [maze2d-large-v1] AverageReturn    130.8
2026-04-29 01:57:44.000916 CST | [maze2d-large-v1] NormReturn         0.46429
2026-04-29 01:57:44.000940 CST | [maze2d-large-v1] L_Act             21.9657
2026-04-29 01:57:44.000963 CST | [maze2d-large-v1] L_Crit             0.141732
2026-04-29 01:57:44.000986 CST | [maze2d-large-v1] Weight             0.5
2026-04-29 01:57:44.001009 CST | [maze2d-large-v1] kl                 1
2026-04-29 01:57:44.001032 CST | [maze2d-large-v1] ---------------  ----------
2026-04-29 01:59:21.078819 CST | [maze2d-large-v1] ---------------  ----------
2026-04-29 01:59:21.078944 CST | [maze2d-large-v1] Training Epochs    6
2026-04-29 01:59:21.078974 CST | [maze2d-large-v1] AverageReturn    193.5
2026-04-29 01:59:21.078998 CST | [maze2d-large-v1] NormReturn         0.698866
2026-04-29 01:59:21.079022 CST | [maze2d-large-v1] L_Act             21.678
2026-04-29 01:59:21.079045 CST | [maze2d-large-v1] L_Crit             0.140093
2026-04-29 01:59:21.079068 CST | [maze2d-large-v1] Weight             0.5
2026-04-29 01:59:21.079094 CST | [maze2d-large-v1] kl                 1
2026-04-29 01:59:21.079117 CST | [maze2d-large-v1] ---------------  ----------
2026-04-29 02:00:57.367213 CST | [maze2d-large-v1] ---------------  -----------
2026-04-29 02:00:57.367328 CST | [maze2d-large-v1] Training Epochs    7
2026-04-29 02:00:57.367358 CST | [maze2d-large-v1] AverageReturn    285.6
2026-04-29 02:00:57.367382 CST | [maze2d-large-v1] NormReturn         1.04344
2026-04-29 02:00:57.367406 CST | [maze2d-large-v1] L_Act             22.9972
2026-04-29 02:00:57.367429 CST | [maze2d-large-v1] L_Crit             0.0604274
2026-04-29 02:00:57.367452 CST | [maze2d-large-v1] Weight             0.5
2026-04-29 02:00:57.367475 CST | [maze2d-large-v1] kl                 1
2026-04-29 02:00:57.367498 CST | [maze2d-large-v1] ---------------  -----------
2026-04-29 02:02:33.464719 CST | [maze2d-large-v1] ---------------  ----------
2026-04-29 02:02:33.464831 CST | [maze2d-large-v1] Training Epochs    8
2026-04-29 02:02:33.464861 CST | [maze2d-large-v1] AverageReturn    323.3
2026-04-29 02:02:33.464891 CST | [maze2d-large-v1] NormReturn         1.18448
2026-04-29 02:02:33.464915 CST | [maze2d-large-v1] L_Act             24.1558
2026-04-29 02:02:33.464939 CST | [maze2d-large-v1] L_Crit             0.041353
2026-04-29 02:02:33.464962 CST | [maze2d-large-v1] Weight             0.5
2026-04-29 02:02:33.464985 CST | [maze2d-large-v1] kl                 1
2026-04-29 02:02:33.465008 CST | [maze2d-large-v1] ---------------  ----------
2026-04-29 02:04:10.395108 CST | [maze2d-large-v1] ---------------  -----------
2026-04-29 02:04:10.395225 CST | [maze2d-large-v1] Training Epochs    9
2026-04-29 02:04:10.395254 CST | [maze2d-large-v1] AverageReturn    308.3
2026-04-29 02:04:10.395279 CST | [maze2d-large-v1] NormReturn         1.12836
2026-04-29 02:04:10.395303 CST | [maze2d-large-v1] L_Act             25.2362
2026-04-29 02:04:10.395327 CST | [maze2d-large-v1] L_Crit             0.0358109
2026-04-29 02:04:10.395350 CST | [maze2d-large-v1] Weight             0.5
2026-04-29 02:04:10.395374 CST | [maze2d-large-v1] kl                 1
2026-04-29 02:04:10.395398 CST | [maze2d-large-v1] ---------------  -----------
2026-04-29 02:05:47.050113 CST | [maze2d-large-v1] ---------------  -----------
2026-04-29 02:05:47.050246 CST | [maze2d-large-v1] Training Epochs   10
2026-04-29 02:05:47.050275 CST | [maze2d-large-v1] AverageReturn    302
2026-04-29 02:05:47.050300 CST | [maze2d-large-v1] NormReturn         1.10479
2026-04-29 02:05:47.050323 CST | [maze2d-large-v1] L_Act             25.7318
2026-04-29 02:05:47.050346 CST | [maze2d-large-v1] L_Crit             0.0362495
2026-04-29 02:05:47.050369 CST | [maze2d-large-v1] Weight             0.5
2026-04-29 02:05:47.050392 CST | [maze2d-large-v1] kl                 1
2026-04-29 02:05:47.050416 CST | [maze2d-large-v1] ---------------  -----------
2026-04-29 02:07:23.507576 CST | [maze2d-large-v1] ---------------  -----------
2026-04-29 02:07:23.507699 CST | [maze2d-large-v1] Training Epochs   11
2026-04-29 02:07:23.507729 CST | [maze2d-large-v1] AverageReturn    353.4
2026-04-29 02:07:23.507754 CST | [maze2d-large-v1] NormReturn         1.29709
2026-04-29 02:07:23.507777 CST | [maze2d-large-v1] L_Act             26.1373
2026-04-29 02:07:23.507801 CST | [maze2d-large-v1] L_Crit             0.0323122
2026-04-29 02:07:23.507824 CST | [maze2d-large-v1] Weight             0.5
2026-04-29 02:07:23.507847 CST | [maze2d-large-v1] kl                 1
2026-04-29 02:07:23.507870 CST | [maze2d-large-v1] ---------------  -----------
2026-04-29 02:08:59.940487 CST | [maze2d-large-v1] ---------------  -----------
2026-04-29 02:08:59.940607 CST | [maze2d-large-v1] Training Epochs   12
2026-04-29 02:08:59.940641 CST | [maze2d-large-v1] AverageReturn    336.7
2026-04-29 02:08:59.940666 CST | [maze2d-large-v1] NormReturn         1.23461
2026-04-29 02:08:59.940689 CST | [maze2d-large-v1] L_Act             26.4159
2026-04-29 02:08:59.940712 CST | [maze2d-large-v1] L_Crit             0.0303486
2026-04-29 02:08:59.940735 CST | [maze2d-large-v1] Weight             0.5
2026-04-29 02:08:59.940761 CST | [maze2d-large-v1] kl                 1
2026-04-29 02:08:59.940784 CST | [maze2d-large-v1] ---------------  -----------
2026-04-29 02:10:36.307184 CST | [maze2d-large-v1] ---------------  -----------
2026-04-29 02:10:36.307293 CST | [maze2d-large-v1] Training Epochs   13
2026-04-29 02:10:36.307322 CST | [maze2d-large-v1] AverageReturn    318.1
2026-04-29 02:10:36.307348 CST | [maze2d-large-v1] NormReturn         1.16503
2026-04-29 02:10:36.307372 CST | [maze2d-large-v1] L_Act             26.6273
2026-04-29 02:10:36.307396 CST | [maze2d-large-v1] L_Crit             0.0267279
2026-04-29 02:10:36.307420 CST | [maze2d-large-v1] Weight             0.5
2026-04-29 02:10:36.307443 CST | [maze2d-large-v1] kl                 1
2026-04-29 02:10:36.307467 CST | [maze2d-large-v1] ---------------  -----------
2026-04-29 02:12:12.801524 CST | [maze2d-large-v1] ---------------  -----------
2026-04-29 02:12:12.801653 CST | [maze2d-large-v1] Training Epochs   14
2026-04-29 02:12:12.801683 CST | [maze2d-large-v1] AverageReturn    254.6
2026-04-29 02:12:12.801708 CST | [maze2d-large-v1] NormReturn         0.927457
2026-04-29 02:12:12.801732 CST | [maze2d-large-v1] L_Act             26.8009
2026-04-29 02:12:12.801755 CST | [maze2d-large-v1] L_Crit             0.0229621
2026-04-29 02:12:12.801778 CST | [maze2d-large-v1] Weight             0.5
2026-04-29 02:12:12.801801 CST | [maze2d-large-v1] kl                 1
2026-04-29 02:12:12.801824 CST | [maze2d-large-v1] ---------------  -----------
2026-04-29 02:13:49.181224 CST | [maze2d-large-v1] ---------------  -----------
2026-04-29 02:13:49.181342 CST | [maze2d-large-v1] Training Epochs   15
2026-04-29 02:13:49.181388 CST | [maze2d-large-v1] AverageReturn    326.3
2026-04-29 02:13:49.181412 CST | [maze2d-large-v1] NormReturn         1.19571
2026-04-29 02:13:49.181435 CST | [maze2d-large-v1] L_Act             26.9155
2026-04-29 02:13:49.181458 CST | [maze2d-large-v1] L_Crit             0.0199853
2026-04-29 02:13:49.181480 CST | [maze2d-large-v1] Weight             0.5
2026-04-29 02:13:49.181502 CST | [maze2d-large-v1] kl                 1
2026-04-29 02:13:49.181525 CST | [maze2d-large-v1] ---------------  -----------
2026-04-29 02:15:25.725384 CST | [maze2d-large-v1] ---------------  -----------
2026-04-29 02:15:25.725511 CST | [maze2d-large-v1] Training Epochs   16
2026-04-29 02:15:25.725541 CST | [maze2d-large-v1] AverageReturn    334
2026-04-29 02:15:25.725565 CST | [maze2d-large-v1] NormReturn         1.22451
2026-04-29 02:15:25.725589 CST | [maze2d-large-v1] L_Act             27.0233
2026-04-29 02:15:25.725612 CST | [maze2d-large-v1] L_Crit             0.0182207
2026-04-29 02:15:25.725635 CST | [maze2d-large-v1] Weight             0.5
2026-04-29 02:15:25.725658 CST | [maze2d-large-v1] kl                 1
2026-04-29 02:15:25.725681 CST | [maze2d-large-v1] ---------------  -----------
2026-04-29 02:17:02.426149 CST | [maze2d-large-v1] ---------------  -----------
2026-04-29 02:17:02.426274 CST | [maze2d-large-v1] Training Epochs   17
2026-04-29 02:17:02.426303 CST | [maze2d-large-v1] AverageReturn    288.7
2026-04-29 02:17:02.426328 CST | [maze2d-large-v1] NormReturn         1.05503
2026-04-29 02:17:02.426351 CST | [maze2d-large-v1] L_Act             27.1037
2026-04-29 02:17:02.426374 CST | [maze2d-large-v1] L_Crit             0.0181404
2026-04-29 02:17:02.426397 CST | [maze2d-large-v1] Weight             0.5
2026-04-29 02:17:02.426420 CST | [maze2d-large-v1] kl                 1
2026-04-29 02:17:02.426444 CST | [maze2d-large-v1] ---------------  -----------
2026-04-29 02:18:38.699690 CST | [maze2d-large-v1] ---------------  -----------
2026-04-29 02:18:38.699804 CST | [maze2d-large-v1] Training Epochs   18
2026-04-29 02:18:38.699834 CST | [maze2d-large-v1] AverageReturn    286.4
2026-04-29 02:18:38.699859 CST | [maze2d-large-v1] NormReturn         1.04643
2026-04-29 02:18:38.699882 CST | [maze2d-large-v1] L_Act             27.1482
2026-04-29 02:18:38.699905 CST | [maze2d-large-v1] L_Crit             0.0164534
2026-04-29 02:18:38.699928 CST | [maze2d-large-v1] Weight             0.5
2026-04-29 02:18:38.699957 CST | [maze2d-large-v1] kl                 1
2026-04-29 02:18:38.699980 CST | [maze2d-large-v1] ---------------  -----------
2026-04-29 02:20:15.010874 CST | [maze2d-large-v1] ---------------  -----------
2026-04-29 02:20:15.010992 CST | [maze2d-large-v1] Training Epochs   19
2026-04-29 02:20:15.011022 CST | [maze2d-large-v1] AverageReturn    298.7
2026-04-29 02:20:15.011047 CST | [maze2d-large-v1] NormReturn         1.09245
2026-04-29 02:20:15.011071 CST | [maze2d-large-v1] L_Act             27.1178
2026-04-29 02:20:15.011094 CST | [maze2d-large-v1] L_Crit             0.0150582
2026-04-29 02:20:15.011117 CST | [maze2d-large-v1] Weight             0.5
2026-04-29 02:20:15.011140 CST | [maze2d-large-v1] kl                 1
2026-04-29 02:20:15.011163 CST | [maze2d-large-v1] ---------------  -----------
2026-04-29 02:21:50.984783 CST | [maze2d-large-v1] ---------------  -----------
2026-04-29 02:21:50.984905 CST | [maze2d-large-v1] Training Epochs   20
2026-04-29 02:21:50.984934 CST | [maze2d-large-v1] AverageReturn    298
2026-04-29 02:21:50.984959 CST | [maze2d-large-v1] NormReturn         1.08983
2026-04-29 02:21:50.984982 CST | [maze2d-large-v1] L_Act             27.1399
2026-04-29 02:21:50.985005 CST | [maze2d-large-v1] L_Crit             0.0141192
2026-04-29 02:21:50.985029 CST | [maze2d-large-v1] Weight             0.5
2026-04-29 02:21:50.985052 CST | [maze2d-large-v1] kl                 1
2026-04-29 02:21:50.985075 CST | [maze2d-large-v1] ---------------  -----------
2026-04-29 02:23:27.901261 CST | [maze2d-large-v1] ---------------  -----------
2026-04-29 02:23:27.901369 CST | [maze2d-large-v1] Training Epochs   21
2026-04-29 02:23:27.901399 CST | [maze2d-large-v1] AverageReturn    221.9
2026-04-29 02:23:27.901423 CST | [maze2d-large-v1] NormReturn         0.805118
2026-04-29 02:23:27.901447 CST | [maze2d-large-v1] L_Act             27.1514
2026-04-29 02:23:27.901470 CST | [maze2d-large-v1] L_Crit             0.0132153
2026-04-29 02:23:27.901499 CST | [maze2d-large-v1] Weight             0.5
2026-04-29 02:23:27.901522 CST | [maze2d-large-v1] kl                 1
2026-04-29 02:23:27.901545 CST | [maze2d-large-v1] ---------------  -----------
2026-04-29 02:25:04.062887 CST | [maze2d-large-v1] ---------------  -----------
2026-04-29 02:25:04.062998 CST | [maze2d-large-v1] Training Epochs   22
2026-04-29 02:25:04.063027 CST | [maze2d-large-v1] AverageReturn    252.5
2026-04-29 02:25:04.063052 CST | [maze2d-large-v1] NormReturn         0.9196
2026-04-29 02:25:04.063076 CST | [maze2d-large-v1] L_Act             27.1758
2026-04-29 02:25:04.063100 CST | [maze2d-large-v1] L_Crit             0.0117905
2026-04-29 02:25:04.063124 CST | [maze2d-large-v1] Weight             0.5
2026-04-29 02:25:04.063147 CST | [maze2d-large-v1] kl                 1
2026-04-29 02:25:04.063170 CST | [maze2d-large-v1] ---------------  -----------
2026-04-29 02:26:40.065722 CST | [maze2d-large-v1] ---------------  ----------
2026-04-29 02:26:40.065851 CST | [maze2d-large-v1] Training Epochs   23
2026-04-29 02:26:40.065880 CST | [maze2d-large-v1] AverageReturn    218.2
2026-04-29 02:26:40.065905 CST | [maze2d-large-v1] NormReturn         0.791275
2026-04-29 02:26:40.065929 CST | [maze2d-large-v1] L_Act             27.1923
2026-04-29 02:26:40.065952 CST | [maze2d-large-v1] L_Crit             0.012378
2026-04-29 02:26:40.065975 CST | [maze2d-large-v1] Weight             0.5
2026-04-29 02:26:40.065998 CST | [maze2d-large-v1] kl                 1
2026-04-29 02:26:40.066021 CST | [maze2d-large-v1] ---------------  ----------
2026-04-29 02:28:17.134046 CST | [maze2d-large-v1] ---------------  -----------
2026-04-29 02:28:17.134190 CST | [maze2d-large-v1] Training Epochs   24
2026-04-29 02:28:17.134221 CST | [maze2d-large-v1] AverageReturn    236
2026-04-29 02:28:17.134245 CST | [maze2d-large-v1] NormReturn         0.85787
2026-04-29 02:28:17.134269 CST | [maze2d-large-v1] L_Act             27.2568
2026-04-29 02:28:17.134292 CST | [maze2d-large-v1] L_Crit             0.0127591
2026-04-29 02:28:17.134317 CST | [maze2d-large-v1] Weight             0.5
2026-04-29 02:28:17.134341 CST | [maze2d-large-v1] kl                 1
2026-04-29 02:28:17.134364 CST | [maze2d-large-v1] ---------------  -----------
2026-04-29 02:29:54.502122 CST | [maze2d-large-v1] ---------------  -----------
2026-04-29 02:29:54.502238 CST | [maze2d-large-v1] Training Epochs   25
2026-04-29 02:29:54.502268 CST | [maze2d-large-v1] AverageReturn    218.9
2026-04-29 02:29:54.502298 CST | [maze2d-large-v1] NormReturn         0.793894
2026-04-29 02:29:54.502322 CST | [maze2d-large-v1] L_Act             27.2947
2026-04-29 02:29:54.502345 CST | [maze2d-large-v1] L_Crit             0.0119804
2026-04-29 02:29:54.502368 CST | [maze2d-large-v1] Weight             0.5
2026-04-29 02:29:54.502391 CST | [maze2d-large-v1] kl                 1
2026-04-29 02:29:54.502414 CST | [maze2d-large-v1] ---------------  -----------
2026-04-29 02:31:31.314390 CST | [maze2d-large-v1] ---------------  -----------
2026-04-29 02:31:31.314503 CST | [maze2d-large-v1] Training Epochs   26
2026-04-29 02:31:31.314533 CST | [maze2d-large-v1] AverageReturn    278.1
2026-04-29 02:31:31.314557 CST | [maze2d-large-v1] NormReturn         1.01538
2026-04-29 02:31:31.314581 CST | [maze2d-large-v1] L_Act             27.2962
2026-04-29 02:31:31.314604 CST | [maze2d-large-v1] L_Crit             0.0111143
2026-04-29 02:31:31.314627 CST | [maze2d-large-v1] Weight             0.5
2026-04-29 02:31:31.314650 CST | [maze2d-large-v1] kl                 1
2026-04-29 02:31:31.314673 CST | [maze2d-large-v1] ---------------  -----------
2026-04-29 02:33:08.611752 CST | [maze2d-large-v1] ---------------  -----------
2026-04-29 02:33:08.611874 CST | [maze2d-large-v1] Training Epochs   27
2026-04-29 02:33:08.611923 CST | [maze2d-large-v1] AverageReturn    228.2
2026-04-29 02:33:08.611948 CST | [maze2d-large-v1] NormReturn         0.828688
2026-04-29 02:33:08.611972 CST | [maze2d-large-v1] L_Act             27.3182
2026-04-29 02:33:08.611995 CST | [maze2d-large-v1] L_Crit             0.0112055
2026-04-29 02:33:08.612018 CST | [maze2d-large-v1] Weight             0.5
2026-04-29 02:33:08.612041 CST | [maze2d-large-v1] kl                 1
2026-04-29 02:33:08.612064 CST | [maze2d-large-v1] ---------------  -----------
2026-04-29 02:34:44.566264 CST | [maze2d-large-v1] ---------------  -----------
2026-04-29 02:34:44.566383 CST | [maze2d-large-v1] Training Epochs   28
2026-04-29 02:34:44.566413 CST | [maze2d-large-v1] AverageReturn    219.7
2026-04-29 02:34:44.566439 CST | [maze2d-large-v1] NormReturn         0.796887
2026-04-29 02:34:44.566463 CST | [maze2d-large-v1] L_Act             27.338
2026-04-29 02:34:44.566486 CST | [maze2d-large-v1] L_Crit             0.0107003
2026-04-29 02:34:44.566509 CST | [maze2d-large-v1] Weight             0.5
2026-04-29 02:34:44.566532 CST | [maze2d-large-v1] kl                 1
2026-04-29 02:34:44.566555 CST | [maze2d-large-v1] ---------------  -----------
2026-04-29 02:36:20.860761 CST | [maze2d-large-v1] ---------------  -----------
2026-04-29 02:36:20.860893 CST | [maze2d-large-v1] Training Epochs   29
2026-04-29 02:36:20.860944 CST | [maze2d-large-v1] AverageReturn    140.4
2026-04-29 02:36:20.860969 CST | [maze2d-large-v1] NormReturn         0.500206
2026-04-29 02:36:20.860993 CST | [maze2d-large-v1] L_Act             27.3755
2026-04-29 02:36:20.861016 CST | [maze2d-large-v1] L_Crit             0.0106025
2026-04-29 02:36:20.861039 CST | [maze2d-large-v1] Weight             0.5
2026-04-29 02:36:20.861062 CST | [maze2d-large-v1] kl                 1
2026-04-29 02:36:20.861085 CST | [maze2d-large-v1] ---------------  -----------
2026-04-29 02:37:57.610344 CST | [maze2d-large-v1] ---------------  -----------
2026-04-29 02:37:57.610451 CST | [maze2d-large-v1] Training Epochs   30
2026-04-29 02:37:57.610480 CST | [maze2d-large-v1] AverageReturn    164.6
2026-04-29 02:37:57.610506 CST | [maze2d-large-v1] NormReturn         0.590744
2026-04-29 02:37:57.610530 CST | [maze2d-large-v1] L_Act             27.4076
2026-04-29 02:37:57.610554 CST | [maze2d-large-v1] L_Crit             0.0101276
2026-04-29 02:37:57.610583 CST | [maze2d-large-v1] Weight             0.5
2026-04-29 02:37:57.610606 CST | [maze2d-large-v1] kl                 1
2026-04-29 02:37:57.610629 CST | [maze2d-large-v1] ---------------  -----------
2026-04-29 02:39:33.729230 CST | [maze2d-large-v1] ---------------  -----------
2026-04-29 02:39:33.729348 CST | [maze2d-large-v1] Training Epochs   31
2026-04-29 02:39:33.729379 CST | [maze2d-large-v1] AverageReturn    158.5
2026-04-29 02:39:33.729404 CST | [maze2d-large-v1] NormReturn         0.567922
2026-04-29 02:39:33.729428 CST | [maze2d-large-v1] L_Act             27.4167
2026-04-29 02:39:33.729451 CST | [maze2d-large-v1] L_Crit             0.0103957
2026-04-29 02:39:33.729474 CST | [maze2d-large-v1] Weight             0.5
2026-04-29 02:39:33.729498 CST | [maze2d-large-v1] kl                 1
2026-04-29 02:39:33.729521 CST | [maze2d-large-v1] ---------------  -----------
2026-04-29 02:41:10.652018 CST | [maze2d-large-v1] ---------------  -----------
2026-04-29 02:41:10.652146 CST | [maze2d-large-v1] Training Epochs   32
2026-04-29 02:41:10.652176 CST | [maze2d-large-v1] AverageReturn    182.7
2026-04-29 02:41:10.652201 CST | [maze2d-large-v1] NormReturn         0.658461
2026-04-29 02:41:10.652224 CST | [maze2d-large-v1] L_Act             27.4511
2026-04-29 02:41:10.652248 CST | [maze2d-large-v1] L_Crit             0.0100556
2026-04-29 02:41:10.652271 CST | [maze2d-large-v1] Weight             0.5
2026-04-29 02:41:10.652294 CST | [maze2d-large-v1] kl                 1
2026-04-29 02:41:10.652317 CST | [maze2d-large-v1] ---------------  -----------
2026-04-29 02:42:47.944398 CST | [maze2d-large-v1] ---------------  ------------
2026-04-29 02:42:47.944518 CST | [maze2d-large-v1] Training Epochs   33
2026-04-29 02:42:47.944548 CST | [maze2d-large-v1] AverageReturn    198.3
2026-04-29 02:42:47.944573 CST | [maze2d-large-v1] NormReturn         0.716824
2026-04-29 02:42:47.944597 CST | [maze2d-large-v1] L_Act             27.47
2026-04-29 02:42:47.944625 CST | [maze2d-large-v1] L_Crit             0.00957517
2026-04-29 02:42:47.944649 CST | [maze2d-large-v1] Weight             0.5
2026-04-29 02:42:47.944673 CST | [maze2d-large-v1] kl                 1
2026-04-29 02:42:47.944696 CST | [maze2d-large-v1] ---------------  ------------
2026-04-29 02:44:24.434397 CST | [maze2d-large-v1] ---------------  -----------
2026-04-29 02:44:24.434502 CST | [maze2d-large-v1] Training Epochs   34
2026-04-29 02:44:24.434532 CST | [maze2d-large-v1] AverageReturn    110.3
2026-04-29 02:44:24.434557 CST | [maze2d-large-v1] NormReturn         0.387594
2026-04-29 02:44:24.434580 CST | [maze2d-large-v1] L_Act             27.5425
2026-04-29 02:44:24.434603 CST | [maze2d-large-v1] L_Crit             0.0092022
2026-04-29 02:44:24.434626 CST | [maze2d-large-v1] Weight             0.5
2026-04-29 02:44:24.434649 CST | [maze2d-large-v1] kl                 1
2026-04-29 02:44:24.434673 CST | [maze2d-large-v1] ---------------  -----------
2026-04-29 02:46:00.936498 CST | [maze2d-large-v1] ---------------  -----------
2026-04-29 02:46:00.936617 CST | [maze2d-large-v1] Training Epochs  35
2026-04-29 02:46:00.936647 CST | [maze2d-large-v1] AverageReturn    82.4
2026-04-29 02:46:00.936672 CST | [maze2d-large-v1] NormReturn        0.283213
2026-04-29 02:46:00.936696 CST | [maze2d-large-v1] L_Act            27.5725
2026-04-29 02:46:00.936719 CST | [maze2d-large-v1] L_Crit            0.00916136
2026-04-29 02:46:00.936742 CST | [maze2d-large-v1] Weight            0.5
2026-04-29 02:46:00.936765 CST | [maze2d-large-v1] kl                1
2026-04-29 02:46:00.936788 CST | [maze2d-large-v1] ---------------  -----------
2026-04-29 02:47:36.779483 CST | [maze2d-large-v1] ---------------  -----------
2026-04-29 02:47:36.779599 CST | [maze2d-large-v1] Training Epochs  36
2026-04-29 02:47:36.779629 CST | [maze2d-large-v1] AverageReturn    93.2
2026-04-29 02:47:36.779654 CST | [maze2d-large-v1] NormReturn        0.323619
2026-04-29 02:47:36.779677 CST | [maze2d-large-v1] L_Act            27.5597
2026-04-29 02:47:36.779701 CST | [maze2d-large-v1] L_Crit            0.00869305
2026-04-29 02:47:36.779726 CST | [maze2d-large-v1] Weight            0.5
2026-04-29 02:47:36.779749 CST | [maze2d-large-v1] kl                1
2026-04-29 02:47:36.779772 CST | [maze2d-large-v1] ---------------  -----------
2026-04-29 02:49:12.954456 CST | [maze2d-large-v1] ---------------  -----------
2026-04-29 02:49:12.954581 CST | [maze2d-large-v1] Training Epochs  37
2026-04-29 02:49:12.954610 CST | [maze2d-large-v1] AverageReturn    85.6
2026-04-29 02:49:12.954635 CST | [maze2d-large-v1] NormReturn        0.295185
2026-04-29 02:49:12.954658 CST | [maze2d-large-v1] L_Act            27.5428
2026-04-29 02:49:12.954681 CST | [maze2d-large-v1] L_Crit            0.00845557
2026-04-29 02:49:12.954704 CST | [maze2d-large-v1] Weight            0.5
2026-04-29 02:49:12.954728 CST | [maze2d-large-v1] kl                1
2026-04-29 02:49:12.954751 CST | [maze2d-large-v1] ---------------  -----------
2026-04-29 02:50:49.543808 CST | [maze2d-large-v1] ---------------  -----------
2026-04-29 02:50:49.543915 CST | [maze2d-large-v1] Training Epochs  38
2026-04-29 02:50:49.543945 CST | [maze2d-large-v1] AverageReturn    82.8
2026-04-29 02:50:49.543970 CST | [maze2d-large-v1] NormReturn        0.284709
2026-04-29 02:50:49.543994 CST | [maze2d-large-v1] L_Act            27.5874
2026-04-29 02:50:49.544018 CST | [maze2d-large-v1] L_Crit            0.00928148
2026-04-29 02:50:49.544041 CST | [maze2d-large-v1] Weight            0.5
2026-04-29 02:50:49.544069 CST | [maze2d-large-v1] kl                1
2026-04-29 02:50:49.544092 CST | [maze2d-large-v1] ---------------  -----------
2026-04-29 02:52:25.912573 CST | [maze2d-large-v1] ---------------  ------------
2026-04-29 02:52:25.912703 CST | [maze2d-large-v1] Training Epochs   39
2026-04-29 02:52:25.912732 CST | [maze2d-large-v1] AverageReturn    103.7
2026-04-29 02:52:25.912767 CST | [maze2d-large-v1] NormReturn         0.362902
2026-04-29 02:52:25.912791 CST | [maze2d-large-v1] L_Act             27.6156
2026-04-29 02:52:25.912814 CST | [maze2d-large-v1] L_Crit             0.00856089
2026-04-29 02:52:25.912837 CST | [maze2d-large-v1] Weight             0.5
2026-04-29 02:52:25.912860 CST | [maze2d-large-v1] kl                 1
2026-04-29 02:52:25.912883 CST | [maze2d-large-v1] ---------------  ------------
2026-04-29 02:54:02.711775 CST | [maze2d-large-v1] ---------------  -----------
2026-04-29 02:54:02.711893 CST | [maze2d-large-v1] Training Epochs  40
2026-04-29 02:54:02.711922 CST | [maze2d-large-v1] AverageReturn    73.7
2026-04-29 02:54:02.711947 CST | [maze2d-large-v1] NormReturn        0.250664
2026-04-29 02:54:02.711970 CST | [maze2d-large-v1] L_Act            27.6134
2026-04-29 02:54:02.711993 CST | [maze2d-large-v1] L_Crit            0.00904283
2026-04-29 02:54:02.712016 CST | [maze2d-large-v1] Weight            0.5
2026-04-29 02:54:02.712039 CST | [maze2d-large-v1] kl                1
2026-04-29 02:54:02.712062 CST | [maze2d-large-v1] ---------------  -----------
2026-04-29 02:55:38.806724 CST | [maze2d-large-v1] ---------------  -----------
2026-04-29 02:55:38.806831 CST | [maze2d-large-v1] Training Epochs  41
2026-04-29 02:55:38.806861 CST | [maze2d-large-v1] AverageReturn    67.6
2026-04-29 02:55:38.806886 CST | [maze2d-large-v1] NormReturn        0.227842
2026-04-29 02:55:38.806909 CST | [maze2d-large-v1] L_Act            27.6339
2026-04-29 02:55:38.806932 CST | [maze2d-large-v1] L_Crit            0.00910156
2026-04-29 02:55:38.806955 CST | [maze2d-large-v1] Weight            0.5
2026-04-29 02:55:38.806978 CST | [maze2d-large-v1] kl                1
2026-04-29 02:55:38.807001 CST | [maze2d-large-v1] ---------------  -----------
2026-04-29 02:57:14.800723 CST | [maze2d-large-v1] ---------------  -----------
2026-04-29 02:57:14.800832 CST | [maze2d-large-v1] Training Epochs  42
2026-04-29 02:57:14.800861 CST | [maze2d-large-v1] AverageReturn    79
2026-04-29 02:57:14.800886 CST | [maze2d-large-v1] NormReturn        0.270493
2026-04-29 02:57:14.800915 CST | [maze2d-large-v1] L_Act            27.6569
2026-04-29 02:57:14.800939 CST | [maze2d-large-v1] L_Crit            0.00886716
2026-04-29 02:57:14.800964 CST | [maze2d-large-v1] Weight            0.5
2026-04-29 02:57:14.800987 CST | [maze2d-large-v1] kl                1
2026-04-29 02:57:14.801010 CST | [maze2d-large-v1] ---------------  -----------
2026-04-29 02:58:51.493549 CST | [maze2d-large-v1] ---------------  -----------
2026-04-29 02:58:51.493660 CST | [maze2d-large-v1] Training Epochs  43
2026-04-29 02:58:51.493690 CST | [maze2d-large-v1] AverageReturn    76.4
2026-04-29 02:58:51.493715 CST | [maze2d-large-v1] NormReturn        0.260765
2026-04-29 02:58:51.493738 CST | [maze2d-large-v1] L_Act            27.6439
2026-04-29 02:58:51.493761 CST | [maze2d-large-v1] L_Crit            0.00863702
2026-04-29 02:58:51.493784 CST | [maze2d-large-v1] Weight            0.5
2026-04-29 02:58:51.493807 CST | [maze2d-large-v1] kl                1
2026-04-29 02:58:51.493830 CST | [maze2d-large-v1] ---------------  -----------
2026-04-29 03:00:27.857572 CST | [maze2d-large-v1] ---------------  -----------
2026-04-29 03:00:27.857699 CST | [maze2d-large-v1] Training Epochs  44
2026-04-29 03:00:27.857729 CST | [maze2d-large-v1] AverageReturn    66.7
2026-04-29 03:00:27.857754 CST | [maze2d-large-v1] NormReturn        0.224475
2026-04-29 03:00:27.857778 CST | [maze2d-large-v1] L_Act            27.6486
2026-04-29 03:00:27.857801 CST | [maze2d-large-v1] L_Crit            0.00831373
2026-04-29 03:00:27.857824 CST | [maze2d-large-v1] Weight            0.5
2026-04-29 03:00:27.857847 CST | [maze2d-large-v1] kl                1
2026-04-29 03:00:27.857871 CST | [maze2d-large-v1] ---------------  -----------
2026-04-29 03:02:04.049302 CST | [maze2d-large-v1] ---------------  -----------
2026-04-29 03:02:04.049421 CST | [maze2d-large-v1] Training Epochs  45
2026-04-29 03:02:04.049450 CST | [maze2d-large-v1] AverageReturn    99.6
2026-04-29 03:02:04.049474 CST | [maze2d-large-v1] NormReturn        0.347563
2026-04-29 03:02:04.049498 CST | [maze2d-large-v1] L_Act            27.6709
2026-04-29 03:02:04.049521 CST | [maze2d-large-v1] L_Crit            0.00827781
2026-04-29 03:02:04.049544 CST | [maze2d-large-v1] Weight            0.5
2026-04-29 03:02:04.049567 CST | [maze2d-large-v1] kl                1
2026-04-29 03:02:04.049590 CST | [maze2d-large-v1] ---------------  -----------
2026-04-29 03:03:40.294529 CST | [maze2d-large-v1] ---------------  ------------
2026-04-29 03:03:40.294641 CST | [maze2d-large-v1] Training Epochs   46
2026-04-29 03:03:40.294676 CST | [maze2d-large-v1] AverageReturn    135.4
2026-04-29 03:03:40.294701 CST | [maze2d-large-v1] NormReturn         0.481499
2026-04-29 03:03:40.294725 CST | [maze2d-large-v1] L_Act             27.6797
2026-04-29 03:03:40.294748 CST | [maze2d-large-v1] L_Crit             0.00821946
2026-04-29 03:03:40.294771 CST | [maze2d-large-v1] Weight             0.5
2026-04-29 03:03:40.294794 CST | [maze2d-large-v1] kl                 1
2026-04-29 03:03:40.294818 CST | [maze2d-large-v1] ---------------  ------------
2026-04-29 03:05:17.657317 CST | [maze2d-large-v1] ---------------  ------------
2026-04-29 03:05:17.657428 CST | [maze2d-large-v1] Training Epochs   47
2026-04-29 03:05:17.657458 CST | [maze2d-large-v1] AverageReturn    107.3
2026-04-29 03:05:17.657483 CST | [maze2d-large-v1] NormReturn         0.37637
2026-04-29 03:05:17.657506 CST | [maze2d-large-v1] L_Act             27.6747
2026-04-29 03:05:17.657529 CST | [maze2d-large-v1] L_Crit             0.00801265
2026-04-29 03:05:17.657552 CST | [maze2d-large-v1] Weight             0.5
2026-04-29 03:05:17.657575 CST | [maze2d-large-v1] kl                 1
2026-04-29 03:05:17.657598 CST | [maze2d-large-v1] ---------------  ------------
2026-04-29 03:06:54.443558 CST | [maze2d-large-v1] ---------------  ------------
2026-04-29 03:06:54.443676 CST | [maze2d-large-v1] Training Epochs   48
2026-04-29 03:06:54.443706 CST | [maze2d-large-v1] AverageReturn    165.7
2026-04-29 03:06:54.443731 CST | [maze2d-large-v1] NormReturn         0.59486
2026-04-29 03:06:54.443754 CST | [maze2d-large-v1] L_Act             27.6822
2026-04-29 03:06:54.443780 CST | [maze2d-large-v1] L_Crit             0.00784636
2026-04-29 03:06:54.443803 CST | [maze2d-large-v1] Weight             0.5
2026-04-29 03:06:54.443826 CST | [maze2d-large-v1] kl                 1
2026-04-29 03:06:54.443849 CST | [maze2d-large-v1] ---------------  ------------
2026-04-29 03:08:31.265189 CST | [maze2d-large-v1] ---------------  ------------
2026-04-29 03:08:31.265300 CST | [maze2d-large-v1] Training Epochs   49
2026-04-29 03:08:31.265330 CST | [maze2d-large-v1] AverageReturn    178.6
2026-04-29 03:08:31.265355 CST | [maze2d-large-v1] NormReturn         0.643122
2026-04-29 03:08:31.265379 CST | [maze2d-large-v1] L_Act             27.6775
2026-04-29 03:08:31.265403 CST | [maze2d-large-v1] L_Crit             0.00781445
2026-04-29 03:08:31.265427 CST | [maze2d-large-v1] Weight             0.5
2026-04-29 03:08:31.265450 CST | [maze2d-large-v1] kl                 1
2026-04-29 03:08:31.265474 CST | [maze2d-large-v1] ---------------  ------------
2026-04-29 03:10:07.863936 CST | [maze2d-large-v1] ---------------  ------------
2026-04-29 03:10:07.864059 CST | [maze2d-large-v1] Training Epochs   50
2026-04-29 03:10:07.864088 CST | [maze2d-large-v1] AverageReturn    130.7
2026-04-29 03:10:07.864113 CST | [maze2d-large-v1] NormReturn         0.463916
2026-04-29 03:10:07.864137 CST | [maze2d-large-v1] L_Act             27.7186
2026-04-29 03:10:07.864160 CST | [maze2d-large-v1] L_Crit             0.00739085
2026-04-29 03:10:07.864183 CST | [maze2d-large-v1] Weight             0.5
2026-04-29 03:10:07.864206 CST | [maze2d-large-v1] kl                 1
2026-04-29 03:10:07.864230 CST | [maze2d-large-v1] ---------------  ------------
2026-04-29 03:11:43.771066 CST | [maze2d-large-v1] ---------------  ------------
2026-04-29 03:11:43.771183 CST | [maze2d-large-v1] Training Epochs   51
2026-04-29 03:11:43.771235 CST | [maze2d-large-v1] AverageReturn    153.7
2026-04-29 03:11:43.771260 CST | [maze2d-large-v1] NormReturn         0.549964
2026-04-29 03:11:43.771283 CST | [maze2d-large-v1] L_Act             27.6915
2026-04-29 03:11:43.771306 CST | [maze2d-large-v1] L_Crit             0.00727626
2026-04-29 03:11:43.771329 CST | [maze2d-large-v1] Weight             0.5
2026-04-29 03:11:43.771352 CST | [maze2d-large-v1] kl                 1
2026-04-29 03:11:43.771375 CST | [maze2d-large-v1] ---------------  ------------
2026-04-29 03:13:20.238284 CST | [maze2d-large-v1] ---------------  ------------
2026-04-29 03:13:20.238396 CST | [maze2d-large-v1] Training Epochs   52
2026-04-29 03:13:20.238426 CST | [maze2d-large-v1] AverageReturn    184.5
2026-04-29 03:13:20.238450 CST | [maze2d-large-v1] NormReturn         0.665195
2026-04-29 03:13:20.238474 CST | [maze2d-large-v1] L_Act             27.7169
2026-04-29 03:13:20.238497 CST | [maze2d-large-v1] L_Crit             0.00764831
2026-04-29 03:13:20.238520 CST | [maze2d-large-v1] Weight             0.5
2026-04-29 03:13:20.238543 CST | [maze2d-large-v1] kl                 1
2026-04-29 03:13:20.238566 CST | [maze2d-large-v1] ---------------  ------------
2026-04-29 03:14:57.160502 CST | [maze2d-large-v1] ---------------  ------------
2026-04-29 03:14:57.160619 CST | [maze2d-large-v1] Training Epochs   53
2026-04-29 03:14:57.160673 CST | [maze2d-large-v1] AverageReturn    207.9
2026-04-29 03:14:57.160721 CST | [maze2d-large-v1] NormReturn         0.75274
2026-04-29 03:14:57.160745 CST | [maze2d-large-v1] L_Act             27.7064
2026-04-29 03:14:57.160768 CST | [maze2d-large-v1] L_Crit             0.00816631
2026-04-29 03:14:57.160791 CST | [maze2d-large-v1] Weight             0.5
2026-04-29 03:14:57.160814 CST | [maze2d-large-v1] kl                 1
2026-04-29 03:14:57.160837 CST | [maze2d-large-v1] ---------------  ------------
2026-04-29 03:16:34.008933 CST | [maze2d-large-v1] ---------------  ------------
2026-04-29 03:16:34.009052 CST | [maze2d-large-v1] Training Epochs   54
2026-04-29 03:16:34.009081 CST | [maze2d-large-v1] AverageReturn    206.3
2026-04-29 03:16:34.009106 CST | [maze2d-large-v1] NormReturn         0.746754
2026-04-29 03:16:34.009130 CST | [maze2d-large-v1] L_Act             27.7013
2026-04-29 03:16:34.009155 CST | [maze2d-large-v1] L_Crit             0.00770447
2026-04-29 03:16:34.009179 CST | [maze2d-large-v1] Weight             0.5
2026-04-29 03:16:34.009202 CST | [maze2d-large-v1] kl                 1
2026-04-29 03:16:34.009225 CST | [maze2d-large-v1] ---------------  ------------
2026-04-29 03:18:10.841712 CST | [maze2d-large-v1] ---------------  ------------
2026-04-29 03:18:10.841823 CST | [maze2d-large-v1] Training Epochs   55
2026-04-29 03:18:10.841874 CST | [maze2d-large-v1] AverageReturn    218.2
2026-04-29 03:18:10.841898 CST | [maze2d-large-v1] NormReturn         0.791275
2026-04-29 03:18:10.841922 CST | [maze2d-large-v1] L_Act             27.7006
2026-04-29 03:18:10.841945 CST | [maze2d-large-v1] L_Crit             0.00789486
2026-04-29 03:18:10.841968 CST | [maze2d-large-v1] Weight             0.5
2026-04-29 03:18:10.841991 CST | [maze2d-large-v1] kl                 1
2026-04-29 03:18:10.842019 CST | [maze2d-large-v1] ---------------  ------------
2026-04-29 03:19:47.044130 CST | [maze2d-large-v1] ---------------  ------------
2026-04-29 03:19:47.044239 CST | [maze2d-large-v1] Training Epochs   56
2026-04-29 03:19:47.044268 CST | [maze2d-large-v1] AverageReturn    190.6
2026-04-29 03:19:47.044292 CST | [maze2d-large-v1] NormReturn         0.688017
2026-04-29 03:19:47.044316 CST | [maze2d-large-v1] L_Act             27.6986
2026-04-29 03:19:47.044339 CST | [maze2d-large-v1] L_Crit             0.00709653
2026-04-29 03:19:47.044369 CST | [maze2d-large-v1] Weight             0.5
2026-04-29 03:19:47.044392 CST | [maze2d-large-v1] kl                 1
2026-04-29 03:19:47.044415 CST | [maze2d-large-v1] ---------------  ------------
2026-04-29 03:21:23.438663 CST | [maze2d-large-v1] ---------------  ------------
2026-04-29 03:21:23.438786 CST | [maze2d-large-v1] Training Epochs   57
2026-04-29 03:21:23.438815 CST | [maze2d-large-v1] AverageReturn    223.8
2026-04-29 03:21:23.438840 CST | [maze2d-large-v1] NormReturn         0.812226
2026-04-29 03:21:23.438864 CST | [maze2d-large-v1] L_Act             27.7084
2026-04-29 03:21:23.438888 CST | [maze2d-large-v1] L_Crit             0.00741024
2026-04-29 03:21:23.438911 CST | [maze2d-large-v1] Weight             0.5
2026-04-29 03:21:23.438935 CST | [maze2d-large-v1] kl                 1
2026-04-29 03:21:23.438958 CST | [maze2d-large-v1] ---------------  ------------
2026-04-29 03:23:00.236341 CST | [maze2d-large-v1] ---------------  ------------
2026-04-29 03:23:00.236454 CST | [maze2d-large-v1] Training Epochs   58
2026-04-29 03:23:00.236483 CST | [maze2d-large-v1] AverageReturn    231.5
2026-04-29 03:23:00.236507 CST | [maze2d-large-v1] NormReturn         0.841034
2026-04-29 03:23:00.236531 CST | [maze2d-large-v1] L_Act             27.7172
2026-04-29 03:23:00.236554 CST | [maze2d-large-v1] L_Crit             0.00720651
2026-04-29 03:23:00.236577 CST | [maze2d-large-v1] Weight             0.5
2026-04-29 03:23:00.236600 CST | [maze2d-large-v1] kl                 1
2026-04-29 03:23:00.236628 CST | [maze2d-large-v1] ---------------  ------------
2026-04-29 03:24:37.295230 CST | [maze2d-large-v1] ---------------  ------------
2026-04-29 03:24:37.295341 CST | [maze2d-large-v1] Training Epochs   59
2026-04-29 03:24:37.295370 CST | [maze2d-large-v1] AverageReturn    243.6
2026-04-29 03:24:37.295395 CST | [maze2d-large-v1] NormReturn         0.886303
2026-04-29 03:24:37.295418 CST | [maze2d-large-v1] L_Act             27.6964
2026-04-29 03:24:37.295448 CST | [maze2d-large-v1] L_Crit             0.00714165
2026-04-29 03:24:37.295471 CST | [maze2d-large-v1] Weight             0.5
2026-04-29 03:24:37.295494 CST | [maze2d-large-v1] kl                 1
2026-04-29 03:24:37.295517 CST | [maze2d-large-v1] ---------------  ------------
2026-04-29 03:26:14.312949 CST | [maze2d-large-v1] ---------------  ------------
2026-04-29 03:26:14.313055 CST | [maze2d-large-v1] Training Epochs   60
2026-04-29 03:26:14.313084 CST | [maze2d-large-v1] AverageReturn    262
2026-04-29 03:26:14.313107 CST | [maze2d-large-v1] NormReturn         0.955142
2026-04-29 03:26:14.313137 CST | [maze2d-large-v1] L_Act             27.6926
2026-04-29 03:26:14.313159 CST | [maze2d-large-v1] L_Crit             0.00739148
2026-04-29 03:26:14.313182 CST | [maze2d-large-v1] Weight             0.5
2026-04-29 03:26:14.313204 CST | [maze2d-large-v1] kl                 1
2026-04-29 03:26:14.313226 CST | [maze2d-large-v1] ---------------  ------------
2026-04-29 03:27:51.180539 CST | [maze2d-large-v1] ---------------  ------------
2026-04-29 03:27:51.180664 CST | [maze2d-large-v1] Training Epochs   61
2026-04-29 03:27:51.180693 CST | [maze2d-large-v1] AverageReturn    250.6
2026-04-29 03:27:51.180719 CST | [maze2d-large-v1] NormReturn         0.912492
2026-04-29 03:27:51.180743 CST | [maze2d-large-v1] L_Act             27.6731
2026-04-29 03:27:51.180766 CST | [maze2d-large-v1] L_Crit             0.00699904
2026-04-29 03:27:51.180789 CST | [maze2d-large-v1] Weight             0.5
2026-04-29 03:27:51.180812 CST | [maze2d-large-v1] kl                 1
2026-04-29 03:27:51.180835 CST | [maze2d-large-v1] ---------------  ------------
2026-04-29 03:29:26.628708 CST | [maze2d-large-v1] ---------------  ------------
2026-04-29 03:29:26.628829 CST | [maze2d-large-v1] Training Epochs   62
2026-04-29 03:29:26.628858 CST | [maze2d-large-v1] AverageReturn    268.9
2026-04-29 03:29:26.628883 CST | [maze2d-large-v1] NormReturn         0.980957
2026-04-29 03:29:26.628907 CST | [maze2d-large-v1] L_Act             27.6911
2026-04-29 03:29:26.628930 CST | [maze2d-large-v1] L_Crit             0.00708956
2026-04-29 03:29:26.628953 CST | [maze2d-large-v1] Weight             0.5
2026-04-29 03:29:26.628978 CST | [maze2d-large-v1] kl                 1
2026-04-29 03:29:26.629001 CST | [maze2d-large-v1] ---------------  ------------
2026-04-29 03:31:03.765317 CST | [maze2d-large-v1] ---------------  ------------
2026-04-29 03:31:03.765428 CST | [maze2d-large-v1] Training Epochs   63
2026-04-29 03:31:03.765472 CST | [maze2d-large-v1] AverageReturn    225.9
2026-04-29 03:31:03.765498 CST | [maze2d-large-v1] NormReturn         0.820083
2026-04-29 03:31:03.765522 CST | [maze2d-large-v1] L_Act             27.6799
2026-04-29 03:31:03.765545 CST | [maze2d-large-v1] L_Crit             0.00732895
2026-04-29 03:31:03.765569 CST | [maze2d-large-v1] Weight             0.5
2026-04-29 03:31:03.765591 CST | [maze2d-large-v1] kl                 1
2026-04-29 03:31:03.765614 CST | [maze2d-large-v1] ---------------  ------------
2026-04-29 03:32:40.379832 CST | [maze2d-large-v1] ---------------  ------------
2026-04-29 03:32:40.379944 CST | [maze2d-large-v1] Training Epochs   64
2026-04-29 03:32:40.379973 CST | [maze2d-large-v1] AverageReturn    247.8
2026-04-29 03:32:40.379998 CST | [maze2d-large-v1] NormReturn         0.902017
2026-04-29 03:32:40.380021 CST | [maze2d-large-v1] L_Act             27.6892
2026-04-29 03:32:40.380044 CST | [maze2d-large-v1] L_Crit             0.00697526
2026-04-29 03:32:40.380067 CST | [maze2d-large-v1] Weight             0.5
2026-04-29 03:32:40.380089 CST | [maze2d-large-v1] kl                 1
2026-04-29 03:32:40.380112 CST | [maze2d-large-v1] ---------------  ------------
2026-04-29 03:34:16.617809 CST | [maze2d-large-v1] ---------------  ------------
2026-04-29 03:34:16.617919 CST | [maze2d-large-v1] Training Epochs   65
2026-04-29 03:34:16.617970 CST | [maze2d-large-v1] AverageReturn    249.4
2026-04-29 03:34:16.617995 CST | [maze2d-large-v1] NormReturn         0.908003
2026-04-29 03:34:16.618018 CST | [maze2d-large-v1] L_Act             27.7042
2026-04-29 03:34:16.618041 CST | [maze2d-large-v1] L_Crit             0.00723795
2026-04-29 03:34:16.618065 CST | [maze2d-large-v1] Weight             0.5
2026-04-29 03:34:16.618088 CST | [maze2d-large-v1] kl                 1
2026-04-29 03:34:16.618111 CST | [maze2d-large-v1] ---------------  ------------
2026-04-29 03:35:52.911372 CST | [maze2d-large-v1] ---------------  ------------
2026-04-29 03:35:52.911501 CST | [maze2d-large-v1] Training Epochs   66
2026-04-29 03:35:52.911531 CST | [maze2d-large-v1] AverageReturn    227.3
2026-04-29 03:35:52.911558 CST | [maze2d-large-v1] NormReturn         0.825321
2026-04-29 03:35:52.911581 CST | [maze2d-large-v1] L_Act             27.6902
2026-04-29 03:35:52.911604 CST | [maze2d-large-v1] L_Crit             0.00671313
2026-04-29 03:35:52.911627 CST | [maze2d-large-v1] Weight             0.5
2026-04-29 03:35:52.911650 CST | [maze2d-large-v1] kl                 1
2026-04-29 03:35:52.911673 CST | [maze2d-large-v1] ---------------  ------------
2026-04-29 03:37:29.138887 CST | [maze2d-large-v1] ---------------  ------------
2026-04-29 03:37:29.139000 CST | [maze2d-large-v1] Training Epochs   67
2026-04-29 03:37:29.139045 CST | [maze2d-large-v1] AverageReturn    279.8
2026-04-29 03:37:29.139068 CST | [maze2d-large-v1] NormReturn         1.02174
2026-04-29 03:37:29.139090 CST | [maze2d-large-v1] L_Act             27.6924
2026-04-29 03:37:29.139112 CST | [maze2d-large-v1] L_Crit             0.00695724
2026-04-29 03:37:29.139133 CST | [maze2d-large-v1] Weight             0.5
2026-04-29 03:37:29.139155 CST | [maze2d-large-v1] kl                 1
2026-04-29 03:37:29.139178 CST | [maze2d-large-v1] ---------------  ------------
2026-04-29 03:39:05.643426 CST | [maze2d-large-v1] ---------------  ------------
2026-04-29 03:39:05.643540 CST | [maze2d-large-v1] Training Epochs   68
2026-04-29 03:39:05.643569 CST | [maze2d-large-v1] AverageReturn    249.8
2026-04-29 03:39:05.643593 CST | [maze2d-large-v1] NormReturn         0.909499
2026-04-29 03:39:05.643617 CST | [maze2d-large-v1] L_Act             27.687
2026-04-29 03:39:05.643640 CST | [maze2d-large-v1] L_Crit             0.00701432
2026-04-29 03:39:05.643664 CST | [maze2d-large-v1] Weight             0.5
2026-04-29 03:39:05.643689 CST | [maze2d-large-v1] kl                 1
2026-04-29 03:39:05.643713 CST | [maze2d-large-v1] ---------------  ------------
2026-04-29 03:40:42.663876 CST | [maze2d-large-v1] ---------------  ------------
2026-04-29 03:40:42.663989 CST | [maze2d-large-v1] Training Epochs   69
2026-04-29 03:40:42.664018 CST | [maze2d-large-v1] AverageReturn    281.4
2026-04-29 03:40:42.664042 CST | [maze2d-large-v1] NormReturn         1.02772
2026-04-29 03:40:42.664066 CST | [maze2d-large-v1] L_Act             27.6942
2026-04-29 03:40:42.664089 CST | [maze2d-large-v1] L_Crit             0.00720179
2026-04-29 03:40:42.664112 CST | [maze2d-large-v1] Weight             0.5
2026-04-29 03:40:42.664135 CST | [maze2d-large-v1] kl                 1
2026-04-29 03:40:42.664158 CST | [maze2d-large-v1] ---------------  ------------
2026-04-29 03:42:19.115117 CST | [maze2d-large-v1] ---------------  ------------
2026-04-29 03:42:19.115234 CST | [maze2d-large-v1] Training Epochs   70
2026-04-29 03:42:19.115263 CST | [maze2d-large-v1] AverageReturn    243
2026-04-29 03:42:19.115288 CST | [maze2d-large-v1] NormReturn         0.884059
2026-04-29 03:42:19.115311 CST | [maze2d-large-v1] L_Act             27.6941
2026-04-29 03:42:19.115335 CST | [maze2d-large-v1] L_Crit             0.00698014
2026-04-29 03:42:19.115358 CST | [maze2d-large-v1] Weight             0.5
2026-04-29 03:42:19.115380 CST | [maze2d-large-v1] kl                 1
2026-04-29 03:42:19.115403 CST | [maze2d-large-v1] ---------------  ------------
2026-04-29 03:43:55.812870 CST | [maze2d-large-v1] ---------------  ------------
2026-04-29 03:43:55.812996 CST | [maze2d-large-v1] Training Epochs   71
2026-04-29 03:43:55.813048 CST | [maze2d-large-v1] AverageReturn    275.2
2026-04-29 03:43:55.813072 CST | [maze2d-large-v1] NormReturn         1.00453
2026-04-29 03:43:55.813096 CST | [maze2d-large-v1] L_Act             27.6833
2026-04-29 03:43:55.813118 CST | [maze2d-large-v1] L_Crit             0.00687822
2026-04-29 03:43:55.813141 CST | [maze2d-large-v1] Weight             0.5
2026-04-29 03:43:55.813164 CST | [maze2d-large-v1] kl                 1
2026-04-29 03:43:55.813187 CST | [maze2d-large-v1] ---------------  ------------
2026-04-29 03:45:32.474425 CST | [maze2d-large-v1] ---------------  ------------
2026-04-29 03:45:32.474550 CST | [maze2d-large-v1] Training Epochs   72
2026-04-29 03:45:32.474579 CST | [maze2d-large-v1] AverageReturn    293.9
2026-04-29 03:45:32.474611 CST | [maze2d-large-v1] NormReturn         1.07449
2026-04-29 03:45:32.474634 CST | [maze2d-large-v1] L_Act             27.7081
2026-04-29 03:45:32.474657 CST | [maze2d-large-v1] L_Crit             0.00639987
2026-04-29 03:45:32.474680 CST | [maze2d-large-v1] Weight             0.5
2026-04-29 03:45:32.474703 CST | [maze2d-large-v1] kl                 1
2026-04-29 03:45:32.474726 CST | [maze2d-large-v1] ---------------  ------------
2026-04-29 03:47:09.341475 CST | [maze2d-large-v1] ---------------  ------------
2026-04-29 03:47:09.341583 CST | [maze2d-large-v1] Training Epochs   73
2026-04-29 03:47:09.341613 CST | [maze2d-large-v1] AverageReturn    269.8
2026-04-29 03:47:09.341637 CST | [maze2d-large-v1] NormReturn         0.984324
2026-04-29 03:47:09.341661 CST | [maze2d-large-v1] L_Act             27.7063
2026-04-29 03:47:09.341684 CST | [maze2d-large-v1] L_Crit             0.00691175
2026-04-29 03:47:09.341707 CST | [maze2d-large-v1] Weight             0.5
2026-04-29 03:47:09.341730 CST | [maze2d-large-v1] kl                 1
2026-04-29 03:47:09.341753 CST | [maze2d-large-v1] ---------------  ------------
2026-04-29 03:48:45.539593 CST | [maze2d-large-v1] ---------------  ------------
2026-04-29 03:48:45.539710 CST | [maze2d-large-v1] Training Epochs   74
2026-04-29 03:48:45.539739 CST | [maze2d-large-v1] AverageReturn    278.5
2026-04-29 03:48:45.539764 CST | [maze2d-large-v1] NormReturn         1.01687
2026-04-29 03:48:45.539787 CST | [maze2d-large-v1] L_Act             27.7312
2026-04-29 03:48:45.539810 CST | [maze2d-large-v1] L_Crit             0.00669295
2026-04-29 03:48:45.539833 CST | [maze2d-large-v1] Weight             0.5
2026-04-29 03:48:45.539855 CST | [maze2d-large-v1] kl                 1
2026-04-29 03:48:45.539878 CST | [maze2d-large-v1] ---------------  ------------
2026-04-29 03:50:22.435763 CST | [maze2d-large-v1] ---------------  ------------
2026-04-29 03:50:22.435883 CST | [maze2d-large-v1] Training Epochs   75
2026-04-29 03:50:22.435913 CST | [maze2d-large-v1] AverageReturn    250
2026-04-29 03:50:22.435938 CST | [maze2d-large-v1] NormReturn         0.910247
2026-04-29 03:50:22.435961 CST | [maze2d-large-v1] L_Act             27.7269
2026-04-29 03:50:22.435984 CST | [maze2d-large-v1] L_Crit             0.00662831
2026-04-29 03:50:22.436007 CST | [maze2d-large-v1] Weight             0.5
2026-04-29 03:50:22.436030 CST | [maze2d-large-v1] kl                 1
2026-04-29 03:50:22.436053 CST | [maze2d-large-v1] ---------------  ------------
2026-04-29 03:51:58.627088 CST | [maze2d-large-v1] ---------------  ------------
2026-04-29 03:51:58.627200 CST | [maze2d-large-v1] Training Epochs   76
2026-04-29 03:51:58.627228 CST | [maze2d-large-v1] AverageReturn    283.4
2026-04-29 03:51:58.627252 CST | [maze2d-large-v1] NormReturn         1.03521
2026-04-29 03:51:58.627276 CST | [maze2d-large-v1] L_Act             27.7269
2026-04-29 03:51:58.627305 CST | [maze2d-large-v1] L_Crit             0.00721058
2026-04-29 03:51:58.627328 CST | [maze2d-large-v1] Weight             0.5
2026-04-29 03:51:58.627351 CST | [maze2d-large-v1] kl                 1
2026-04-29 03:51:58.627374 CST | [maze2d-large-v1] ---------------  ------------
2026-04-29 03:53:34.977595 CST | [maze2d-large-v1] ---------------  ------------
2026-04-29 03:53:34.977700 CST | [maze2d-large-v1] Training Epochs   77
2026-04-29 03:53:34.977730 CST | [maze2d-large-v1] AverageReturn    270.1
2026-04-29 03:53:34.977754 CST | [maze2d-large-v1] NormReturn         0.985447
2026-04-29 03:53:34.977777 CST | [maze2d-large-v1] L_Act             27.7516
2026-04-29 03:53:34.977800 CST | [maze2d-large-v1] L_Crit             0.00716104
2026-04-29 03:53:34.977823 CST | [maze2d-large-v1] Weight             0.5
2026-04-29 03:53:34.977846 CST | [maze2d-large-v1] kl                 1
2026-04-29 03:53:34.977869 CST | [maze2d-large-v1] ---------------  ------------
2026-04-29 03:55:11.703959 CST | [maze2d-large-v1] ---------------  ------------
2026-04-29 03:55:11.704074 CST | [maze2d-large-v1] Training Epochs   78
2026-04-29 03:55:11.704106 CST | [maze2d-large-v1] AverageReturn    243.1
2026-04-29 03:55:11.704130 CST | [maze2d-large-v1] NormReturn         0.884433
2026-04-29 03:55:11.704153 CST | [maze2d-large-v1] L_Act             27.7312
2026-04-29 03:55:11.704176 CST | [maze2d-large-v1] L_Crit             0.00696395
2026-04-29 03:55:11.704199 CST | [maze2d-large-v1] Weight             0.5
2026-04-29 03:55:11.704222 CST | [maze2d-large-v1] kl                 1
2026-04-29 03:55:11.704245 CST | [maze2d-large-v1] ---------------  ------------
2026-04-29 03:56:47.907615 CST | [maze2d-large-v1] ---------------  ------------
2026-04-29 03:56:47.907739 CST | [maze2d-large-v1] Training Epochs   79
2026-04-29 03:56:47.907769 CST | [maze2d-large-v1] AverageReturn    286.1
2026-04-29 03:56:47.907794 CST | [maze2d-large-v1] NormReturn         1.04531
2026-04-29 03:56:47.907817 CST | [maze2d-large-v1] L_Act             27.7819
2026-04-29 03:56:47.907840 CST | [maze2d-large-v1] L_Crit             0.00657033
2026-04-29 03:56:47.907863 CST | [maze2d-large-v1] Weight             0.5
2026-04-29 03:56:47.907886 CST | [maze2d-large-v1] kl                 1
2026-04-29 03:56:47.907909 CST | [maze2d-large-v1] ---------------  ------------
2026-04-29 03:58:24.151597 CST | [maze2d-large-v1] ---------------  ------------
2026-04-29 03:58:24.151707 CST | [maze2d-large-v1] Training Epochs   80
2026-04-29 03:58:24.151741 CST | [maze2d-large-v1] AverageReturn    292.6
2026-04-29 03:58:24.151766 CST | [maze2d-large-v1] NormReturn         1.06962
2026-04-29 03:58:24.151789 CST | [maze2d-large-v1] L_Act             27.7701
2026-04-29 03:58:24.151812 CST | [maze2d-large-v1] L_Crit             0.00650359
2026-04-29 03:58:24.151835 CST | [maze2d-large-v1] Weight             0.5
2026-04-29 03:58:24.151861 CST | [maze2d-large-v1] kl                 1
2026-04-29 03:58:24.151884 CST | [maze2d-large-v1] ---------------  ------------
2026-04-29 04:00:00.856225 CST | [maze2d-large-v1] ---------------  -----------
2026-04-29 04:00:00.856339 CST | [maze2d-large-v1] Training Epochs   81
2026-04-29 04:00:00.856367 CST | [maze2d-large-v1] AverageReturn    293.6
2026-04-29 04:00:00.856392 CST | [maze2d-large-v1] NormReturn         1.07337
2026-04-29 04:00:00.856416 CST | [maze2d-large-v1] L_Act             27.791
2026-04-29 04:00:00.856439 CST | [maze2d-large-v1] L_Crit             0.0066268
2026-04-29 04:00:00.856462 CST | [maze2d-large-v1] Weight             0.5
2026-04-29 04:00:00.856485 CST | [maze2d-large-v1] kl                 1
2026-04-29 04:00:00.856508 CST | [maze2d-large-v1] ---------------  -----------
2026-04-29 04:01:37.834326 CST | [maze2d-large-v1] ---------------  ------------
2026-04-29 04:01:37.834427 CST | [maze2d-large-v1] Training Epochs   82
2026-04-29 04:01:37.834457 CST | [maze2d-large-v1] AverageReturn    288.3
2026-04-29 04:01:37.834481 CST | [maze2d-large-v1] NormReturn         1.05354
2026-04-29 04:01:37.834504 CST | [maze2d-large-v1] L_Act             27.7908
2026-04-29 04:01:37.834527 CST | [maze2d-large-v1] L_Crit             0.00689296
2026-04-29 04:01:37.834550 CST | [maze2d-large-v1] Weight             0.5
2026-04-29 04:01:37.834573 CST | [maze2d-large-v1] kl                 1
2026-04-29 04:01:37.834596 CST | [maze2d-large-v1] ---------------  ------------
2026-04-29 04:03:13.758308 CST | [maze2d-large-v1] ---------------  ------------
2026-04-29 04:03:13.758433 CST | [maze2d-large-v1] Training Epochs   83
2026-04-29 04:03:13.758461 CST | [maze2d-large-v1] AverageReturn    270.4
2026-04-29 04:03:13.758484 CST | [maze2d-large-v1] NormReturn         0.986569
2026-04-29 04:03:13.758507 CST | [maze2d-large-v1] L_Act             27.7954
2026-04-29 04:03:13.758530 CST | [maze2d-large-v1] L_Crit             0.00669979
2026-04-29 04:03:13.758553 CST | [maze2d-large-v1] Weight             0.5
2026-04-29 04:03:13.758576 CST | [maze2d-large-v1] kl                 1
2026-04-29 04:03:13.758599 CST | [maze2d-large-v1] ---------------  ------------
2026-04-29 04:04:49.953352 CST | [maze2d-large-v1] ---------------  ------------
2026-04-29 04:04:49.953467 CST | [maze2d-large-v1] Training Epochs   84
2026-04-29 04:04:49.953512 CST | [maze2d-large-v1] AverageReturn    269
2026-04-29 04:04:49.953536 CST | [maze2d-large-v1] NormReturn         0.981331
2026-04-29 04:04:49.953560 CST | [maze2d-large-v1] L_Act             27.7924
2026-04-29 04:04:49.953583 CST | [maze2d-large-v1] L_Crit             0.00696579
2026-04-29 04:04:49.953606 CST | [maze2d-large-v1] Weight             0.5
2026-04-29 04:04:49.953629 CST | [maze2d-large-v1] kl                 1
2026-04-29 04:04:49.953652 CST | [maze2d-large-v1] ---------------  ------------
2026-04-29 04:06:25.758790 CST | [maze2d-large-v1] ---------------  ------------
2026-04-29 04:06:25.758913 CST | [maze2d-large-v1] Training Epochs   85
2026-04-29 04:06:25.758943 CST | [maze2d-large-v1] AverageReturn    272.1
2026-04-29 04:06:25.758968 CST | [maze2d-large-v1] NormReturn         0.992929
2026-04-29 04:06:25.758992 CST | [maze2d-large-v1] L_Act             27.7992
2026-04-29 04:06:25.759015 CST | [maze2d-large-v1] L_Crit             0.00634641
2026-04-29 04:06:25.759038 CST | [maze2d-large-v1] Weight             0.5
2026-04-29 04:06:25.759061 CST | [maze2d-large-v1] kl                 1
2026-04-29 04:06:25.759084 CST | [maze2d-large-v1] ---------------  ------------
2026-04-29 04:08:01.931778 CST | [maze2d-large-v1] ---------------  ------------
2026-04-29 04:08:01.931895 CST | [maze2d-large-v1] Training Epochs   86
2026-04-29 04:08:01.931924 CST | [maze2d-large-v1] AverageReturn    282.4
2026-04-29 04:08:01.931949 CST | [maze2d-large-v1] NormReturn         1.03146
2026-04-29 04:08:01.931972 CST | [maze2d-large-v1] L_Act             27.8186
2026-04-29 04:08:01.931994 CST | [maze2d-large-v1] L_Crit             0.00667487
2026-04-29 04:08:01.932016 CST | [maze2d-large-v1] Weight             0.5
2026-04-29 04:08:01.932038 CST | [maze2d-large-v1] kl                 1
2026-04-29 04:08:01.932060 CST | [maze2d-large-v1] ---------------  ------------
2026-04-29 04:09:38.473577 CST | [maze2d-large-v1] ---------------  ------------
2026-04-29 04:09:38.473713 CST | [maze2d-large-v1] Training Epochs   87
2026-04-29 04:09:38.473743 CST | [maze2d-large-v1] AverageReturn    260.5
2026-04-29 04:09:38.473769 CST | [maze2d-large-v1] NormReturn         0.94953
2026-04-29 04:09:38.473794 CST | [maze2d-large-v1] L_Act             27.7985
2026-04-29 04:09:38.473818 CST | [maze2d-large-v1] L_Crit             0.00638135
2026-04-29 04:09:38.473842 CST | [maze2d-large-v1] Weight             0.5
2026-04-29 04:09:38.473866 CST | [maze2d-large-v1] kl                 1
2026-04-29 04:09:38.473889 CST | [maze2d-large-v1] ---------------  ------------
2026-04-29 04:11:15.324895 CST | [maze2d-large-v1] ---------------  ------------
2026-04-29 04:11:15.325009 CST | [maze2d-large-v1] Training Epochs   88
2026-04-29 04:11:15.325039 CST | [maze2d-large-v1] AverageReturn    261
2026-04-29 04:11:15.325065 CST | [maze2d-large-v1] NormReturn         0.951401
2026-04-29 04:11:15.325089 CST | [maze2d-large-v1] L_Act             27.7978
2026-04-29 04:11:15.325112 CST | [maze2d-large-v1] L_Crit             0.00663781
2026-04-29 04:11:15.325135 CST | [maze2d-large-v1] Weight             0.5
2026-04-29 04:11:15.325158 CST | [maze2d-large-v1] kl                 1
2026-04-29 04:11:15.325181 CST | [maze2d-large-v1] ---------------  ------------
2026-04-29 04:12:51.603082 CST | [maze2d-large-v1] ---------------  ------------
2026-04-29 04:12:51.603188 CST | [maze2d-large-v1] Training Epochs   89
2026-04-29 04:12:51.603218 CST | [maze2d-large-v1] AverageReturn    238.5
2026-04-29 04:12:51.603243 CST | [maze2d-large-v1] NormReturn         0.867223
2026-04-29 04:12:51.603267 CST | [maze2d-large-v1] L_Act             27.802
2026-04-29 04:12:51.603290 CST | [maze2d-large-v1] L_Crit             0.00698158
2026-04-29 04:12:51.603313 CST | [maze2d-large-v1] Weight             0.5
2026-04-29 04:12:51.603336 CST | [maze2d-large-v1] kl                 1
2026-04-29 04:12:51.603364 CST | [maze2d-large-v1] ---------------  ------------
2026-04-29 04:14:28.032832 CST | [maze2d-large-v1] ---------------  ------------
2026-04-29 04:14:28.032960 CST | [maze2d-large-v1] Training Epochs   90
2026-04-29 04:14:28.032989 CST | [maze2d-large-v1] AverageReturn    255.5
2026-04-29 04:14:28.033014 CST | [maze2d-large-v1] NormReturn         0.930824
2026-04-29 04:14:28.033037 CST | [maze2d-large-v1] L_Act             27.7931
2026-04-29 04:14:28.033060 CST | [maze2d-large-v1] L_Crit             0.00666976
2026-04-29 04:14:28.033083 CST | [maze2d-large-v1] Weight             0.5
2026-04-29 04:14:28.033106 CST | [maze2d-large-v1] kl                 1
2026-04-29 04:14:28.033129 CST | [maze2d-large-v1] ---------------  ------------
2026-04-29 04:16:04.236845 CST | [maze2d-large-v1] ---------------  ------------
2026-04-29 04:16:04.236964 CST | [maze2d-large-v1] Training Epochs   91
2026-04-29 04:16:04.236993 CST | [maze2d-large-v1] AverageReturn    305.1
2026-04-29 04:16:04.237017 CST | [maze2d-large-v1] NormReturn         1.11639
2026-04-29 04:16:04.237040 CST | [maze2d-large-v1] L_Act             27.8396
2026-04-29 04:16:04.237063 CST | [maze2d-large-v1] L_Crit             0.00650353
2026-04-29 04:16:04.237086 CST | [maze2d-large-v1] Weight             0.5
2026-04-29 04:16:04.237109 CST | [maze2d-large-v1] kl                 1
2026-04-29 04:16:04.237132 CST | [maze2d-large-v1] ---------------  ------------
2026-04-29 04:17:41.033655 CST | [maze2d-large-v1] ---------------  ------------
2026-04-29 04:17:41.033795 CST | [maze2d-large-v1] Training Epochs   92
2026-04-29 04:17:41.033825 CST | [maze2d-large-v1] AverageReturn    278.3
2026-04-29 04:17:41.033849 CST | [maze2d-large-v1] NormReturn         1.01612
2026-04-29 04:17:41.033872 CST | [maze2d-large-v1] L_Act             27.8042
2026-04-29 04:17:41.033895 CST | [maze2d-large-v1] L_Crit             0.00642222
2026-04-29 04:17:41.033918 CST | [maze2d-large-v1] Weight             0.5
2026-04-29 04:17:41.033941 CST | [maze2d-large-v1] kl                 1
2026-04-29 04:17:41.033964 CST | [maze2d-large-v1] ---------------  ------------
2026-04-29 04:19:18.111741 CST | [maze2d-large-v1] ---------------  ------------
2026-04-29 04:19:18.111857 CST | [maze2d-large-v1] Training Epochs   93
2026-04-29 04:19:18.111887 CST | [maze2d-large-v1] AverageReturn    275.1
2026-04-29 04:19:18.111911 CST | [maze2d-large-v1] NormReturn         1.00415
2026-04-29 04:19:18.111935 CST | [maze2d-large-v1] L_Act             27.8074
2026-04-29 04:19:18.111964 CST | [maze2d-large-v1] L_Crit             0.00614692
2026-04-29 04:19:18.111987 CST | [maze2d-large-v1] Weight             0.5
2026-04-29 04:19:18.112010 CST | [maze2d-large-v1] kl                 1
2026-04-29 04:19:18.112033 CST | [maze2d-large-v1] ---------------  ------------
2026-04-29 04:20:54.750430 CST | [maze2d-large-v1] ---------------  ------------
2026-04-29 04:20:54.750538 CST | [maze2d-large-v1] Training Epochs   94
2026-04-29 04:20:54.750567 CST | [maze2d-large-v1] AverageReturn    260.8
2026-04-29 04:20:54.750592 CST | [maze2d-large-v1] NormReturn         0.950653
2026-04-29 04:20:54.750616 CST | [maze2d-large-v1] L_Act             27.8297
2026-04-29 04:20:54.750639 CST | [maze2d-large-v1] L_Crit             0.00619878
2026-04-29 04:20:54.750662 CST | [maze2d-large-v1] Weight             0.5
2026-04-29 04:20:54.750685 CST | [maze2d-large-v1] kl                 1
2026-04-29 04:20:54.750708 CST | [maze2d-large-v1] ---------------  ------------
2026-04-29 04:22:31.529990 CST | [maze2d-large-v1] ---------------  -----------
2026-04-29 04:22:31.530119 CST | [maze2d-large-v1] Training Epochs   95
2026-04-29 04:22:31.530149 CST | [maze2d-large-v1] AverageReturn    281
2026-04-29 04:22:31.530173 CST | [maze2d-large-v1] NormReturn         1.02623
2026-04-29 04:22:31.530197 CST | [maze2d-large-v1] L_Act             27.8222
2026-04-29 04:22:31.530220 CST | [maze2d-large-v1] L_Crit             0.0061834
2026-04-29 04:22:31.530243 CST | [maze2d-large-v1] Weight             0.5
2026-04-29 04:22:31.530265 CST | [maze2d-large-v1] kl                 1
2026-04-29 04:22:31.530288 CST | [maze2d-large-v1] ---------------  -----------
2026-04-29 04:24:08.223561 CST | [maze2d-large-v1] ---------------  -----------
2026-04-29 04:24:08.223689 CST | [maze2d-large-v1] Training Epochs   96
2026-04-29 04:24:08.223719 CST | [maze2d-large-v1] AverageReturn    263.1
2026-04-29 04:24:08.223744 CST | [maze2d-large-v1] NormReturn         0.959258
2026-04-29 04:24:08.223768 CST | [maze2d-large-v1] L_Act             27.8144
2026-04-29 04:24:08.223791 CST | [maze2d-large-v1] L_Crit             0.0061771
2026-04-29 04:24:08.223814 CST | [maze2d-large-v1] Weight             0.5
2026-04-29 04:24:08.223837 CST | [maze2d-large-v1] kl                 1
2026-04-29 04:24:08.223860 CST | [maze2d-large-v1] ---------------  -----------
2026-04-29 04:25:45.048043 CST | [maze2d-large-v1] ---------------  ------------
2026-04-29 04:25:45.048151 CST | [maze2d-large-v1] Training Epochs   97
2026-04-29 04:25:45.048186 CST | [maze2d-large-v1] AverageReturn    287.6
2026-04-29 04:25:45.048221 CST | [maze2d-large-v1] NormReturn         1.05092
2026-04-29 04:25:45.048244 CST | [maze2d-large-v1] L_Act             27.8444
2026-04-29 04:25:45.048267 CST | [maze2d-large-v1] L_Crit             0.00620368
2026-04-29 04:25:45.048290 CST | [maze2d-large-v1] Weight             0.5
2026-04-29 04:25:45.048313 CST | [maze2d-large-v1] kl                 1
2026-04-29 04:25:45.048336 CST | [maze2d-large-v1] ---------------  ------------
2026-04-29 04:27:21.981522 CST | [maze2d-large-v1] ---------------  ------------
2026-04-29 04:27:21.981646 CST | [maze2d-large-v1] Training Epochs   98
2026-04-29 04:27:21.981675 CST | [maze2d-large-v1] AverageReturn    252.4
2026-04-29 04:27:21.981699 CST | [maze2d-large-v1] NormReturn         0.919226
2026-04-29 04:27:21.981723 CST | [maze2d-large-v1] L_Act             27.8316
2026-04-29 04:27:21.981746 CST | [maze2d-large-v1] L_Crit             0.00595477
2026-04-29 04:27:21.981769 CST | [maze2d-large-v1] Weight             0.5
2026-04-29 04:27:21.981792 CST | [maze2d-large-v1] kl                 1
2026-04-29 04:27:21.981815 CST | [maze2d-large-v1] ---------------  ------------
2026-04-29 04:28:58.866940 CST | [maze2d-large-v1] ---------------  ------------
2026-04-29 04:28:58.867057 CST | [maze2d-large-v1] Training Epochs   99
2026-04-29 04:28:58.867087 CST | [maze2d-large-v1] AverageReturn    243.1
2026-04-29 04:28:58.867111 CST | [maze2d-large-v1] NormReturn         0.884433
2026-04-29 04:28:58.867135 CST | [maze2d-large-v1] L_Act             27.8127
2026-04-29 04:28:58.867158 CST | [maze2d-large-v1] L_Crit             0.00599921
2026-04-29 04:28:58.867181 CST | [maze2d-large-v1] Weight             0.5
2026-04-29 04:28:58.867204 CST | [maze2d-large-v1] kl                 1
2026-04-29 04:28:58.867227 CST | [maze2d-large-v1] ---------------  ------------
