2026-05-13 22:20:30.528078 CST | [maze2d-large-v1_ope] ---------------  -----------
2026-05-13 22:20:30.528189 CST | [maze2d-large-v1_ope] Training Epochs   0
2026-05-13 22:20:30.528219 CST | [maze2d-large-v1_ope] OPE_Estimate     -0.00369949
2026-05-13 22:20:30.528245 CST | [maze2d-large-v1_ope] L_Crit            0.00451187
2026-05-13 22:20:30.528270 CST | [maze2d-large-v1_ope] Weight            1
2026-05-13 22:20:30.528296 CST | [maze2d-large-v1_ope] ---------------  -----------
2026-05-13 22:21:23.147629 CST | [maze2d-large-v1_ope] ---------------  -----------
2026-05-13 22:21:23.147730 CST | [maze2d-large-v1_ope] Training Epochs  1
2026-05-13 22:21:23.147760 CST | [maze2d-large-v1_ope] OPE_Estimate     0.000510967
2026-05-13 22:21:23.147785 CST | [maze2d-large-v1_ope] L_Crit           0.00287985
2026-05-13 22:21:23.147810 CST | [maze2d-large-v1_ope] Weight           1
2026-05-13 22:21:23.147834 CST | [maze2d-large-v1_ope] ---------------  -----------
2026-05-13 22:22:17.335831 CST | [maze2d-large-v1_ope] ---------------  ----------
2026-05-13 22:22:17.335928 CST | [maze2d-large-v1_ope] Training Epochs  2
2026-05-13 22:22:17.335957 CST | [maze2d-large-v1_ope] OPE_Estimate     0.00033688
2026-05-13 22:22:17.335986 CST | [maze2d-large-v1_ope] L_Crit           0.00256589
2026-05-13 22:22:17.336010 CST | [maze2d-large-v1_ope] Weight           1
2026-05-13 22:22:17.336034 CST | [maze2d-large-v1_ope] ---------------  ----------
2026-05-13 22:23:11.248888 CST | [maze2d-large-v1_ope] ---------------  ----------
2026-05-13 22:23:11.248989 CST | [maze2d-large-v1_ope] Training Epochs  3
2026-05-13 22:23:11.249019 CST | [maze2d-large-v1_ope] OPE_Estimate     0.00101374
2026-05-13 22:23:11.249045 CST | [maze2d-large-v1_ope] L_Crit           0.00222457
2026-05-13 22:23:11.249071 CST | [maze2d-large-v1_ope] Weight           1
2026-05-13 22:23:11.249096 CST | [maze2d-large-v1_ope] ---------------  ----------
2026-05-13 22:24:03.288271 CST | [maze2d-large-v1_ope] ---------------  ------------
2026-05-13 22:24:03.288398 CST | [maze2d-large-v1_ope] Training Epochs   4
2026-05-13 22:24:03.288427 CST | [maze2d-large-v1_ope] OPE_Estimate     -0.000452416
2026-05-13 22:24:03.288453 CST | [maze2d-large-v1_ope] L_Crit            0.00211753
2026-05-13 22:24:03.288478 CST | [maze2d-large-v1_ope] Weight            1
2026-05-13 22:24:03.288503 CST | [maze2d-large-v1_ope] ---------------  ------------
2026-05-13 22:24:56.007332 CST | [maze2d-large-v1_ope] ---------------  -----------
2026-05-13 22:24:56.007433 CST | [maze2d-large-v1_ope] Training Epochs  5
2026-05-13 22:24:56.007463 CST | [maze2d-large-v1_ope] OPE_Estimate     0.000834318
2026-05-13 22:24:56.007489 CST | [maze2d-large-v1_ope] L_Crit           0.00197591
2026-05-13 22:24:56.007513 CST | [maze2d-large-v1_ope] Weight           1
2026-05-13 22:24:56.007537 CST | [maze2d-large-v1_ope] ---------------  -----------
2026-05-13 22:25:50.086422 CST | [maze2d-large-v1_ope] ---------------  -----------
2026-05-13 22:25:50.086529 CST | [maze2d-large-v1_ope] Training Epochs  6
2026-05-13 22:25:50.086558 CST | [maze2d-large-v1_ope] OPE_Estimate     0.000130311
2026-05-13 22:25:50.086584 CST | [maze2d-large-v1_ope] L_Crit           0.0019918
2026-05-13 22:25:50.086608 CST | [maze2d-large-v1_ope] Weight           1
2026-05-13 22:25:50.086632 CST | [maze2d-large-v1_ope] ---------------  -----------
2026-05-13 22:26:43.198786 CST | [maze2d-large-v1_ope] ---------------  -----------
2026-05-13 22:26:43.198905 CST | [maze2d-large-v1_ope] Training Epochs   7
2026-05-13 22:26:43.198935 CST | [maze2d-large-v1_ope] OPE_Estimate     -0.00113539
2026-05-13 22:26:43.198960 CST | [maze2d-large-v1_ope] L_Crit            0.00196975
2026-05-13 22:26:43.198984 CST | [maze2d-large-v1_ope] Weight            1
2026-05-13 22:26:43.199008 CST | [maze2d-large-v1_ope] ---------------  -----------
2026-05-13 22:31:03.734965 CST | [maze2d-large-v1_ope] ---------------  ------------
2026-05-13 22:31:03.735074 CST | [maze2d-large-v1_ope] Training Epochs   0
2026-05-13 22:31:03.735103 CST | [maze2d-large-v1_ope] OPE_Estimate     -0.000451928
2026-05-13 22:31:03.735135 CST | [maze2d-large-v1_ope] L_Crit            0.0161264
2026-05-13 22:31:03.735160 CST | [maze2d-large-v1_ope] Weight            1
2026-05-13 22:31:03.735184 CST | [maze2d-large-v1_ope] ---------------  ------------
2026-05-13 22:31:58.284992 CST | [maze2d-large-v1_ope] ---------------  ----------
2026-05-13 22:31:58.285095 CST | [maze2d-large-v1_ope] Training Epochs   1
2026-05-13 22:31:58.285125 CST | [maze2d-large-v1_ope] OPE_Estimate     -0.010575
2026-05-13 22:31:58.285151 CST | [maze2d-large-v1_ope] L_Crit            0.0568062
2026-05-13 22:31:58.285176 CST | [maze2d-large-v1_ope] Weight            1
2026-05-13 22:31:58.285201 CST | [maze2d-large-v1_ope] ---------------  ----------
2026-05-13 22:32:51.069693 CST | [maze2d-large-v1_ope] ---------------  ----------
2026-05-13 22:32:51.069815 CST | [maze2d-large-v1_ope] Training Epochs   2
2026-05-13 22:32:51.069846 CST | [maze2d-large-v1_ope] OPE_Estimate     -0.016635
2026-05-13 22:32:51.069872 CST | [maze2d-large-v1_ope] L_Crit            0.0817726
2026-05-13 22:32:51.069898 CST | [maze2d-large-v1_ope] Weight            1
2026-05-13 22:32:51.069923 CST | [maze2d-large-v1_ope] ---------------  ----------
2026-05-13 22:33:38.635526 CST | [maze2d-large-v1_ope] ---------------  ----------
2026-05-13 22:33:38.635633 CST | [maze2d-large-v1_ope] Training Epochs  3
2026-05-13 22:33:38.635663 CST | [maze2d-large-v1_ope] OPE_Estimate     0.00391228
2026-05-13 22:33:38.635689 CST | [maze2d-large-v1_ope] L_Crit           0.0996975
2026-05-13 22:33:38.635714 CST | [maze2d-large-v1_ope] Weight           1
2026-05-13 22:33:38.635739 CST | [maze2d-large-v1_ope] ---------------  ----------
2026-05-13 22:34:28.700035 CST | [maze2d-large-v1_ope] ---------------  ---------
2026-05-13 22:34:28.700142 CST | [maze2d-large-v1_ope] Training Epochs  4
2026-05-13 22:34:28.700172 CST | [maze2d-large-v1_ope] OPE_Estimate     0.0495366
2026-05-13 22:34:28.700199 CST | [maze2d-large-v1_ope] L_Crit           0.115522
2026-05-13 22:34:28.700224 CST | [maze2d-large-v1_ope] Weight           1
2026-05-13 22:34:28.700248 CST | [maze2d-large-v1_ope] ---------------  ---------
2026-05-13 22:35:21.302035 CST | [maze2d-large-v1_ope] ---------------  ---------
2026-05-13 22:35:21.302137 CST | [maze2d-large-v1_ope] Training Epochs  5
2026-05-13 22:35:21.302167 CST | [maze2d-large-v1_ope] OPE_Estimate     0.0211868
2026-05-13 22:35:21.302194 CST | [maze2d-large-v1_ope] L_Crit           0.11262
2026-05-13 22:35:21.302220 CST | [maze2d-large-v1_ope] Weight           1
2026-05-13 22:35:21.302244 CST | [maze2d-large-v1_ope] ---------------  ---------
2026-05-13 22:36:13.501272 CST | [maze2d-large-v1_ope] ---------------  -----------
2026-05-13 22:36:13.501381 CST | [maze2d-large-v1_ope] Training Epochs   6
2026-05-13 22:36:13.501410 CST | [maze2d-large-v1_ope] OPE_Estimate     -0.00317643
2026-05-13 22:36:13.501437 CST | [maze2d-large-v1_ope] L_Crit            0.104991
2026-05-13 22:36:13.501462 CST | [maze2d-large-v1_ope] Weight            1
2026-05-13 22:36:13.501487 CST | [maze2d-large-v1_ope] ---------------  -----------
2026-05-13 22:37:07.037486 CST | [maze2d-large-v1_ope] ---------------  ----------
2026-05-13 22:37:07.037596 CST | [maze2d-large-v1_ope] Training Epochs  7
2026-05-13 22:37:07.037625 CST | [maze2d-large-v1_ope] OPE_Estimate     0.00436054
2026-05-13 22:37:07.037651 CST | [maze2d-large-v1_ope] L_Crit           0.106903
2026-05-13 22:37:07.037676 CST | [maze2d-large-v1_ope] Weight           1
2026-05-13 22:37:07.037700 CST | [maze2d-large-v1_ope] ---------------  ----------
2026-05-13 22:38:00.093284 CST | [maze2d-large-v1_ope] ---------------  ---------
2026-05-13 22:38:00.093415 CST | [maze2d-large-v1_ope] Training Epochs  8
2026-05-13 22:38:00.093445 CST | [maze2d-large-v1_ope] OPE_Estimate     0.0135059
2026-05-13 22:38:00.093471 CST | [maze2d-large-v1_ope] L_Crit           0.105941
2026-05-13 22:38:00.093495 CST | [maze2d-large-v1_ope] Weight           1
2026-05-13 22:38:00.093520 CST | [maze2d-large-v1_ope] ---------------  ---------
