2026-05-06 19:46:59.843798 CST | [maze2d-large-v1] ---------------  ------------
2026-05-06 19:46:59.843908 CST | [maze2d-large-v1] Training Epochs    0
2026-05-06 19:46:59.843937 CST | [maze2d-large-v1] AverageReturn    103
2026-05-06 19:46:59.843981 CST | [maze2d-large-v1] NormReturn         0.360283
2026-05-06 19:46:59.844004 CST | [maze2d-large-v1] L_Act              4.93822
2026-05-06 19:46:59.844028 CST | [maze2d-large-v1] L_Crit             0.00675729
2026-05-06 19:46:59.844051 CST | [maze2d-large-v1] Weight             0.5
2026-05-06 19:46:59.844074 CST | [maze2d-large-v1] kl                 1
2026-05-06 19:46:59.844098 CST | [maze2d-large-v1] ---------------  ------------
2026-05-06 19:48:39.313431 CST | [maze2d-large-v1] ---------------  -----------
2026-05-06 19:48:39.313540 CST | [maze2d-large-v1] Training Epochs    1
2026-05-06 19:48:39.313568 CST | [maze2d-large-v1] AverageReturn    155.4
2026-05-06 19:48:39.313593 CST | [maze2d-large-v1] NormReturn         0.556325
2026-05-06 19:48:39.313616 CST | [maze2d-large-v1] L_Act             13.8679
2026-05-06 19:48:39.313640 CST | [maze2d-large-v1] L_Crit             0.0275556
2026-05-06 19:48:39.313663 CST | [maze2d-large-v1] Weight             0.5
2026-05-06 19:48:39.313687 CST | [maze2d-large-v1] kl                 1
2026-05-06 19:48:39.313710 CST | [maze2d-large-v1] ---------------  -----------
2026-05-06 19:50:19.218955 CST | [maze2d-large-v1] ---------------  -----------
2026-05-06 19:50:19.219069 CST | [maze2d-large-v1] Training Epochs    2
2026-05-06 19:50:19.219100 CST | [maze2d-large-v1] AverageReturn    333.4
2026-05-06 19:50:19.219125 CST | [maze2d-large-v1] NormReturn         1.22227
2026-05-06 19:50:19.219148 CST | [maze2d-large-v1] L_Act             21.1009
2026-05-06 19:50:19.219172 CST | [maze2d-large-v1] L_Crit             0.0738997
2026-05-06 19:50:19.219195 CST | [maze2d-large-v1] Weight             0.5
2026-05-06 19:50:19.219219 CST | [maze2d-large-v1] kl                 1
2026-05-06 19:50:19.219242 CST | [maze2d-large-v1] ---------------  -----------
2026-05-06 19:51:59.447585 CST | [maze2d-large-v1] ---------------  ----------
2026-05-06 19:51:59.447706 CST | [maze2d-large-v1] Training Epochs    3
2026-05-06 19:51:59.447736 CST | [maze2d-large-v1] AverageReturn    349.4
2026-05-06 19:51:59.447761 CST | [maze2d-large-v1] NormReturn         1.28213
2026-05-06 19:51:59.447785 CST | [maze2d-large-v1] L_Act             25.8432
2026-05-06 19:51:59.447808 CST | [maze2d-large-v1] L_Crit             0.113453
2026-05-06 19:51:59.447831 CST | [maze2d-large-v1] Weight             0.5
2026-05-06 19:51:59.447855 CST | [maze2d-large-v1] kl                 1
2026-05-06 19:51:59.447878 CST | [maze2d-large-v1] ---------------  ----------
2026-05-06 19:53:40.025151 CST | [maze2d-large-v1] ---------------  ----------
2026-05-06 19:53:40.025256 CST | [maze2d-large-v1] Training Epochs    4
2026-05-06 19:53:40.025286 CST | [maze2d-large-v1] AverageReturn    316.9
2026-05-06 19:53:40.025311 CST | [maze2d-large-v1] NormReturn         1.16054
2026-05-06 19:53:40.025335 CST | [maze2d-large-v1] L_Act             28.5156
2026-05-06 19:53:40.025359 CST | [maze2d-large-v1] L_Crit             0.182217
2026-05-06 19:53:40.025382 CST | [maze2d-large-v1] Weight             0.5
2026-05-06 19:53:40.025410 CST | [maze2d-large-v1] kl                 1
2026-05-06 19:53:40.025434 CST | [maze2d-large-v1] ---------------  ----------
2026-05-06 19:55:18.845808 CST | [maze2d-large-v1] ---------------  ----------
2026-05-06 19:55:18.845910 CST | [maze2d-large-v1] Training Epochs    5
2026-05-06 19:55:18.845939 CST | [maze2d-large-v1] AverageReturn    301.6
2026-05-06 19:55:18.845963 CST | [maze2d-large-v1] NormReturn         1.1033
2026-05-06 19:55:18.845986 CST | [maze2d-large-v1] L_Act             30.6172
2026-05-06 19:55:18.846008 CST | [maze2d-large-v1] L_Crit             0.152739
2026-05-06 19:55:18.846030 CST | [maze2d-large-v1] Weight             0.5
2026-05-06 19:55:18.846053 CST | [maze2d-large-v1] kl                 1
2026-05-06 19:55:18.846075 CST | [maze2d-large-v1] ---------------  ----------
2026-05-06 19:56:54.181187 CST | [maze2d-large-v1] ---------------  ----------
2026-05-06 19:56:54.181305 CST | [maze2d-large-v1] Training Epochs    6
2026-05-06 19:56:54.181335 CST | [maze2d-large-v1] AverageReturn    342.9
2026-05-06 19:56:54.181359 CST | [maze2d-large-v1] NormReturn         1.25781
2026-05-06 19:56:54.181382 CST | [maze2d-large-v1] L_Act             31.7759
2026-05-06 19:56:54.181405 CST | [maze2d-large-v1] L_Crit             0.119224
2026-05-06 19:56:54.181427 CST | [maze2d-large-v1] Weight             0.5
2026-05-06 19:56:54.181449 CST | [maze2d-large-v1] kl                 1
2026-05-06 19:56:54.181471 CST | [maze2d-large-v1] ---------------  ----------
2026-05-06 19:58:33.783979 CST | [maze2d-large-v1] ---------------  ---------
2026-05-06 19:58:33.784089 CST | [maze2d-large-v1] Training Epochs    7
2026-05-06 19:58:33.784120 CST | [maze2d-large-v1] AverageReturn    320
2026-05-06 19:58:33.784145 CST | [maze2d-large-v1] NormReturn         1.17214
2026-05-06 19:58:33.784169 CST | [maze2d-large-v1] L_Act             32.2558
2026-05-06 19:58:33.784192 CST | [maze2d-large-v1] L_Crit             0.11629
2026-05-06 19:58:33.784216 CST | [maze2d-large-v1] Weight             0.5
2026-05-06 19:58:33.784239 CST | [maze2d-large-v1] kl                 1
2026-05-06 19:58:33.784263 CST | [maze2d-large-v1] ---------------  ---------
2026-05-06 20:00:13.903682 CST | [maze2d-large-v1] ---------------  ----------
2026-05-06 20:00:13.903796 CST | [maze2d-large-v1] Training Epochs    8
2026-05-06 20:00:13.903827 CST | [maze2d-large-v1] AverageReturn    336.1
2026-05-06 20:00:13.903852 CST | [maze2d-large-v1] NormReturn         1.23237
2026-05-06 20:00:13.903882 CST | [maze2d-large-v1] L_Act             32.6583
2026-05-06 20:00:13.903911 CST | [maze2d-large-v1] L_Crit             0.075214
2026-05-06 20:00:13.903935 CST | [maze2d-large-v1] Weight             0.5
2026-05-06 20:00:13.903965 CST | [maze2d-large-v1] kl                 1
2026-05-06 20:00:13.903989 CST | [maze2d-large-v1] ---------------  ----------
2026-05-06 20:01:53.415727 CST | [maze2d-large-v1] ---------------  -----------
2026-05-06 20:01:53.415841 CST | [maze2d-large-v1] Training Epochs    9
2026-05-06 20:01:53.415871 CST | [maze2d-large-v1] AverageReturn    312.3
2026-05-06 20:01:53.415896 CST | [maze2d-large-v1] NormReturn         1.14333
2026-05-06 20:01:53.415924 CST | [maze2d-large-v1] L_Act             33.312
2026-05-06 20:01:53.415950 CST | [maze2d-large-v1] L_Crit             0.0673171
2026-05-06 20:01:53.415974 CST | [maze2d-large-v1] Weight             0.5
2026-05-06 20:01:53.415997 CST | [maze2d-large-v1] kl                 1
2026-05-06 20:01:53.416021 CST | [maze2d-large-v1] ---------------  -----------
2026-05-06 20:03:33.274097 CST | [maze2d-large-v1] ---------------  -----------
2026-05-06 20:03:33.274210 CST | [maze2d-large-v1] Training Epochs   10
2026-05-06 20:03:33.274240 CST | [maze2d-large-v1] AverageReturn    354.2
2026-05-06 20:03:33.274265 CST | [maze2d-large-v1] NormReturn         1.30009
2026-05-06 20:03:33.274289 CST | [maze2d-large-v1] L_Act             33.9729
2026-05-06 20:03:33.274313 CST | [maze2d-large-v1] L_Crit             0.0547445
2026-05-06 20:03:33.274336 CST | [maze2d-large-v1] Weight             0.5
2026-05-06 20:03:33.274360 CST | [maze2d-large-v1] kl                 1
2026-05-06 20:03:33.274383 CST | [maze2d-large-v1] ---------------  -----------
2026-05-06 20:05:11.078309 CST | [maze2d-large-v1] ---------------  -----------
2026-05-06 20:05:11.078426 CST | [maze2d-large-v1] Training Epochs   11
2026-05-06 20:05:11.078455 CST | [maze2d-large-v1] AverageReturn    339.4
2026-05-06 20:05:11.078478 CST | [maze2d-large-v1] NormReturn         1.24472
2026-05-06 20:05:11.078501 CST | [maze2d-large-v1] L_Act             34.5238
2026-05-06 20:05:11.078523 CST | [maze2d-large-v1] L_Crit             0.0470361
2026-05-06 20:05:11.078546 CST | [maze2d-large-v1] Weight             0.5
2026-05-06 20:05:11.078568 CST | [maze2d-large-v1] kl                 1
2026-05-06 20:05:11.078590 CST | [maze2d-large-v1] ---------------  -----------
2026-05-06 20:06:48.278297 CST | [maze2d-large-v1] ---------------  -----------
2026-05-06 20:06:48.278407 CST | [maze2d-large-v1] Training Epochs   12
2026-05-06 20:06:48.278453 CST | [maze2d-large-v1] AverageReturn    406.4
2026-05-06 20:06:48.278476 CST | [maze2d-large-v1] NormReturn         1.49538
2026-05-06 20:06:48.278499 CST | [maze2d-large-v1] L_Act             34.966
2026-05-06 20:06:48.278521 CST | [maze2d-large-v1] L_Crit             0.0446194
2026-05-06 20:06:48.278544 CST | [maze2d-large-v1] Weight             0.5
2026-05-06 20:06:48.278566 CST | [maze2d-large-v1] kl                 1
2026-05-06 20:06:48.278593 CST | [maze2d-large-v1] ---------------  -----------
2026-05-06 20:08:21.952077 CST | [maze2d-large-v1] ---------------  -----------
2026-05-06 20:08:21.952183 CST | [maze2d-large-v1] Training Epochs   13
2026-05-06 20:08:21.952229 CST | [maze2d-large-v1] AverageReturn    391.8
2026-05-06 20:08:21.952253 CST | [maze2d-large-v1] NormReturn         1.44076
2026-05-06 20:08:21.952277 CST | [maze2d-large-v1] L_Act             35.3032
2026-05-06 20:08:21.952301 CST | [maze2d-large-v1] L_Crit             0.0450006
2026-05-06 20:08:21.952324 CST | [maze2d-large-v1] Weight             0.5
2026-05-06 20:08:21.952347 CST | [maze2d-large-v1] kl                 1
2026-05-06 20:08:21.952371 CST | [maze2d-large-v1] ---------------  -----------
2026-05-06 20:09:56.814287 CST | [maze2d-large-v1] ---------------  -----------
2026-05-06 20:09:56.814398 CST | [maze2d-large-v1] Training Epochs   14
2026-05-06 20:09:56.814449 CST | [maze2d-large-v1] AverageReturn    418.5
2026-05-06 20:09:56.814473 CST | [maze2d-large-v1] NormReturn         1.54065
2026-05-06 20:09:56.814496 CST | [maze2d-large-v1] L_Act             35.5378
2026-05-06 20:09:56.814518 CST | [maze2d-large-v1] L_Crit             0.0433825
2026-05-06 20:09:56.814540 CST | [maze2d-large-v1] Weight             0.5
2026-05-06 20:09:56.814563 CST | [maze2d-large-v1] kl                 1
2026-05-06 20:09:56.814585 CST | [maze2d-large-v1] ---------------  -----------
2026-05-06 20:11:31.549971 CST | [maze2d-large-v1] ---------------  -----------
2026-05-06 20:11:31.550075 CST | [maze2d-large-v1] Training Epochs   15
2026-05-06 20:11:31.550131 CST | [maze2d-large-v1] AverageReturn    415
2026-05-06 20:11:31.550156 CST | [maze2d-large-v1] NormReturn         1.52755
2026-05-06 20:11:31.550180 CST | [maze2d-large-v1] L_Act             35.6419
2026-05-06 20:11:31.550203 CST | [maze2d-large-v1] L_Crit             0.0436582
2026-05-06 20:11:31.550227 CST | [maze2d-large-v1] Weight             0.5
2026-05-06 20:11:31.550250 CST | [maze2d-large-v1] kl                 1
2026-05-06 20:11:31.550274 CST | [maze2d-large-v1] ---------------  -----------
2026-05-06 20:13:11.902722 CST | [maze2d-large-v1] ---------------  -----------
2026-05-06 20:13:11.902853 CST | [maze2d-large-v1] Training Epochs   16
2026-05-06 20:13:11.902883 CST | [maze2d-large-v1] AverageReturn    374.4
2026-05-06 20:13:11.902912 CST | [maze2d-large-v1] NormReturn         1.37566
2026-05-06 20:13:11.902936 CST | [maze2d-large-v1] L_Act             35.9133
2026-05-06 20:13:11.902960 CST | [maze2d-large-v1] L_Crit             0.0376601
2026-05-06 20:13:11.902983 CST | [maze2d-large-v1] Weight             0.5
2026-05-06 20:13:11.903007 CST | [maze2d-large-v1] kl                 1
2026-05-06 20:13:11.903030 CST | [maze2d-large-v1] ---------------  -----------
2026-05-06 20:14:50.834582 CST | [maze2d-large-v1] ---------------  -----------
2026-05-06 20:14:50.834687 CST | [maze2d-large-v1] Training Epochs   17
2026-05-06 20:14:50.834716 CST | [maze2d-large-v1] AverageReturn    349.6
2026-05-06 20:14:50.834740 CST | [maze2d-large-v1] NormReturn         1.28288
2026-05-06 20:14:50.834763 CST | [maze2d-large-v1] L_Act             36.0618
2026-05-06 20:14:50.834786 CST | [maze2d-large-v1] L_Crit             0.0366824
2026-05-06 20:14:50.834809 CST | [maze2d-large-v1] Weight             0.5
2026-05-06 20:14:50.834831 CST | [maze2d-large-v1] kl                 1
2026-05-06 20:14:50.834853 CST | [maze2d-large-v1] ---------------  -----------
2026-05-06 20:16:29.940084 CST | [maze2d-large-v1] ---------------  -----------
2026-05-06 20:16:29.940204 CST | [maze2d-large-v1] Training Epochs   18
2026-05-06 20:16:29.940232 CST | [maze2d-large-v1] AverageReturn    390.1
2026-05-06 20:16:29.940256 CST | [maze2d-large-v1] NormReturn         1.4344
2026-05-06 20:16:29.940278 CST | [maze2d-large-v1] L_Act             36.2009
2026-05-06 20:16:29.940301 CST | [maze2d-large-v1] L_Crit             0.0349858
2026-05-06 20:16:29.940323 CST | [maze2d-large-v1] Weight             0.5
2026-05-06 20:16:29.940345 CST | [maze2d-large-v1] kl                 1
2026-05-06 20:16:29.940368 CST | [maze2d-large-v1] ---------------  -----------
2026-05-06 20:18:08.939856 CST | [maze2d-large-v1] ---------------  -----------
2026-05-06 20:18:08.940010 CST | [maze2d-large-v1] Training Epochs   19
2026-05-06 20:18:08.940042 CST | [maze2d-large-v1] AverageReturn    327.8
2026-05-06 20:18:08.940067 CST | [maze2d-large-v1] NormReturn         1.20132
2026-05-06 20:18:08.940092 CST | [maze2d-large-v1] L_Act             36.3516
2026-05-06 20:18:08.940118 CST | [maze2d-large-v1] L_Crit             0.0334744
2026-05-06 20:18:08.940140 CST | [maze2d-large-v1] Weight             0.5
2026-05-06 20:18:08.940162 CST | [maze2d-large-v1] kl                 1
2026-05-06 20:18:08.940184 CST | [maze2d-large-v1] ---------------  -----------
2026-05-06 20:19:47.677938 CST | [maze2d-large-v1] ---------------  ----------
2026-05-06 20:19:47.678053 CST | [maze2d-large-v1] Training Epochs   20
2026-05-06 20:19:47.678082 CST | [maze2d-large-v1] AverageReturn    417.2
2026-05-06 20:19:47.678107 CST | [maze2d-large-v1] NormReturn         1.53579
2026-05-06 20:19:47.678131 CST | [maze2d-large-v1] L_Act             36.4489
2026-05-06 20:19:47.678154 CST | [maze2d-large-v1] L_Crit             0.031132
2026-05-06 20:19:47.678178 CST | [maze2d-large-v1] Weight             0.5
2026-05-06 20:19:47.678201 CST | [maze2d-large-v1] kl                 1
2026-05-06 20:19:47.678224 CST | [maze2d-large-v1] ---------------  ----------
2026-05-06 20:21:25.908354 CST | [maze2d-large-v1] ---------------  -----------
2026-05-06 20:21:25.908500 CST | [maze2d-large-v1] Training Epochs   21
2026-05-06 20:21:25.908530 CST | [maze2d-large-v1] AverageReturn    400.8
2026-05-06 20:21:25.908555 CST | [maze2d-large-v1] NormReturn         1.47443
2026-05-06 20:21:25.908579 CST | [maze2d-large-v1] L_Act             36.6028
2026-05-06 20:21:25.908602 CST | [maze2d-large-v1] L_Crit             0.0311419
2026-05-06 20:21:25.908633 CST | [maze2d-large-v1] Weight             0.5
2026-05-06 20:21:25.908656 CST | [maze2d-large-v1] kl                 1
2026-05-06 20:21:25.908680 CST | [maze2d-large-v1] ---------------  -----------
2026-05-06 20:23:04.836189 CST | [maze2d-large-v1] ---------------  -----------
2026-05-06 20:23:04.836307 CST | [maze2d-large-v1] Training Epochs   22
2026-05-06 20:23:04.836336 CST | [maze2d-large-v1] AverageReturn    403
2026-05-06 20:23:04.836361 CST | [maze2d-large-v1] NormReturn         1.48266
2026-05-06 20:23:04.836389 CST | [maze2d-large-v1] L_Act             36.6936
2026-05-06 20:23:04.836414 CST | [maze2d-large-v1] L_Crit             0.0310672
2026-05-06 20:23:04.836438 CST | [maze2d-large-v1] Weight             0.5
2026-05-06 20:23:04.836461 CST | [maze2d-large-v1] kl                 1
2026-05-06 20:23:04.836485 CST | [maze2d-large-v1] ---------------  -----------
2026-05-06 20:24:43.312736 CST | [maze2d-large-v1] ---------------  -----------
2026-05-06 20:24:43.312856 CST | [maze2d-large-v1] Training Epochs   23
2026-05-06 20:24:43.312886 CST | [maze2d-large-v1] AverageReturn    346.7
2026-05-06 20:24:43.312909 CST | [maze2d-large-v1] NormReturn         1.27203
2026-05-06 20:24:43.312932 CST | [maze2d-large-v1] L_Act             36.8053
2026-05-06 20:24:43.312954 CST | [maze2d-large-v1] L_Crit             0.0313336
2026-05-06 20:24:43.312980 CST | [maze2d-large-v1] Weight             0.5
2026-05-06 20:24:43.313003 CST | [maze2d-large-v1] kl                 1
2026-05-06 20:24:43.313025 CST | [maze2d-large-v1] ---------------  -----------
2026-05-06 20:26:22.198008 CST | [maze2d-large-v1] ---------------  -----------
2026-05-06 20:26:22.198128 CST | [maze2d-large-v1] Training Epochs   24
2026-05-06 20:26:22.198157 CST | [maze2d-large-v1] AverageReturn    343.5
2026-05-06 20:26:22.198182 CST | [maze2d-large-v1] NormReturn         1.26005
2026-05-06 20:26:22.198206 CST | [maze2d-large-v1] L_Act             36.8707
2026-05-06 20:26:22.198229 CST | [maze2d-large-v1] L_Crit             0.0304571
2026-05-06 20:26:22.198253 CST | [maze2d-large-v1] Weight             0.5
2026-05-06 20:26:22.198276 CST | [maze2d-large-v1] kl                 1
2026-05-06 20:26:22.198300 CST | [maze2d-large-v1] ---------------  -----------
2026-05-06 20:27:57.888219 CST | [maze2d-large-v1] ---------------  -----------
2026-05-06 20:27:57.888317 CST | [maze2d-large-v1] Training Epochs   25
2026-05-06 20:27:57.888355 CST | [maze2d-large-v1] AverageReturn    438.5
2026-05-06 20:27:57.888383 CST | [maze2d-large-v1] NormReturn         1.61547
2026-05-06 20:27:57.888406 CST | [maze2d-large-v1] L_Act             36.9764
2026-05-06 20:27:57.888428 CST | [maze2d-large-v1] L_Crit             0.0309472
2026-05-06 20:27:57.888450 CST | [maze2d-large-v1] Weight             0.5
2026-05-06 20:27:57.888473 CST | [maze2d-large-v1] kl                 1
2026-05-06 20:27:57.888495 CST | [maze2d-large-v1] ---------------  -----------
2026-05-06 20:29:32.701844 CST | [maze2d-large-v1] ---------------  -----------
2026-05-06 20:29:32.701943 CST | [maze2d-large-v1] Training Epochs   26
2026-05-06 20:29:32.701995 CST | [maze2d-large-v1] AverageReturn    344.6
2026-05-06 20:29:32.702018 CST | [maze2d-large-v1] NormReturn         1.26417
2026-05-06 20:29:32.702041 CST | [maze2d-large-v1] L_Act             37.0244
2026-05-06 20:29:32.702063 CST | [maze2d-large-v1] L_Crit             0.0302712
2026-05-06 20:29:32.702085 CST | [maze2d-large-v1] Weight             0.5
2026-05-06 20:29:32.702107 CST | [maze2d-large-v1] kl                 1
2026-05-06 20:29:32.702130 CST | [maze2d-large-v1] ---------------  -----------
2026-05-06 20:31:07.457163 CST | [maze2d-large-v1] ---------------  -----------
2026-05-06 20:31:07.457271 CST | [maze2d-large-v1] Training Epochs   27
2026-05-06 20:31:07.457315 CST | [maze2d-large-v1] AverageReturn    419.7
2026-05-06 20:31:07.457339 CST | [maze2d-large-v1] NormReturn         1.54514
2026-05-06 20:31:07.457362 CST | [maze2d-large-v1] L_Act             37.1093
2026-05-06 20:31:07.457384 CST | [maze2d-large-v1] L_Crit             0.0292773
2026-05-06 20:31:07.457406 CST | [maze2d-large-v1] Weight             0.5
2026-05-06 20:31:07.457429 CST | [maze2d-large-v1] kl                 1
2026-05-06 20:31:07.457451 CST | [maze2d-large-v1] ---------------  -----------
2026-05-06 20:32:42.402759 CST | [maze2d-large-v1] ---------------  -----------
2026-05-06 20:32:42.402894 CST | [maze2d-large-v1] Training Epochs   28
2026-05-06 20:32:42.402923 CST | [maze2d-large-v1] AverageReturn    414.3
2026-05-06 20:32:42.402948 CST | [maze2d-large-v1] NormReturn         1.52494
2026-05-06 20:32:42.402971 CST | [maze2d-large-v1] L_Act             37.1833
2026-05-06 20:32:42.402998 CST | [maze2d-large-v1] L_Crit             0.0325534
2026-05-06 20:32:42.403020 CST | [maze2d-large-v1] Weight             0.5
2026-05-06 20:32:42.403043 CST | [maze2d-large-v1] kl                 1
2026-05-06 20:32:42.403065 CST | [maze2d-large-v1] ---------------  -----------
2026-05-06 20:34:17.548379 CST | [maze2d-large-v1] ---------------  -----------
2026-05-06 20:34:17.548489 CST | [maze2d-large-v1] Training Epochs   29
2026-05-06 20:34:17.548537 CST | [maze2d-large-v1] AverageReturn    305.3
2026-05-06 20:34:17.548561 CST | [maze2d-large-v1] NormReturn         1.11714
2026-05-06 20:34:17.548583 CST | [maze2d-large-v1] L_Act             37.2294
2026-05-06 20:34:17.548606 CST | [maze2d-large-v1] L_Crit             0.0323874
2026-05-06 20:34:17.548628 CST | [maze2d-large-v1] Weight             0.5
2026-05-06 20:34:17.548650 CST | [maze2d-large-v1] kl                 1
2026-05-06 20:34:17.548675 CST | [maze2d-large-v1] ---------------  -----------
2026-05-06 20:35:52.666244 CST | [maze2d-large-v1] ---------------  -----------
2026-05-06 20:35:52.666341 CST | [maze2d-large-v1] Training Epochs   30
2026-05-06 20:35:52.666391 CST | [maze2d-large-v1] AverageReturn    341.9
2026-05-06 20:35:52.666415 CST | [maze2d-large-v1] NormReturn         1.25407
2026-05-06 20:35:52.666438 CST | [maze2d-large-v1] L_Act             37.3176
2026-05-06 20:35:52.666465 CST | [maze2d-large-v1] L_Crit             0.0316522
2026-05-06 20:35:52.666487 CST | [maze2d-large-v1] Weight             0.5
2026-05-06 20:35:52.666509 CST | [maze2d-large-v1] kl                 1
2026-05-06 20:35:52.666531 CST | [maze2d-large-v1] ---------------  -----------
2026-05-06 20:37:28.210161 CST | [maze2d-large-v1] ---------------  -----------
2026-05-06 20:37:28.210295 CST | [maze2d-large-v1] Training Epochs   31
2026-05-06 20:37:28.210323 CST | [maze2d-large-v1] AverageReturn    346.6
2026-05-06 20:37:28.210347 CST | [maze2d-large-v1] NormReturn         1.27165
2026-05-06 20:37:28.210371 CST | [maze2d-large-v1] L_Act             37.3511
2026-05-06 20:37:28.210393 CST | [maze2d-large-v1] L_Crit             0.0329824
2026-05-06 20:37:28.210416 CST | [maze2d-large-v1] Weight             0.5
2026-05-06 20:37:28.210438 CST | [maze2d-large-v1] kl                 1
2026-05-06 20:37:28.210460 CST | [maze2d-large-v1] ---------------  -----------
2026-05-06 20:39:03.026423 CST | [maze2d-large-v1] ---------------  -----------
2026-05-06 20:39:03.026535 CST | [maze2d-large-v1] Training Epochs   32
2026-05-06 20:39:03.026582 CST | [maze2d-large-v1] AverageReturn    353
2026-05-06 20:39:03.026606 CST | [maze2d-large-v1] NormReturn         1.2956
2026-05-06 20:39:03.026629 CST | [maze2d-large-v1] L_Act             37.3936
2026-05-06 20:39:03.026652 CST | [maze2d-large-v1] L_Crit             0.0307728
2026-05-06 20:39:03.026675 CST | [maze2d-large-v1] Weight             0.5
2026-05-06 20:39:03.026697 CST | [maze2d-large-v1] kl                 1
2026-05-06 20:39:03.026720 CST | [maze2d-large-v1] ---------------  -----------
2026-05-06 20:40:37.634033 CST | [maze2d-large-v1] ---------------  -----------
2026-05-06 20:40:37.634140 CST | [maze2d-large-v1] Training Epochs   33
2026-05-06 20:40:37.634169 CST | [maze2d-large-v1] AverageReturn    328.6
2026-05-06 20:40:37.634203 CST | [maze2d-large-v1] NormReturn         1.20431
2026-05-06 20:40:37.634226 CST | [maze2d-large-v1] L_Act             37.4609
2026-05-06 20:40:37.634248 CST | [maze2d-large-v1] L_Crit             0.0330141
2026-05-06 20:40:37.634271 CST | [maze2d-large-v1] Weight             0.5
2026-05-06 20:40:37.634293 CST | [maze2d-large-v1] kl                 1
2026-05-06 20:40:37.634315 CST | [maze2d-large-v1] ---------------  -----------
2026-05-06 20:42:12.559083 CST | [maze2d-large-v1] ---------------  -----------
2026-05-06 20:42:12.559213 CST | [maze2d-large-v1] Training Epochs   34
2026-05-06 20:42:12.559241 CST | [maze2d-large-v1] AverageReturn    307.5
2026-05-06 20:42:12.559265 CST | [maze2d-large-v1] NormReturn         1.12537
2026-05-06 20:42:12.559288 CST | [maze2d-large-v1] L_Act             37.5063
2026-05-06 20:42:12.559311 CST | [maze2d-large-v1] L_Crit             0.0344419
2026-05-06 20:42:12.559333 CST | [maze2d-large-v1] Weight             0.5
2026-05-06 20:42:12.559355 CST | [maze2d-large-v1] kl                 1
2026-05-06 20:42:12.559378 CST | [maze2d-large-v1] ---------------  -----------
2026-05-06 20:43:46.960209 CST | [maze2d-large-v1] ---------------  -----------
2026-05-06 20:43:46.960312 CST | [maze2d-large-v1] Training Epochs   35
2026-05-06 20:43:46.960341 CST | [maze2d-large-v1] AverageReturn    305.5
2026-05-06 20:43:46.960367 CST | [maze2d-large-v1] NormReturn         1.11789
2026-05-06 20:43:46.960390 CST | [maze2d-large-v1] L_Act             37.5389
2026-05-06 20:43:46.960414 CST | [maze2d-large-v1] L_Crit             0.0330463
2026-05-06 20:43:46.960437 CST | [maze2d-large-v1] Weight             0.5
2026-05-06 20:43:46.960461 CST | [maze2d-large-v1] kl                 1
2026-05-06 20:43:46.960487 CST | [maze2d-large-v1] ---------------  -----------
2026-05-06 20:45:21.634161 CST | [maze2d-large-v1] ---------------  ----------
2026-05-06 20:45:21.634262 CST | [maze2d-large-v1] Training Epochs   36
2026-05-06 20:45:21.634289 CST | [maze2d-large-v1] AverageReturn    303.6
2026-05-06 20:45:21.634313 CST | [maze2d-large-v1] NormReturn         1.11078
2026-05-06 20:45:21.634336 CST | [maze2d-large-v1] L_Act             37.5322
2026-05-06 20:45:21.634358 CST | [maze2d-large-v1] L_Crit             0.033899
2026-05-06 20:45:21.634380 CST | [maze2d-large-v1] Weight             0.5
2026-05-06 20:45:21.634402 CST | [maze2d-large-v1] kl                 1
2026-05-06 20:45:21.634424 CST | [maze2d-large-v1] ---------------  ----------
2026-05-06 20:46:56.134895 CST | [maze2d-large-v1] ---------------  -----------
2026-05-06 20:46:56.135000 CST | [maze2d-large-v1] Training Epochs   37
2026-05-06 20:46:56.135039 CST | [maze2d-large-v1] AverageReturn    318.4
2026-05-06 20:46:56.135063 CST | [maze2d-large-v1] NormReturn         1.16615
2026-05-06 20:46:56.135086 CST | [maze2d-large-v1] L_Act             37.5794
2026-05-06 20:46:56.135108 CST | [maze2d-large-v1] L_Crit             0.0346006
2026-05-06 20:46:56.135131 CST | [maze2d-large-v1] Weight             0.5
2026-05-06 20:46:56.135154 CST | [maze2d-large-v1] kl                 1
2026-05-06 20:46:56.135176 CST | [maze2d-large-v1] ---------------  -----------
2026-05-06 20:48:31.467931 CST | [maze2d-large-v1] ---------------  -----------
2026-05-06 20:48:31.468040 CST | [maze2d-large-v1] Training Epochs   38
2026-05-06 20:48:31.468070 CST | [maze2d-large-v1] AverageReturn    327.1
2026-05-06 20:48:31.468093 CST | [maze2d-large-v1] NormReturn         1.1987
2026-05-06 20:48:31.468116 CST | [maze2d-large-v1] L_Act             37.5993
2026-05-06 20:48:31.468143 CST | [maze2d-large-v1] L_Crit             0.0343491
2026-05-06 20:48:31.468165 CST | [maze2d-large-v1] Weight             0.5
2026-05-06 20:48:31.468193 CST | [maze2d-large-v1] kl                 1
2026-05-06 20:48:31.468215 CST | [maze2d-large-v1] ---------------  -----------
2026-05-06 20:50:07.324852 CST | [maze2d-large-v1] ---------------  -----------
2026-05-06 20:50:07.324948 CST | [maze2d-large-v1] Training Epochs   39
2026-05-06 20:50:07.325001 CST | [maze2d-large-v1] AverageReturn    338.4
2026-05-06 20:50:07.325024 CST | [maze2d-large-v1] NormReturn         1.24097
2026-05-06 20:50:07.325047 CST | [maze2d-large-v1] L_Act             37.6428
2026-05-06 20:50:07.325069 CST | [maze2d-large-v1] L_Crit             0.0314092
2026-05-06 20:50:07.325091 CST | [maze2d-large-v1] Weight             0.5
2026-05-06 20:50:07.325114 CST | [maze2d-large-v1] kl                 1
2026-05-06 20:50:07.325136 CST | [maze2d-large-v1] ---------------  -----------
2026-05-06 20:51:42.009335 CST | [maze2d-large-v1] ---------------  -----------
2026-05-06 20:51:42.009445 CST | [maze2d-large-v1] Training Epochs   40
2026-05-06 20:51:42.009492 CST | [maze2d-large-v1] AverageReturn    309.5
2026-05-06 20:51:42.009516 CST | [maze2d-large-v1] NormReturn         1.13285
2026-05-06 20:51:42.009539 CST | [maze2d-large-v1] L_Act             37.634
2026-05-06 20:51:42.009562 CST | [maze2d-large-v1] L_Crit             0.0332675
2026-05-06 20:51:42.009585 CST | [maze2d-large-v1] Weight             0.5
2026-05-06 20:51:42.009608 CST | [maze2d-large-v1] kl                 1
2026-05-06 20:51:42.009630 CST | [maze2d-large-v1] ---------------  -----------
2026-05-06 20:53:17.253199 CST | [maze2d-large-v1] ---------------  -----------
2026-05-06 20:53:17.253300 CST | [maze2d-large-v1] Training Epochs   41
2026-05-06 20:53:17.253329 CST | [maze2d-large-v1] AverageReturn    350.5
2026-05-06 20:53:17.253355 CST | [maze2d-large-v1] NormReturn         1.28624
2026-05-06 20:53:17.253378 CST | [maze2d-large-v1] L_Act             37.6446
2026-05-06 20:53:17.253402 CST | [maze2d-large-v1] L_Crit             0.0316787
2026-05-06 20:53:17.253424 CST | [maze2d-large-v1] Weight             0.5
2026-05-06 20:53:17.253446 CST | [maze2d-large-v1] kl                 1
2026-05-06 20:53:17.253470 CST | [maze2d-large-v1] ---------------  -----------
2026-05-06 20:54:51.726608 CST | [maze2d-large-v1] ---------------  -----------
2026-05-06 20:54:51.726706 CST | [maze2d-large-v1] Training Epochs   42
2026-05-06 20:54:51.726734 CST | [maze2d-large-v1] AverageReturn    286.2
2026-05-06 20:54:51.726757 CST | [maze2d-large-v1] NormReturn         1.04568
2026-05-06 20:54:51.726780 CST | [maze2d-large-v1] L_Act             37.6698
2026-05-06 20:54:51.726807 CST | [maze2d-large-v1] L_Crit             0.0297557
2026-05-06 20:54:51.726829 CST | [maze2d-large-v1] Weight             0.5
2026-05-06 20:54:51.726851 CST | [maze2d-large-v1] kl                 1
2026-05-06 20:54:51.726873 CST | [maze2d-large-v1] ---------------  -----------
2026-05-06 20:56:27.422332 CST | [maze2d-large-v1] ---------------  -----------
2026-05-06 20:56:27.422434 CST | [maze2d-large-v1] Training Epochs   43
2026-05-06 20:56:27.422485 CST | [maze2d-large-v1] AverageReturn    338.7
2026-05-06 20:56:27.422508 CST | [maze2d-large-v1] NormReturn         1.2421
2026-05-06 20:56:27.422531 CST | [maze2d-large-v1] L_Act             37.6725
2026-05-06 20:56:27.422553 CST | [maze2d-large-v1] L_Crit             0.0303178
2026-05-06 20:56:27.422575 CST | [maze2d-large-v1] Weight             0.5
2026-05-06 20:56:27.422598 CST | [maze2d-large-v1] kl                 1
2026-05-06 20:56:27.422620 CST | [maze2d-large-v1] ---------------  -----------
2026-05-06 20:58:02.333039 CST | [maze2d-large-v1] ---------------  -----------
2026-05-06 20:58:02.333149 CST | [maze2d-large-v1] Training Epochs   44
2026-05-06 20:58:02.333199 CST | [maze2d-large-v1] AverageReturn    310.6
2026-05-06 20:58:02.333223 CST | [maze2d-large-v1] NormReturn         1.13697
2026-05-06 20:58:02.333245 CST | [maze2d-large-v1] L_Act             37.6826
2026-05-06 20:58:02.333268 CST | [maze2d-large-v1] L_Crit             0.0289512
2026-05-06 20:58:02.333290 CST | [maze2d-large-v1] Weight             0.5
2026-05-06 20:58:02.333312 CST | [maze2d-large-v1] kl                 1
2026-05-06 20:58:02.333334 CST | [maze2d-large-v1] ---------------  -----------
2026-05-06 20:59:37.585818 CST | [maze2d-large-v1] ---------------  -----------
2026-05-06 20:59:37.585923 CST | [maze2d-large-v1] Training Epochs   45
2026-05-06 20:59:37.585976 CST | [maze2d-large-v1] AverageReturn    320
2026-05-06 20:59:37.586000 CST | [maze2d-large-v1] NormReturn         1.17214
2026-05-06 20:59:37.586023 CST | [maze2d-large-v1] L_Act             37.7041
2026-05-06 20:59:37.586045 CST | [maze2d-large-v1] L_Crit             0.0298159
2026-05-06 20:59:37.586067 CST | [maze2d-large-v1] Weight             0.5
2026-05-06 20:59:37.586090 CST | [maze2d-large-v1] kl                 1
2026-05-06 20:59:37.586112 CST | [maze2d-large-v1] ---------------  -----------
2026-05-06 21:01:13.252109 CST | [maze2d-large-v1] ---------------  -----------
2026-05-06 21:01:13.252217 CST | [maze2d-large-v1] Training Epochs   46
2026-05-06 21:01:13.252274 CST | [maze2d-large-v1] AverageReturn    273.1
2026-05-06 21:01:13.252300 CST | [maze2d-large-v1] NormReturn         0.99667
2026-05-06 21:01:13.252326 CST | [maze2d-large-v1] L_Act             37.7179
2026-05-06 21:01:13.252350 CST | [maze2d-large-v1] L_Crit             0.0259784
2026-05-06 21:01:13.252374 CST | [maze2d-large-v1] Weight             0.5
2026-05-06 21:01:13.252398 CST | [maze2d-large-v1] kl                 1
2026-05-06 21:01:13.252422 CST | [maze2d-large-v1] ---------------  -----------
2026-05-06 21:02:48.759008 CST | [maze2d-large-v1] ---------------  -----------
2026-05-06 21:02:48.759116 CST | [maze2d-large-v1] Training Epochs   47
2026-05-06 21:02:48.759144 CST | [maze2d-large-v1] AverageReturn    423.1
2026-05-06 21:02:48.759168 CST | [maze2d-large-v1] NormReturn         1.55786
2026-05-06 21:02:48.759191 CST | [maze2d-large-v1] L_Act             37.7335
2026-05-06 21:02:48.759217 CST | [maze2d-large-v1] L_Crit             0.0264123
2026-05-06 21:02:48.759239 CST | [maze2d-large-v1] Weight             0.5
2026-05-06 21:02:48.759267 CST | [maze2d-large-v1] kl                 1
2026-05-06 21:02:48.759289 CST | [maze2d-large-v1] ---------------  -----------
2026-05-06 21:04:23.478892 CST | [maze2d-large-v1] ---------------  -----------
2026-05-06 21:04:23.479005 CST | [maze2d-large-v1] Training Epochs   48
2026-05-06 21:04:23.479034 CST | [maze2d-large-v1] AverageReturn    356.1
2026-05-06 21:04:23.479058 CST | [maze2d-large-v1] NormReturn         1.30719
2026-05-06 21:04:23.479081 CST | [maze2d-large-v1] L_Act             37.7488
2026-05-06 21:04:23.479103 CST | [maze2d-large-v1] L_Crit             0.0263293
2026-05-06 21:04:23.479125 CST | [maze2d-large-v1] Weight             0.5
2026-05-06 21:04:23.479147 CST | [maze2d-large-v1] kl                 1
2026-05-06 21:04:23.479169 CST | [maze2d-large-v1] ---------------  -----------
2026-05-06 21:05:57.815628 CST | [maze2d-large-v1] ---------------  -----------
2026-05-06 21:05:57.815730 CST | [maze2d-large-v1] Training Epochs   49
2026-05-06 21:05:57.815758 CST | [maze2d-large-v1] AverageReturn    364
2026-05-06 21:05:57.815782 CST | [maze2d-large-v1] NormReturn         1.33675
2026-05-06 21:05:57.815806 CST | [maze2d-large-v1] L_Act             37.7723
2026-05-06 21:05:57.815839 CST | [maze2d-large-v1] L_Crit             0.0288214
2026-05-06 21:05:57.815861 CST | [maze2d-large-v1] Weight             0.5
2026-05-06 21:05:57.815883 CST | [maze2d-large-v1] kl                 1
2026-05-06 21:05:57.815909 CST | [maze2d-large-v1] ---------------  -----------
2026-05-06 21:07:32.786433 CST | [maze2d-large-v1] ---------------  -----------
2026-05-06 21:07:32.786537 CST | [maze2d-large-v1] Training Epochs   50
2026-05-06 21:07:32.786587 CST | [maze2d-large-v1] AverageReturn    385.8
2026-05-06 21:07:32.786616 CST | [maze2d-large-v1] NormReturn         1.41831
2026-05-06 21:07:32.786639 CST | [maze2d-large-v1] L_Act             37.7918
2026-05-06 21:07:32.786661 CST | [maze2d-large-v1] L_Crit             0.0249001
2026-05-06 21:07:32.786683 CST | [maze2d-large-v1] Weight             0.5
2026-05-06 21:07:32.786705 CST | [maze2d-large-v1] kl                 1
2026-05-06 21:07:32.786728 CST | [maze2d-large-v1] ---------------  -----------
2026-05-06 21:09:07.942790 CST | [maze2d-large-v1] ---------------  -----------
2026-05-06 21:09:07.942891 CST | [maze2d-large-v1] Training Epochs   51
2026-05-06 21:09:07.942939 CST | [maze2d-large-v1] AverageReturn    379.6
2026-05-06 21:09:07.942963 CST | [maze2d-large-v1] NormReturn         1.39511
2026-05-06 21:09:07.942986 CST | [maze2d-large-v1] L_Act             37.8582
2026-05-06 21:09:07.943008 CST | [maze2d-large-v1] L_Crit             0.0260373
2026-05-06 21:09:07.943030 CST | [maze2d-large-v1] Weight             0.5
2026-05-06 21:09:07.943052 CST | [maze2d-large-v1] kl                 1
2026-05-06 21:09:07.943075 CST | [maze2d-large-v1] ---------------  -----------
2026-05-06 21:10:42.394414 CST | [maze2d-large-v1] ---------------  -----------
2026-05-06 21:10:42.394521 CST | [maze2d-large-v1] Training Epochs   52
2026-05-06 21:10:42.394571 CST | [maze2d-large-v1] AverageReturn    357.5
2026-05-06 21:10:42.394595 CST | [maze2d-large-v1] NormReturn         1.31243
2026-05-06 21:10:42.394617 CST | [maze2d-large-v1] L_Act             37.8338
2026-05-06 21:10:42.394640 CST | [maze2d-large-v1] L_Crit             0.0255493
2026-05-06 21:10:42.394662 CST | [maze2d-large-v1] Weight             0.5
2026-05-06 21:10:42.394684 CST | [maze2d-large-v1] kl                 1
2026-05-06 21:10:42.394706 CST | [maze2d-large-v1] ---------------  -----------
2026-05-06 21:12:17.825901 CST | [maze2d-large-v1] ---------------  -----------
2026-05-06 21:12:17.826015 CST | [maze2d-large-v1] Training Epochs   53
2026-05-06 21:12:17.826059 CST | [maze2d-large-v1] AverageReturn    295.6
2026-05-06 21:12:17.826083 CST | [maze2d-large-v1] NormReturn         1.08085
2026-05-06 21:12:17.826106 CST | [maze2d-large-v1] L_Act             37.8411
2026-05-06 21:12:17.826128 CST | [maze2d-large-v1] L_Crit             0.0247347
2026-05-06 21:12:17.826150 CST | [maze2d-large-v1] Weight             0.5
2026-05-06 21:12:17.826175 CST | [maze2d-large-v1] kl                 1
2026-05-06 21:12:17.826198 CST | [maze2d-large-v1] ---------------  -----------
2026-05-06 21:13:52.943315 CST | [maze2d-large-v1] ---------------  -----------
2026-05-06 21:13:52.943432 CST | [maze2d-large-v1] Training Epochs   54
2026-05-06 21:13:52.943480 CST | [maze2d-large-v1] AverageReturn    354.4
2026-05-06 21:13:52.943504 CST | [maze2d-large-v1] NormReturn         1.30083
2026-05-06 21:13:52.943526 CST | [maze2d-large-v1] L_Act             37.8224
2026-05-06 21:13:52.943548 CST | [maze2d-large-v1] L_Crit             0.0249775
2026-05-06 21:13:52.943570 CST | [maze2d-large-v1] Weight             0.5
2026-05-06 21:13:52.943593 CST | [maze2d-large-v1] kl                 1
2026-05-06 21:13:52.943615 CST | [maze2d-large-v1] ---------------  -----------
2026-05-06 21:15:29.299084 CST | [maze2d-large-v1] ---------------  -----------
2026-05-06 21:15:29.299185 CST | [maze2d-large-v1] Training Epochs   55
2026-05-06 21:15:29.299213 CST | [maze2d-large-v1] AverageReturn    332.5
2026-05-06 21:15:29.299236 CST | [maze2d-large-v1] NormReturn         1.2189
2026-05-06 21:15:29.299259 CST | [maze2d-large-v1] L_Act             37.7742
2026-05-06 21:15:29.299281 CST | [maze2d-large-v1] L_Crit             0.0233596
2026-05-06 21:15:29.299303 CST | [maze2d-large-v1] Weight             0.5
2026-05-06 21:15:29.299325 CST | [maze2d-large-v1] kl                 1
2026-05-06 21:15:29.299348 CST | [maze2d-large-v1] ---------------  -----------
2026-05-06 21:17:04.267916 CST | [maze2d-large-v1] ---------------  -----------
2026-05-06 21:17:04.268044 CST | [maze2d-large-v1] Training Epochs   56
2026-05-06 21:17:04.268074 CST | [maze2d-large-v1] AverageReturn    304.2
2026-05-06 21:17:04.268099 CST | [maze2d-large-v1] NormReturn         1.11302
2026-05-06 21:17:04.268123 CST | [maze2d-large-v1] L_Act             37.8259
2026-05-06 21:17:04.268146 CST | [maze2d-large-v1] L_Crit             0.0226648
2026-05-06 21:17:04.268171 CST | [maze2d-large-v1] Weight             0.5
2026-05-06 21:17:04.268195 CST | [maze2d-large-v1] kl                 1
2026-05-06 21:17:04.268218 CST | [maze2d-large-v1] ---------------  -----------
2026-05-06 21:18:38.798444 CST | [maze2d-large-v1] ---------------  -----------
2026-05-06 21:18:38.798559 CST | [maze2d-large-v1] Training Epochs   57
2026-05-06 21:18:38.798611 CST | [maze2d-large-v1] AverageReturn    447.9
2026-05-06 21:18:38.798635 CST | [maze2d-large-v1] NormReturn         1.65064
2026-05-06 21:18:38.798658 CST | [maze2d-large-v1] L_Act             37.8303
2026-05-06 21:18:38.798680 CST | [maze2d-large-v1] L_Crit             0.0235085
2026-05-06 21:18:38.798702 CST | [maze2d-large-v1] Weight             0.5
2026-05-06 21:18:38.798724 CST | [maze2d-large-v1] kl                 1
2026-05-06 21:18:38.798746 CST | [maze2d-large-v1] ---------------  -----------
2026-05-06 21:20:13.188844 CST | [maze2d-large-v1] ---------------  -----------
2026-05-06 21:20:13.188950 CST | [maze2d-large-v1] Training Epochs   58
2026-05-06 21:20:13.189000 CST | [maze2d-large-v1] AverageReturn    337.5
2026-05-06 21:20:13.189024 CST | [maze2d-large-v1] NormReturn         1.23761
2026-05-06 21:20:13.189046 CST | [maze2d-large-v1] L_Act             37.8521
2026-05-06 21:20:13.189068 CST | [maze2d-large-v1] L_Crit             0.0226452
2026-05-06 21:20:13.189090 CST | [maze2d-large-v1] Weight             0.5
2026-05-06 21:20:13.189112 CST | [maze2d-large-v1] kl                 1
2026-05-06 21:20:13.189135 CST | [maze2d-large-v1] ---------------  -----------
2026-05-06 21:21:47.636083 CST | [maze2d-large-v1] ---------------  -----------
2026-05-06 21:21:47.636182 CST | [maze2d-large-v1] Training Epochs   59
2026-05-06 21:21:47.636210 CST | [maze2d-large-v1] AverageReturn    335.7
2026-05-06 21:21:47.636233 CST | [maze2d-large-v1] NormReturn         1.23087
2026-05-06 21:21:47.636256 CST | [maze2d-large-v1] L_Act             37.866
2026-05-06 21:21:47.636278 CST | [maze2d-large-v1] L_Crit             0.0226315
2026-05-06 21:21:47.636306 CST | [maze2d-large-v1] Weight             0.5
2026-05-06 21:21:47.636330 CST | [maze2d-large-v1] kl                 1
2026-05-06 21:21:47.636352 CST | [maze2d-large-v1] ---------------  -----------
2026-05-06 21:23:22.918088 CST | [maze2d-large-v1] ---------------  -----------
2026-05-06 21:23:22.918193 CST | [maze2d-large-v1] Training Epochs   60
2026-05-06 21:23:22.918238 CST | [maze2d-large-v1] AverageReturn    270.7
2026-05-06 21:23:22.918262 CST | [maze2d-large-v1] NormReturn         0.987691
2026-05-06 21:23:22.918284 CST | [maze2d-large-v1] L_Act             37.922
2026-05-06 21:23:22.918311 CST | [maze2d-large-v1] L_Crit             0.0214333
2026-05-06 21:23:22.918333 CST | [maze2d-large-v1] Weight             0.5
2026-05-06 21:23:22.918355 CST | [maze2d-large-v1] kl                 1
2026-05-06 21:23:22.918377 CST | [maze2d-large-v1] ---------------  -----------
2026-05-06 21:24:58.655148 CST | [maze2d-large-v1] ---------------  -----------
2026-05-06 21:24:58.655281 CST | [maze2d-large-v1] Training Epochs   61
2026-05-06 21:24:58.655309 CST | [maze2d-large-v1] AverageReturn    295.4
2026-05-06 21:24:58.655333 CST | [maze2d-large-v1] NormReturn         1.0801
2026-05-06 21:24:58.655355 CST | [maze2d-large-v1] L_Act             37.9206
2026-05-06 21:24:58.655377 CST | [maze2d-large-v1] L_Crit             0.0212383
2026-05-06 21:24:58.655399 CST | [maze2d-large-v1] Weight             0.5
2026-05-06 21:24:58.655421 CST | [maze2d-large-v1] kl                 1
2026-05-06 21:24:58.655443 CST | [maze2d-large-v1] ---------------  -----------
2026-05-06 21:26:32.750769 CST | [maze2d-large-v1] ---------------  -----------
2026-05-06 21:26:32.750872 CST | [maze2d-large-v1] Training Epochs   62
2026-05-06 21:26:32.750923 CST | [maze2d-large-v1] AverageReturn    286.6
2026-05-06 21:26:32.750947 CST | [maze2d-large-v1] NormReturn         1.04718
2026-05-06 21:26:32.750974 CST | [maze2d-large-v1] L_Act             37.9356
2026-05-06 21:26:32.750996 CST | [maze2d-large-v1] L_Crit             0.0200898
2026-05-06 21:26:32.751018 CST | [maze2d-large-v1] Weight             0.5
2026-05-06 21:26:32.751041 CST | [maze2d-large-v1] kl                 1
2026-05-06 21:26:32.751063 CST | [maze2d-large-v1] ---------------  -----------
2026-05-06 21:28:08.129029 CST | [maze2d-large-v1] ---------------  -----------
2026-05-06 21:28:08.129126 CST | [maze2d-large-v1] Training Epochs   63
2026-05-06 21:28:08.129171 CST | [maze2d-large-v1] AverageReturn    325.8
2026-05-06 21:28:08.129194 CST | [maze2d-large-v1] NormReturn         1.19383
2026-05-06 21:28:08.129227 CST | [maze2d-large-v1] L_Act             37.9337
2026-05-06 21:28:08.129249 CST | [maze2d-large-v1] L_Crit             0.0203974
2026-05-06 21:28:08.129271 CST | [maze2d-large-v1] Weight             0.5
2026-05-06 21:28:08.129293 CST | [maze2d-large-v1] kl                 1
2026-05-06 21:28:08.129316 CST | [maze2d-large-v1] ---------------  -----------
2026-05-06 21:29:43.114858 CST | [maze2d-large-v1] ---------------  -----------
2026-05-06 21:29:43.114957 CST | [maze2d-large-v1] Training Epochs   64
2026-05-06 21:29:43.114985 CST | [maze2d-large-v1] AverageReturn    329.7
2026-05-06 21:29:43.115009 CST | [maze2d-large-v1] NormReturn         1.20843
2026-05-06 21:29:43.115031 CST | [maze2d-large-v1] L_Act             37.9657
2026-05-06 21:29:43.115053 CST | [maze2d-large-v1] L_Crit             0.0194501
2026-05-06 21:29:43.115075 CST | [maze2d-large-v1] Weight             0.5
2026-05-06 21:29:43.115098 CST | [maze2d-large-v1] kl                 1
2026-05-06 21:29:43.115120 CST | [maze2d-large-v1] ---------------  -----------
2026-05-06 21:31:17.246622 CST | [maze2d-large-v1] ---------------  -----------
2026-05-06 21:31:17.246728 CST | [maze2d-large-v1] Training Epochs   65
2026-05-06 21:31:17.246778 CST | [maze2d-large-v1] AverageReturn    382.4
2026-05-06 21:31:17.246802 CST | [maze2d-large-v1] NormReturn         1.40559
2026-05-06 21:31:17.246825 CST | [maze2d-large-v1] L_Act             37.9658
2026-05-06 21:31:17.246847 CST | [maze2d-large-v1] L_Crit             0.0180461
2026-05-06 21:31:17.246871 CST | [maze2d-large-v1] Weight             0.5
2026-05-06 21:31:17.246893 CST | [maze2d-large-v1] kl                 1
2026-05-06 21:31:17.246916 CST | [maze2d-large-v1] ---------------  -----------
2026-05-06 21:32:51.817015 CST | [maze2d-large-v1] ---------------  -----------
2026-05-06 21:32:51.817144 CST | [maze2d-large-v1] Training Epochs   66
2026-05-06 21:32:51.817173 CST | [maze2d-large-v1] AverageReturn    378.7
2026-05-06 21:32:51.817196 CST | [maze2d-large-v1] NormReturn         1.39175
2026-05-06 21:32:51.817219 CST | [maze2d-large-v1] L_Act             37.9586
2026-05-06 21:32:51.817246 CST | [maze2d-large-v1] L_Crit             0.0183905
2026-05-06 21:32:51.817268 CST | [maze2d-large-v1] Weight             0.5
2026-05-06 21:32:51.817290 CST | [maze2d-large-v1] kl                 1
2026-05-06 21:32:51.817313 CST | [maze2d-large-v1] ---------------  -----------
2026-05-06 21:34:27.134936 CST | [maze2d-large-v1] ---------------  ----------
2026-05-06 21:34:27.135038 CST | [maze2d-large-v1] Training Epochs   67
2026-05-06 21:34:27.135067 CST | [maze2d-large-v1] AverageReturn    417.6
2026-05-06 21:34:27.135090 CST | [maze2d-large-v1] NormReturn         1.53728
2026-05-06 21:34:27.135113 CST | [maze2d-large-v1] L_Act             37.9948
2026-05-06 21:34:27.135135 CST | [maze2d-large-v1] L_Crit             0.018639
2026-05-06 21:34:27.135158 CST | [maze2d-large-v1] Weight             0.5
2026-05-06 21:34:27.135180 CST | [maze2d-large-v1] kl                 1
2026-05-06 21:34:27.135202 CST | [maze2d-large-v1] ---------------  ----------
2026-05-06 21:36:02.109461 CST | [maze2d-large-v1] ---------------  -----------
2026-05-06 21:36:02.109562 CST | [maze2d-large-v1] Training Epochs   68
2026-05-06 21:36:02.109607 CST | [maze2d-large-v1] AverageReturn    443.2
2026-05-06 21:36:02.109630 CST | [maze2d-large-v1] NormReturn         1.63306
2026-05-06 21:36:02.109653 CST | [maze2d-large-v1] L_Act             38.0148
2026-05-06 21:36:02.109675 CST | [maze2d-large-v1] L_Crit             0.0170319
2026-05-06 21:36:02.109697 CST | [maze2d-large-v1] Weight             0.5
2026-05-06 21:36:02.109719 CST | [maze2d-large-v1] kl                 1
2026-05-06 21:36:02.109741 CST | [maze2d-large-v1] ---------------  -----------
2026-05-06 21:37:36.906138 CST | [maze2d-large-v1] ---------------  -----------
2026-05-06 21:37:36.906240 CST | [maze2d-large-v1] Training Epochs   69
2026-05-06 21:37:36.906269 CST | [maze2d-large-v1] AverageReturn    419.4
2026-05-06 21:37:36.906293 CST | [maze2d-large-v1] NormReturn         1.54402
2026-05-06 21:37:36.906320 CST | [maze2d-large-v1] L_Act             38.0312
2026-05-06 21:37:36.906342 CST | [maze2d-large-v1] L_Crit             0.0173336
2026-05-06 21:37:36.906365 CST | [maze2d-large-v1] Weight             0.5
2026-05-06 21:37:36.906387 CST | [maze2d-large-v1] kl                 1
2026-05-06 21:37:36.906409 CST | [maze2d-large-v1] ---------------  -----------
2026-05-06 21:39:10.849220 CST | [maze2d-large-v1] ---------------  -----------
2026-05-06 21:39:10.849324 CST | [maze2d-large-v1] Training Epochs   70
2026-05-06 21:39:10.849374 CST | [maze2d-large-v1] AverageReturn    265.6
2026-05-06 21:39:10.849397 CST | [maze2d-large-v1] NormReturn         0.968611
2026-05-06 21:39:10.849419 CST | [maze2d-large-v1] L_Act             38.0143
2026-05-06 21:39:10.849441 CST | [maze2d-large-v1] L_Crit             0.0170731
2026-05-06 21:39:10.849463 CST | [maze2d-large-v1] Weight             0.5
2026-05-06 21:39:10.849486 CST | [maze2d-large-v1] kl                 1
2026-05-06 21:39:10.849508 CST | [maze2d-large-v1] ---------------  -----------
2026-05-06 21:40:45.573064 CST | [maze2d-large-v1] ---------------  ----------
2026-05-06 21:40:45.573166 CST | [maze2d-large-v1] Training Epochs   71
2026-05-06 21:40:45.573222 CST | [maze2d-large-v1] AverageReturn    369
2026-05-06 21:40:45.573247 CST | [maze2d-large-v1] NormReturn         1.35546
2026-05-06 21:40:45.573270 CST | [maze2d-large-v1] L_Act             38.0312
2026-05-06 21:40:45.573293 CST | [maze2d-large-v1] L_Crit             0.016909
2026-05-06 21:40:45.573318 CST | [maze2d-large-v1] Weight             0.5
2026-05-06 21:40:45.573340 CST | [maze2d-large-v1] kl                 1
2026-05-06 21:40:45.573363 CST | [maze2d-large-v1] ---------------  ----------
2026-05-06 21:42:19.916754 CST | [maze2d-large-v1] ---------------  -----------
2026-05-06 21:42:19.916865 CST | [maze2d-large-v1] Training Epochs   72
2026-05-06 21:42:19.916913 CST | [maze2d-large-v1] AverageReturn    296.7
2026-05-06 21:42:19.916937 CST | [maze2d-large-v1] NormReturn         1.08496
2026-05-06 21:42:19.916960 CST | [maze2d-large-v1] L_Act             38.0767
2026-05-06 21:42:19.916982 CST | [maze2d-large-v1] L_Crit             0.0178771
2026-05-06 21:42:19.917004 CST | [maze2d-large-v1] Weight             0.5
2026-05-06 21:42:19.917027 CST | [maze2d-large-v1] kl                 1
2026-05-06 21:42:19.917049 CST | [maze2d-large-v1] ---------------  -----------
2026-05-06 21:43:54.651666 CST | [maze2d-large-v1] ---------------  -----------
2026-05-06 21:43:54.651769 CST | [maze2d-large-v1] Training Epochs   73
2026-05-06 21:43:54.651797 CST | [maze2d-large-v1] AverageReturn    292.7
2026-05-06 21:43:54.651821 CST | [maze2d-large-v1] NormReturn         1.07
2026-05-06 21:43:54.651844 CST | [maze2d-large-v1] L_Act             38.0985
2026-05-06 21:43:54.651867 CST | [maze2d-large-v1] L_Crit             0.0177809
2026-05-06 21:43:54.651889 CST | [maze2d-large-v1] Weight             0.5
2026-05-06 21:43:54.651916 CST | [maze2d-large-v1] kl                 1
2026-05-06 21:43:54.651938 CST | [maze2d-large-v1] ---------------  -----------
2026-05-06 21:45:29.743184 CST | [maze2d-large-v1] ---------------  -----------
2026-05-06 21:45:29.743288 CST | [maze2d-large-v1] Training Epochs   74
2026-05-06 21:45:29.743334 CST | [maze2d-large-v1] AverageReturn    405.2
2026-05-06 21:45:29.743358 CST | [maze2d-large-v1] NormReturn         1.49089
2026-05-06 21:45:29.743381 CST | [maze2d-large-v1] L_Act             38.1355
2026-05-06 21:45:29.743403 CST | [maze2d-large-v1] L_Crit             0.0175193
2026-05-06 21:45:29.743425 CST | [maze2d-large-v1] Weight             0.5
2026-05-06 21:45:29.743447 CST | [maze2d-large-v1] kl                 1
2026-05-06 21:45:29.743470 CST | [maze2d-large-v1] ---------------  -----------
2026-05-06 21:47:04.444066 CST | [maze2d-large-v1] ---------------  ----------
2026-05-06 21:47:04.444178 CST | [maze2d-large-v1] Training Epochs   75
2026-05-06 21:47:04.444229 CST | [maze2d-large-v1] AverageReturn    342.8
2026-05-06 21:47:04.444253 CST | [maze2d-large-v1] NormReturn         1.25744
2026-05-06 21:47:04.444275 CST | [maze2d-large-v1] L_Act             38.1717
2026-05-06 21:47:04.444297 CST | [maze2d-large-v1] L_Crit             0.015916
2026-05-06 21:47:04.444319 CST | [maze2d-large-v1] Weight             0.5
2026-05-06 21:47:04.444342 CST | [maze2d-large-v1] kl                 1
2026-05-06 21:47:04.444364 CST | [maze2d-large-v1] ---------------  ----------
2026-05-06 21:48:39.315210 CST | [maze2d-large-v1] ---------------  -----------
2026-05-06 21:48:39.315314 CST | [maze2d-large-v1] Training Epochs   76
2026-05-06 21:48:39.315362 CST | [maze2d-large-v1] AverageReturn    292.8
2026-05-06 21:48:39.315386 CST | [maze2d-large-v1] NormReturn         1.07037
2026-05-06 21:48:39.315409 CST | [maze2d-large-v1] L_Act             38.1569
2026-05-06 21:48:39.315431 CST | [maze2d-large-v1] L_Crit             0.0157027
2026-05-06 21:48:39.315453 CST | [maze2d-large-v1] Weight             0.5
2026-05-06 21:48:39.315476 CST | [maze2d-large-v1] kl                 1
2026-05-06 21:48:39.315503 CST | [maze2d-large-v1] ---------------  -----------
2026-05-06 21:50:14.619162 CST | [maze2d-large-v1] ---------------  -----------
2026-05-06 21:50:14.619288 CST | [maze2d-large-v1] Training Epochs   77
2026-05-06 21:50:14.619317 CST | [maze2d-large-v1] AverageReturn    315.4
2026-05-06 21:50:14.619342 CST | [maze2d-large-v1] NormReturn         1.15493
2026-05-06 21:50:14.619366 CST | [maze2d-large-v1] L_Act             38.2002
2026-05-06 21:50:14.619389 CST | [maze2d-large-v1] L_Crit             0.0166407
2026-05-06 21:50:14.619418 CST | [maze2d-large-v1] Weight             0.5
2026-05-06 21:50:14.619441 CST | [maze2d-large-v1] kl                 1
2026-05-06 21:50:14.619464 CST | [maze2d-large-v1] ---------------  -----------
2026-05-06 21:51:50.310155 CST | [maze2d-large-v1] ---------------  ----------
2026-05-06 21:51:50.310269 CST | [maze2d-large-v1] Training Epochs   78
2026-05-06 21:51:50.310317 CST | [maze2d-large-v1] AverageReturn    442.5
2026-05-06 21:51:50.310341 CST | [maze2d-large-v1] NormReturn         1.63044
2026-05-06 21:51:50.310367 CST | [maze2d-large-v1] L_Act             38.2079
2026-05-06 21:51:50.310390 CST | [maze2d-large-v1] L_Crit             0.015438
2026-05-06 21:51:50.310412 CST | [maze2d-large-v1] Weight             0.5
2026-05-06 21:51:50.310434 CST | [maze2d-large-v1] kl                 1
2026-05-06 21:51:50.310456 CST | [maze2d-large-v1] ---------------  ----------
2026-05-06 21:53:25.061951 CST | [maze2d-large-v1] ---------------  -----------
2026-05-06 21:53:25.062058 CST | [maze2d-large-v1] Training Epochs   79
2026-05-06 21:53:25.062086 CST | [maze2d-large-v1] AverageReturn    286.5
2026-05-06 21:53:25.062111 CST | [maze2d-large-v1] NormReturn         1.0468
2026-05-06 21:53:25.062136 CST | [maze2d-large-v1] L_Act             38.2483
2026-05-06 21:53:25.062158 CST | [maze2d-large-v1] L_Crit             0.0166507
2026-05-06 21:53:25.062180 CST | [maze2d-large-v1] Weight             0.5
2026-05-06 21:53:25.062202 CST | [maze2d-large-v1] kl                 1
2026-05-06 21:53:25.062224 CST | [maze2d-large-v1] ---------------  -----------
2026-05-06 21:54:59.408602 CST | [maze2d-large-v1] ---------------  -----------
2026-05-06 21:54:59.408698 CST | [maze2d-large-v1] Training Epochs   80
2026-05-06 21:54:59.408746 CST | [maze2d-large-v1] AverageReturn    303.9
2026-05-06 21:54:59.408770 CST | [maze2d-large-v1] NormReturn         1.1119
2026-05-06 21:54:59.408793 CST | [maze2d-large-v1] L_Act             38.238
2026-05-06 21:54:59.408815 CST | [maze2d-large-v1] L_Crit             0.0156755
2026-05-06 21:54:59.408841 CST | [maze2d-large-v1] Weight             0.5
2026-05-06 21:54:59.408863 CST | [maze2d-large-v1] kl                 1
2026-05-06 21:54:59.408885 CST | [maze2d-large-v1] ---------------  -----------
2026-05-06 21:56:34.604363 CST | [maze2d-large-v1] ---------------  -----------
2026-05-06 21:56:34.604471 CST | [maze2d-large-v1] Training Epochs   81
2026-05-06 21:56:34.604531 CST | [maze2d-large-v1] AverageReturn    409.6
2026-05-06 21:56:34.604558 CST | [maze2d-large-v1] NormReturn         1.50735
2026-05-06 21:56:34.604581 CST | [maze2d-large-v1] L_Act             38.2777
2026-05-06 21:56:34.604603 CST | [maze2d-large-v1] L_Crit             0.0156495
2026-05-06 21:56:34.604625 CST | [maze2d-large-v1] Weight             0.5
2026-05-06 21:56:34.604648 CST | [maze2d-large-v1] kl                 1
2026-05-06 21:56:34.604670 CST | [maze2d-large-v1] ---------------  -----------
2026-05-06 21:58:09.495774 CST | [maze2d-large-v1] ---------------  -----------
2026-05-06 21:58:09.495877 CST | [maze2d-large-v1] Training Epochs   82
2026-05-06 21:58:09.495907 CST | [maze2d-large-v1] AverageReturn    340.4
2026-05-06 21:58:09.495931 CST | [maze2d-large-v1] NormReturn         1.24846
2026-05-06 21:58:09.495957 CST | [maze2d-large-v1] L_Act             38.2663
2026-05-06 21:58:09.495985 CST | [maze2d-large-v1] L_Crit             0.0146192
2026-05-06 21:58:09.496008 CST | [maze2d-large-v1] Weight             0.5
2026-05-06 21:58:09.496032 CST | [maze2d-large-v1] kl                 1
2026-05-06 21:58:09.496055 CST | [maze2d-large-v1] ---------------  -----------
2026-05-06 21:59:44.552299 CST | [maze2d-large-v1] ---------------  -----------
2026-05-06 21:59:44.552434 CST | [maze2d-large-v1] Training Epochs   83
2026-05-06 21:59:44.552465 CST | [maze2d-large-v1] AverageReturn    238.1
2026-05-06 21:59:44.552490 CST | [maze2d-large-v1] NormReturn         0.865726
2026-05-06 21:59:44.552514 CST | [maze2d-large-v1] L_Act             38.2945
2026-05-06 21:59:44.552537 CST | [maze2d-large-v1] L_Crit             0.0132969
2026-05-06 21:59:44.552563 CST | [maze2d-large-v1] Weight             0.5
2026-05-06 21:59:44.552586 CST | [maze2d-large-v1] kl                 1
2026-05-06 21:59:44.552610 CST | [maze2d-large-v1] ---------------  -----------
2026-05-06 22:01:20.252226 CST | [maze2d-large-v1] ---------------  -----------
2026-05-06 22:01:20.252323 CST | [maze2d-large-v1] Training Epochs   84
2026-05-06 22:01:20.252372 CST | [maze2d-large-v1] AverageReturn    386.6
2026-05-06 22:01:20.252401 CST | [maze2d-large-v1] NormReturn         1.4213
2026-05-06 22:01:20.252428 CST | [maze2d-large-v1] L_Act             38.3003
2026-05-06 22:01:20.252450 CST | [maze2d-large-v1] L_Crit             0.0134521
2026-05-06 22:01:20.252472 CST | [maze2d-large-v1] Weight             0.5
2026-05-06 22:01:20.252494 CST | [maze2d-large-v1] kl                 1
2026-05-06 22:01:20.252517 CST | [maze2d-large-v1] ---------------  -----------
2026-05-06 22:02:54.799461 CST | [maze2d-large-v1] ---------------  -----------
2026-05-06 22:02:54.799562 CST | [maze2d-large-v1] Training Epochs   85
2026-05-06 22:02:54.799614 CST | [maze2d-large-v1] AverageReturn    405.6
2026-05-06 22:02:54.799640 CST | [maze2d-large-v1] NormReturn         1.49239
2026-05-06 22:02:54.799664 CST | [maze2d-large-v1] L_Act             38.3206
2026-05-06 22:02:54.799688 CST | [maze2d-large-v1] L_Crit             0.0136765
2026-05-06 22:02:54.799716 CST | [maze2d-large-v1] Weight             0.5
2026-05-06 22:02:54.799739 CST | [maze2d-large-v1] kl                 1
2026-05-06 22:02:54.799763 CST | [maze2d-large-v1] ---------------  -----------
2026-05-06 22:04:30.569896 CST | [maze2d-large-v1] ---------------  -----------
2026-05-06 22:04:30.570004 CST | [maze2d-large-v1] Training Epochs   86
2026-05-06 22:04:30.570032 CST | [maze2d-large-v1] AverageReturn    439.2
2026-05-06 22:04:30.570056 CST | [maze2d-large-v1] NormReturn         1.61809
2026-05-06 22:04:30.570078 CST | [maze2d-large-v1] L_Act             38.3448
2026-05-06 22:04:30.570114 CST | [maze2d-large-v1] L_Crit             0.0125201
2026-05-06 22:04:30.570136 CST | [maze2d-large-v1] Weight             0.5
2026-05-06 22:04:30.570159 CST | [maze2d-large-v1] kl                 1
2026-05-06 22:04:30.570181 CST | [maze2d-large-v1] ---------------  -----------
2026-05-06 22:06:04.898859 CST | [maze2d-large-v1] ---------------  -----------
2026-05-06 22:06:04.898962 CST | [maze2d-large-v1] Training Epochs   87
2026-05-06 22:06:04.899007 CST | [maze2d-large-v1] AverageReturn    318.6
2026-05-06 22:06:04.899031 CST | [maze2d-large-v1] NormReturn         1.1669
2026-05-06 22:06:04.899054 CST | [maze2d-large-v1] L_Act             38.3278
2026-05-06 22:06:04.899076 CST | [maze2d-large-v1] L_Crit             0.0115848
2026-05-06 22:06:04.899098 CST | [maze2d-large-v1] Weight             0.5
2026-05-06 22:06:04.899121 CST | [maze2d-large-v1] kl                 1
2026-05-06 22:06:04.899143 CST | [maze2d-large-v1] ---------------  -----------
2026-05-06 22:07:39.778068 CST | [maze2d-large-v1] ---------------  -----------
2026-05-06 22:07:39.778198 CST | [maze2d-large-v1] Training Epochs   88
2026-05-06 22:07:39.778226 CST | [maze2d-large-v1] AverageReturn    399.5
2026-05-06 22:07:39.778250 CST | [maze2d-large-v1] NormReturn         1.46956
2026-05-06 22:07:39.778277 CST | [maze2d-large-v1] L_Act             38.3367
2026-05-06 22:07:39.778299 CST | [maze2d-large-v1] L_Crit             0.0114206
2026-05-06 22:07:39.778321 CST | [maze2d-large-v1] Weight             0.5
2026-05-06 22:07:39.778343 CST | [maze2d-large-v1] kl                 1
2026-05-06 22:07:39.778365 CST | [maze2d-large-v1] ---------------  -----------
2026-05-06 22:09:14.401703 CST | [maze2d-large-v1] ---------------  -----------
2026-05-06 22:09:14.401807 CST | [maze2d-large-v1] Training Epochs   89
2026-05-06 22:09:14.401860 CST | [maze2d-large-v1] AverageReturn    406.7
2026-05-06 22:09:14.401885 CST | [maze2d-large-v1] NormReturn         1.4965
2026-05-06 22:09:14.401908 CST | [maze2d-large-v1] L_Act             38.3455
2026-05-06 22:09:14.401937 CST | [maze2d-large-v1] L_Crit             0.0105034
2026-05-06 22:09:14.401961 CST | [maze2d-large-v1] Weight             0.5
2026-05-06 22:09:14.401984 CST | [maze2d-large-v1] kl                 1
2026-05-06 22:09:14.402007 CST | [maze2d-large-v1] ---------------  -----------
2026-05-06 22:10:49.061233 CST | [maze2d-large-v1] ---------------  -----------
2026-05-06 22:10:49.061334 CST | [maze2d-large-v1] Training Epochs   90
2026-05-06 22:10:49.061383 CST | [maze2d-large-v1] AverageReturn    437.8
2026-05-06 22:10:49.061406 CST | [maze2d-large-v1] NormReturn         1.61285
2026-05-06 22:10:49.061429 CST | [maze2d-large-v1] L_Act             38.3378
2026-05-06 22:10:49.061455 CST | [maze2d-large-v1] L_Crit             0.0108199
2026-05-06 22:10:49.061477 CST | [maze2d-large-v1] Weight             0.5
2026-05-06 22:10:49.061499 CST | [maze2d-large-v1] kl                 1
2026-05-06 22:10:49.061522 CST | [maze2d-large-v1] ---------------  -----------
2026-05-06 22:12:23.569791 CST | [maze2d-large-v1] ---------------  ------------
2026-05-06 22:12:23.569906 CST | [maze2d-large-v1] Training Epochs   91
2026-05-06 22:12:23.569957 CST | [maze2d-large-v1] AverageReturn    280.1
2026-05-06 22:12:23.569981 CST | [maze2d-large-v1] NormReturn         1.02286
2026-05-06 22:12:23.570003 CST | [maze2d-large-v1] L_Act             38.3886
2026-05-06 22:12:23.570025 CST | [maze2d-large-v1] L_Crit             0.00908125
2026-05-06 22:12:23.570048 CST | [maze2d-large-v1] Weight             0.5
2026-05-06 22:12:23.570070 CST | [maze2d-large-v1] kl                 1
2026-05-06 22:12:23.570092 CST | [maze2d-large-v1] ---------------  ------------
2026-05-06 22:13:58.890764 CST | [maze2d-large-v1] ---------------  -----------
2026-05-06 22:13:58.890881 CST | [maze2d-large-v1] Training Epochs   92
2026-05-06 22:13:58.890910 CST | [maze2d-large-v1] AverageReturn    253.7
2026-05-06 22:13:58.890935 CST | [maze2d-large-v1] NormReturn         0.92409
2026-05-06 22:13:58.890958 CST | [maze2d-large-v1] L_Act             38.353
2026-05-06 22:13:58.890980 CST | [maze2d-large-v1] L_Crit             0.0091089
2026-05-06 22:13:58.891002 CST | [maze2d-large-v1] Weight             0.5
2026-05-06 22:13:58.891024 CST | [maze2d-large-v1] kl                 1
2026-05-06 22:13:58.891046 CST | [maze2d-large-v1] ---------------  -----------
2026-05-06 22:15:34.686803 CST | [maze2d-large-v1] ---------------  -----------
2026-05-06 22:15:34.686908 CST | [maze2d-large-v1] Training Epochs   93
2026-05-06 22:15:34.686937 CST | [maze2d-large-v1] AverageReturn    327.4
2026-05-06 22:15:34.686961 CST | [maze2d-large-v1] NormReturn         1.19982
2026-05-06 22:15:34.686983 CST | [maze2d-large-v1] L_Act             38.37
2026-05-06 22:15:34.687005 CST | [maze2d-large-v1] L_Crit             0.0090443
2026-05-06 22:15:34.687028 CST | [maze2d-large-v1] Weight             0.5
2026-05-06 22:15:34.687050 CST | [maze2d-large-v1] kl                 1
2026-05-06 22:15:34.687072 CST | [maze2d-large-v1] ---------------  -----------
2026-05-06 22:17:09.701231 CST | [maze2d-large-v1] ---------------  -----------
2026-05-06 22:17:09.701334 CST | [maze2d-large-v1] Training Epochs   94
2026-05-06 22:17:09.701390 CST | [maze2d-large-v1] AverageReturn    302.1
2026-05-06 22:17:09.701414 CST | [maze2d-large-v1] NormReturn         1.10517
2026-05-06 22:17:09.701436 CST | [maze2d-large-v1] L_Act             38.39
2026-05-06 22:17:09.701458 CST | [maze2d-large-v1] L_Crit             0.0080561
2026-05-06 22:17:09.701480 CST | [maze2d-large-v1] Weight             0.5
2026-05-06 22:17:09.701502 CST | [maze2d-large-v1] kl                 1
2026-05-06 22:17:09.701524 CST | [maze2d-large-v1] ---------------  -----------
2026-05-06 22:18:45.953374 CST | [maze2d-large-v1] ---------------  ------------
2026-05-06 22:18:45.953502 CST | [maze2d-large-v1] Training Epochs   95
2026-05-06 22:18:45.953531 CST | [maze2d-large-v1] AverageReturn    314.2
2026-05-06 22:18:45.953555 CST | [maze2d-large-v1] NormReturn         1.15044
2026-05-06 22:18:45.953578 CST | [maze2d-large-v1] L_Act             38.4177
2026-05-06 22:18:45.953608 CST | [maze2d-large-v1] L_Crit             0.00790496
2026-05-06 22:18:45.953630 CST | [maze2d-large-v1] Weight             0.5
2026-05-06 22:18:45.953653 CST | [maze2d-large-v1] kl                 1
2026-05-06 22:18:45.953675 CST | [maze2d-large-v1] ---------------  ------------
2026-05-06 22:20:21.351333 CST | [maze2d-large-v1] ---------------  ------------
2026-05-06 22:20:21.351444 CST | [maze2d-large-v1] Training Epochs   96
2026-05-06 22:20:21.351473 CST | [maze2d-large-v1] AverageReturn    421.2
2026-05-06 22:20:21.351497 CST | [maze2d-large-v1] NormReturn         1.55075
2026-05-06 22:20:21.351520 CST | [maze2d-large-v1] L_Act             38.3937
2026-05-06 22:20:21.351543 CST | [maze2d-large-v1] L_Crit             0.00764428
2026-05-06 22:20:21.351565 CST | [maze2d-large-v1] Weight             0.5
2026-05-06 22:20:21.351587 CST | [maze2d-large-v1] kl                 1
2026-05-06 22:20:21.351610 CST | [maze2d-large-v1] ---------------  ------------
2026-05-06 22:21:56.080406 CST | [maze2d-large-v1] ---------------  ------------
2026-05-06 22:21:56.080509 CST | [maze2d-large-v1] Training Epochs   97
2026-05-06 22:21:56.080537 CST | [maze2d-large-v1] AverageReturn    270
2026-05-06 22:21:56.080560 CST | [maze2d-large-v1] NormReturn         0.985072
2026-05-06 22:21:56.080583 CST | [maze2d-large-v1] L_Act             38.4747
2026-05-06 22:21:56.080605 CST | [maze2d-large-v1] L_Crit             0.00806423
2026-05-06 22:21:56.080628 CST | [maze2d-large-v1] Weight             0.5
2026-05-06 22:21:56.080655 CST | [maze2d-large-v1] kl                 1
2026-05-06 22:21:56.080677 CST | [maze2d-large-v1] ---------------  ------------
2026-05-06 22:23:30.900359 CST | [maze2d-large-v1] ---------------  ------------
2026-05-06 22:23:30.900488 CST | [maze2d-large-v1] Training Epochs   98
2026-05-06 22:23:30.900516 CST | [maze2d-large-v1] AverageReturn    347.1
2026-05-06 22:23:30.900540 CST | [maze2d-large-v1] NormReturn         1.27352
2026-05-06 22:23:30.900563 CST | [maze2d-large-v1] L_Act             38.4832
2026-05-06 22:23:30.900585 CST | [maze2d-large-v1] L_Crit             0.00792304
2026-05-06 22:23:30.900607 CST | [maze2d-large-v1] Weight             0.5
2026-05-06 22:23:30.900629 CST | [maze2d-large-v1] kl                 1
2026-05-06 22:23:30.900651 CST | [maze2d-large-v1] ---------------  ------------
2026-05-06 22:25:05.437982 CST | [maze2d-large-v1] ---------------  ------------
2026-05-06 22:25:05.438084 CST | [maze2d-large-v1] Training Epochs   99
2026-05-06 22:25:05.438112 CST | [maze2d-large-v1] AverageReturn    436.1
2026-05-06 22:25:05.438136 CST | [maze2d-large-v1] NormReturn         1.60649
2026-05-06 22:25:05.438158 CST | [maze2d-large-v1] L_Act             38.5125
2026-05-06 22:25:05.438181 CST | [maze2d-large-v1] L_Crit             0.00747241
2026-05-06 22:25:05.438203 CST | [maze2d-large-v1] Weight             0.5
2026-05-06 22:25:05.438225 CST | [maze2d-large-v1] kl                 1
2026-05-06 22:25:05.438247 CST | [maze2d-large-v1] ---------------  ------------
