2026-05-16 22:42:39.027982 CST | [antmaze-large-diverse-v2_ope] --------------------  --------------
2026-05-16 22:42:39.028115 CST | [antmaze-large-diverse-v2_ope] Training Epochs          0
2026-05-16 22:42:39.028147 CST | [antmaze-large-diverse-v2_ope] OPE_Estimate             0.200386
2026-05-16 22:42:39.028173 CST | [antmaze-large-diverse-v2_ope] MC_Success_Rate          0.9
2026-05-16 22:42:39.028198 CST | [antmaze-large-diverse-v2_ope] Start_MC_Return_Mean     0.01902
2026-05-16 22:42:39.028222 CST | [antmaze-large-diverse-v2_ope] Start_MC_MSE_V           0.0771054
2026-05-16 22:42:39.028246 CST | [antmaze-large-diverse-v2_ope] Start_MC_MAE_V           0.203652
2026-05-16 22:42:39.028271 CST | [antmaze-large-diverse-v2_ope] Start_MC_MSE_Q           0.0901736
2026-05-16 22:42:39.028296 CST | [antmaze-large-diverse-v2_ope] Start_MC_MAE_Q           0.221613
2026-05-16 22:42:39.028320 CST | [antmaze-large-diverse-v2_ope] Traj_MC_Num_States    8407
2026-05-16 22:42:39.028344 CST | [antmaze-large-diverse-v2_ope] Traj_MC_MSE_V            0.199514
2026-05-16 22:42:39.028368 CST | [antmaze-large-diverse-v2_ope] Traj_MC_MAE_V            0.325924
2026-05-16 22:42:39.028393 CST | [antmaze-large-diverse-v2_ope] Traj_MC_MSE_Q            0.201987
2026-05-16 22:42:39.028417 CST | [antmaze-large-diverse-v2_ope] Traj_MC_MAE_Q            0.324372
2026-05-16 22:42:39.028441 CST | [antmaze-large-diverse-v2_ope] L_Crit                   5.19289
2026-05-16 22:42:39.028465 CST | [antmaze-large-diverse-v2_ope] L_Value                  0.000562903
2026-05-16 22:42:39.028490 CST | [antmaze-large-diverse-v2_ope] V_Pred                   0.0301123
2026-05-16 22:42:39.028514 CST | [antmaze-large-diverse-v2_ope] Weight                   1
2026-05-16 22:42:39.028538 CST | [antmaze-large-diverse-v2_ope] --------------------  --------------
2026-05-16 22:44:01.562384 CST | [antmaze-large-diverse-v2_ope] --------------------  --------------
2026-05-16 22:44:01.562474 CST | [antmaze-large-diverse-v2_ope] Training Epochs          1
2026-05-16 22:44:01.562505 CST | [antmaze-large-diverse-v2_ope] OPE_Estimate             0.0399389
2026-05-16 22:44:01.562531 CST | [antmaze-large-diverse-v2_ope] MC_Success_Rate          0.8
2026-05-16 22:44:01.562556 CST | [antmaze-large-diverse-v2_ope] Start_MC_Return_Mean     0.02366
2026-05-16 22:44:01.562580 CST | [antmaze-large-diverse-v2_ope] Start_MC_MSE_V           0.00732547
2026-05-16 22:44:01.562605 CST | [antmaze-large-diverse-v2_ope] Start_MC_MAE_V           0.062106
2026-05-16 22:44:01.562630 CST | [antmaze-large-diverse-v2_ope] Start_MC_MSE_Q           0.00827812
2026-05-16 22:44:01.562654 CST | [antmaze-large-diverse-v2_ope] Start_MC_MAE_Q           0.0641238
2026-05-16 22:44:01.562679 CST | [antmaze-large-diverse-v2_ope] Traj_MC_Num_States    6951
2026-05-16 22:44:01.562704 CST | [antmaze-large-diverse-v2_ope] Traj_MC_MSE_V            0.129416
2026-05-16 22:44:01.562728 CST | [antmaze-large-diverse-v2_ope] Traj_MC_MAE_V            0.256276
2026-05-16 22:44:01.562753 CST | [antmaze-large-diverse-v2_ope] Traj_MC_MSE_Q            0.132992
2026-05-16 22:44:01.562777 CST | [antmaze-large-diverse-v2_ope] Traj_MC_MAE_Q            0.256986
2026-05-16 22:44:01.562802 CST | [antmaze-large-diverse-v2_ope] L_Crit                   5.36987
2026-05-16 22:44:01.562827 CST | [antmaze-large-diverse-v2_ope] L_Value                  0.000645986
2026-05-16 22:44:01.562851 CST | [antmaze-large-diverse-v2_ope] V_Pred                   0.013718
2026-05-16 22:44:01.562876 CST | [antmaze-large-diverse-v2_ope] Weight                   1
2026-05-16 22:44:01.562900 CST | [antmaze-large-diverse-v2_ope] --------------------  --------------
2026-05-16 22:45:22.152964 CST | [antmaze-large-diverse-v2_ope] --------------------  -------------
2026-05-16 22:45:22.153059 CST | [antmaze-large-diverse-v2_ope] Training Epochs          2
2026-05-16 22:45:22.153090 CST | [antmaze-large-diverse-v2_ope] OPE_Estimate             0.00194482
2026-05-16 22:45:22.153117 CST | [antmaze-large-diverse-v2_ope] MC_Success_Rate          0.9
2026-05-16 22:45:22.153141 CST | [antmaze-large-diverse-v2_ope] Start_MC_Return_Mean     0.0251311
2026-05-16 22:45:22.153171 CST | [antmaze-large-diverse-v2_ope] Start_MC_MSE_V           0.00135208
2026-05-16 22:45:22.153196 CST | [antmaze-large-diverse-v2_ope] Start_MC_MAE_V           0.0274565
2026-05-16 22:45:22.153220 CST | [antmaze-large-diverse-v2_ope] Start_MC_MSE_Q           0.00144782
2026-05-16 22:45:22.153245 CST | [antmaze-large-diverse-v2_ope] Start_MC_MAE_Q           0.0301929
2026-05-16 22:45:22.153269 CST | [antmaze-large-diverse-v2_ope] Traj_MC_Num_States    7708
2026-05-16 22:45:22.153294 CST | [antmaze-large-diverse-v2_ope] Traj_MC_MSE_V            0.117752
2026-05-16 22:45:22.153318 CST | [antmaze-large-diverse-v2_ope] Traj_MC_MAE_V            0.230057
2026-05-16 22:45:22.153343 CST | [antmaze-large-diverse-v2_ope] Traj_MC_MSE_Q            0.119002
2026-05-16 22:45:22.153368 CST | [antmaze-large-diverse-v2_ope] Traj_MC_MAE_Q            0.231038
2026-05-16 22:45:22.153392 CST | [antmaze-large-diverse-v2_ope] L_Crit                   4.97618
2026-05-16 22:45:22.153417 CST | [antmaze-large-diverse-v2_ope] L_Value                  0.00321336
2026-05-16 22:45:22.153442 CST | [antmaze-large-diverse-v2_ope] V_Pred                   0.00123967
2026-05-16 22:45:22.153466 CST | [antmaze-large-diverse-v2_ope] Weight                   1
2026-05-16 22:45:22.153491 CST | [antmaze-large-diverse-v2_ope] --------------------  -------------
2026-05-16 22:46:43.075693 CST | [antmaze-large-diverse-v2_ope] --------------------  --------------
2026-05-16 22:46:43.075773 CST | [antmaze-large-diverse-v2_ope] Training Epochs          3
2026-05-16 22:46:43.075801 CST | [antmaze-large-diverse-v2_ope] OPE_Estimate             0.00191623
2026-05-16 22:46:43.075826 CST | [antmaze-large-diverse-v2_ope] MC_Success_Rate          0.9
2026-05-16 22:46:43.075851 CST | [antmaze-large-diverse-v2_ope] Start_MC_Return_Mean     0.0213462
2026-05-16 22:46:43.075875 CST | [antmaze-large-diverse-v2_ope] Start_MC_MSE_V           0.0013603
2026-05-16 22:46:43.075903 CST | [antmaze-large-diverse-v2_ope] Start_MC_MAE_V           0.0255884
2026-05-16 22:46:43.075928 CST | [antmaze-large-diverse-v2_ope] Start_MC_MSE_Q           0.00134757
2026-05-16 22:46:43.075961 CST | [antmaze-large-diverse-v2_ope] Start_MC_MAE_Q           0.0243378
2026-05-16 22:46:43.075985 CST | [antmaze-large-diverse-v2_ope] Traj_MC_Num_States    8092
2026-05-16 22:46:43.076010 CST | [antmaze-large-diverse-v2_ope] Traj_MC_MSE_V            0.11777
2026-05-16 22:46:43.076034 CST | [antmaze-large-diverse-v2_ope] Traj_MC_MAE_V            0.222695
2026-05-16 22:46:43.076059 CST | [antmaze-large-diverse-v2_ope] Traj_MC_MSE_Q            0.112564
2026-05-16 22:46:43.076083 CST | [antmaze-large-diverse-v2_ope] Traj_MC_MAE_Q            0.220736
2026-05-16 22:46:43.076108 CST | [antmaze-large-diverse-v2_ope] L_Crit                   4.57546
2026-05-16 22:46:43.076132 CST | [antmaze-large-diverse-v2_ope] L_Value                  0.0112454
2026-05-16 22:46:43.076158 CST | [antmaze-large-diverse-v2_ope] V_Pred                   0.000217345
2026-05-16 22:46:43.076188 CST | [antmaze-large-diverse-v2_ope] Weight                   1
2026-05-16 22:46:43.076213 CST | [antmaze-large-diverse-v2_ope] --------------------  --------------
2026-05-16 22:48:04.049240 CST | [antmaze-large-diverse-v2_ope] --------------------  --------------
2026-05-16 22:48:04.049327 CST | [antmaze-large-diverse-v2_ope] Training Epochs          4
2026-05-16 22:48:04.049358 CST | [antmaze-large-diverse-v2_ope] OPE_Estimate             0.0146364
2026-05-16 22:48:04.049392 CST | [antmaze-large-diverse-v2_ope] MC_Success_Rate          0.85
2026-05-16 22:48:04.049417 CST | [antmaze-large-diverse-v2_ope] Start_MC_Return_Mean     0.0226097
2026-05-16 22:48:04.049442 CST | [antmaze-large-diverse-v2_ope] Start_MC_MSE_V           0.00225522
2026-05-16 22:48:04.049467 CST | [antmaze-large-diverse-v2_ope] Start_MC_MAE_V           0.0392726
2026-05-16 22:48:04.049492 CST | [antmaze-large-diverse-v2_ope] Start_MC_MSE_Q           0.00112868
2026-05-16 22:48:04.049516 CST | [antmaze-large-diverse-v2_ope] Start_MC_MAE_Q           0.0246681
2026-05-16 22:48:04.049544 CST | [antmaze-large-diverse-v2_ope] Traj_MC_Num_States    7053
2026-05-16 22:48:04.049568 CST | [antmaze-large-diverse-v2_ope] Traj_MC_MSE_V            0.122996
2026-05-16 22:48:04.049593 CST | [antmaze-large-diverse-v2_ope] Traj_MC_MAE_V            0.239885
2026-05-16 22:48:04.049618 CST | [antmaze-large-diverse-v2_ope] Traj_MC_MSE_Q            0.151289
2026-05-16 22:48:04.049642 CST | [antmaze-large-diverse-v2_ope] Traj_MC_MAE_Q            0.24184
2026-05-16 22:48:04.049667 CST | [antmaze-large-diverse-v2_ope] L_Crit                   3.76179
2026-05-16 22:48:04.049692 CST | [antmaze-large-diverse-v2_ope] L_Value                  0.0389735
2026-05-16 22:48:04.049716 CST | [antmaze-large-diverse-v2_ope] V_Pred                   0.000569419
2026-05-16 22:48:04.049741 CST | [antmaze-large-diverse-v2_ope] Weight                   1
2026-05-16 22:48:04.049765 CST | [antmaze-large-diverse-v2_ope] --------------------  --------------
2026-05-16 22:49:24.140834 CST | [antmaze-large-diverse-v2_ope] --------------------  -------------
2026-05-16 22:49:24.140931 CST | [antmaze-large-diverse-v2_ope] Training Epochs          5
2026-05-16 22:49:24.140963 CST | [antmaze-large-diverse-v2_ope] OPE_Estimate             0.0117459
2026-05-16 22:49:24.140989 CST | [antmaze-large-diverse-v2_ope] MC_Success_Rate          0.85
2026-05-16 22:49:24.141014 CST | [antmaze-large-diverse-v2_ope] Start_MC_Return_Mean     0.0283957
2026-05-16 22:49:24.141038 CST | [antmaze-large-diverse-v2_ope] Start_MC_MSE_V           0.00286645
2026-05-16 22:49:24.141063 CST | [antmaze-large-diverse-v2_ope] Start_MC_MAE_V           0.0447973
2026-05-16 22:49:24.141088 CST | [antmaze-large-diverse-v2_ope] Start_MC_MSE_Q           0.00183333
2026-05-16 22:49:24.141112 CST | [antmaze-large-diverse-v2_ope] Start_MC_MAE_Q           0.0336775
2026-05-16 22:49:24.141137 CST | [antmaze-large-diverse-v2_ope] Traj_MC_Num_States    7179
2026-05-16 22:49:24.141162 CST | [antmaze-large-diverse-v2_ope] Traj_MC_MSE_V            0.15258
2026-05-16 22:49:24.141187 CST | [antmaze-large-diverse-v2_ope] Traj_MC_MAE_V            0.247004
2026-05-16 22:49:24.141211 CST | [antmaze-large-diverse-v2_ope] Traj_MC_MSE_Q            0.198835
2026-05-16 22:49:24.141235 CST | [antmaze-large-diverse-v2_ope] Traj_MC_MAE_Q            0.243348
2026-05-16 22:49:24.141259 CST | [antmaze-large-diverse-v2_ope] L_Crit                   3.33059
2026-05-16 22:49:24.141289 CST | [antmaze-large-diverse-v2_ope] L_Value                  0.0553807
2026-05-16 22:49:24.141313 CST | [antmaze-large-diverse-v2_ope] V_Pred                   0.0013765
2026-05-16 22:49:24.141338 CST | [antmaze-large-diverse-v2_ope] Weight                   1
2026-05-16 22:49:24.141362 CST | [antmaze-large-diverse-v2_ope] --------------------  -------------
2026-05-16 22:50:44.371732 CST | [antmaze-large-diverse-v2_ope] --------------------  -------------
2026-05-16 22:50:44.371821 CST | [antmaze-large-diverse-v2_ope] Training Epochs          6
2026-05-16 22:50:44.371852 CST | [antmaze-large-diverse-v2_ope] OPE_Estimate             0.00447705
2026-05-16 22:50:44.371880 CST | [antmaze-large-diverse-v2_ope] MC_Success_Rate          0.9
2026-05-16 22:50:44.371921 CST | [antmaze-large-diverse-v2_ope] Start_MC_Return_Mean     0.0247618
2026-05-16 22:50:44.371945 CST | [antmaze-large-diverse-v2_ope] Start_MC_MSE_V           0.00131426
2026-05-16 22:50:44.371974 CST | [antmaze-large-diverse-v2_ope] Start_MC_MAE_V           0.0261131
2026-05-16 22:50:44.371999 CST | [antmaze-large-diverse-v2_ope] Start_MC_MSE_Q           0.0014698
2026-05-16 22:50:44.372023 CST | [antmaze-large-diverse-v2_ope] Start_MC_MAE_Q           0.0296317
2026-05-16 22:50:44.372048 CST | [antmaze-large-diverse-v2_ope] Traj_MC_Num_States    7716
2026-05-16 22:50:44.372072 CST | [antmaze-large-diverse-v2_ope] Traj_MC_MSE_V            0.196311
2026-05-16 22:50:44.372097 CST | [antmaze-large-diverse-v2_ope] Traj_MC_MAE_V            0.233122
2026-05-16 22:50:44.372122 CST | [antmaze-large-diverse-v2_ope] Traj_MC_MSE_Q            0.22842
2026-05-16 22:50:44.372152 CST | [antmaze-large-diverse-v2_ope] Traj_MC_MAE_Q            0.236599
2026-05-16 22:50:44.372176 CST | [antmaze-large-diverse-v2_ope] L_Crit                   2.98686
2026-05-16 22:50:44.372201 CST | [antmaze-large-diverse-v2_ope] L_Value                  0.0818955
2026-05-16 22:50:44.372225 CST | [antmaze-large-diverse-v2_ope] V_Pred                   0.00192655
2026-05-16 22:50:44.372251 CST | [antmaze-large-diverse-v2_ope] Weight                   1
2026-05-16 22:50:44.372276 CST | [antmaze-large-diverse-v2_ope] --------------------  -------------
2026-05-16 22:52:05.370382 CST | [antmaze-large-diverse-v2_ope] --------------------  --------------
2026-05-16 22:52:05.370480 CST | [antmaze-large-diverse-v2_ope] Training Epochs          7
2026-05-16 22:52:05.370510 CST | [antmaze-large-diverse-v2_ope] OPE_Estimate             0.00497608
2026-05-16 22:52:05.370537 CST | [antmaze-large-diverse-v2_ope] MC_Success_Rate          0.95
2026-05-16 22:52:05.370561 CST | [antmaze-large-diverse-v2_ope] Start_MC_Return_Mean     0.01981
2026-05-16 22:52:05.370586 CST | [antmaze-large-diverse-v2_ope] Start_MC_MSE_V           0.000971464
2026-05-16 22:52:05.370611 CST | [antmaze-large-diverse-v2_ope] Start_MC_MAE_V           0.0222819
2026-05-16 22:52:05.370635 CST | [antmaze-large-diverse-v2_ope] Start_MC_MSE_Q           0.000943507
2026-05-16 22:52:05.370660 CST | [antmaze-large-diverse-v2_ope] Start_MC_MAE_Q           0.0214643
2026-05-16 22:52:05.370684 CST | [antmaze-large-diverse-v2_ope] Traj_MC_Num_States    8732
2026-05-16 22:52:05.370709 CST | [antmaze-large-diverse-v2_ope] Traj_MC_MSE_V            0.126829
2026-05-16 22:52:05.370733 CST | [antmaze-large-diverse-v2_ope] Traj_MC_MAE_V            0.21877
2026-05-16 22:52:05.370758 CST | [antmaze-large-diverse-v2_ope] Traj_MC_MSE_Q            0.109685
2026-05-16 22:52:05.370783 CST | [antmaze-large-diverse-v2_ope] Traj_MC_MAE_Q            0.215123
2026-05-16 22:52:05.370807 CST | [antmaze-large-diverse-v2_ope] L_Crit                   2.6393
2026-05-16 22:52:05.370832 CST | [antmaze-large-diverse-v2_ope] L_Value                  0.0692334
2026-05-16 22:52:05.370856 CST | [antmaze-large-diverse-v2_ope] V_Pred                   0.00227404
2026-05-16 22:52:05.370881 CST | [antmaze-large-diverse-v2_ope] Weight                   1
2026-05-16 22:52:05.370906 CST | [antmaze-large-diverse-v2_ope] --------------------  --------------
2026-05-16 22:53:22.094635 CST | [antmaze-large-diverse-v2_ope] --------------------  -------------
2026-05-16 22:53:22.094740 CST | [antmaze-large-diverse-v2_ope] Training Epochs          8
2026-05-16 22:53:22.094772 CST | [antmaze-large-diverse-v2_ope] OPE_Estimate             0.00409405
2026-05-16 22:53:22.094798 CST | [antmaze-large-diverse-v2_ope] MC_Success_Rate          1
2026-05-16 22:53:22.094823 CST | [antmaze-large-diverse-v2_ope] Start_MC_Return_Mean     0.0400972
2026-05-16 22:53:22.094848 CST | [antmaze-large-diverse-v2_ope] Start_MC_MSE_V           0.00317145
2026-05-16 22:53:22.094873 CST | [antmaze-large-diverse-v2_ope] Start_MC_MAE_V           0.0417448
2026-05-16 22:53:22.094897 CST | [antmaze-large-diverse-v2_ope] Start_MC_MSE_Q           0.00314082
2026-05-16 22:53:22.094922 CST | [antmaze-large-diverse-v2_ope] Start_MC_MAE_Q           0.042212
2026-05-16 22:53:22.094946 CST | [antmaze-large-diverse-v2_ope] Traj_MC_Num_States    8035
2026-05-16 22:53:22.094970 CST | [antmaze-large-diverse-v2_ope] Traj_MC_MSE_V            0.139647
2026-05-16 22:53:22.094995 CST | [antmaze-large-diverse-v2_ope] Traj_MC_MAE_V            0.244891
2026-05-16 22:53:22.095019 CST | [antmaze-large-diverse-v2_ope] Traj_MC_MSE_Q            0.130525
2026-05-16 22:53:22.095043 CST | [antmaze-large-diverse-v2_ope] Traj_MC_MAE_Q            0.24476
2026-05-16 22:53:22.095067 CST | [antmaze-large-diverse-v2_ope] L_Crit                   2.58823
2026-05-16 22:53:22.095092 CST | [antmaze-large-diverse-v2_ope] L_Value                  0.0713312
2026-05-16 22:53:22.095116 CST | [antmaze-large-diverse-v2_ope] V_Pred                   0.00232401
2026-05-16 22:53:22.095144 CST | [antmaze-large-diverse-v2_ope] Weight                   1
2026-05-16 22:53:22.095168 CST | [antmaze-large-diverse-v2_ope] --------------------  -------------
2026-05-16 22:54:41.270770 CST | [antmaze-large-diverse-v2_ope] --------------------  -------------
2026-05-16 22:54:41.270853 CST | [antmaze-large-diverse-v2_ope] Training Epochs          9
2026-05-16 22:54:41.270883 CST | [antmaze-large-diverse-v2_ope] OPE_Estimate             0.00296939
2026-05-16 22:54:41.270908 CST | [antmaze-large-diverse-v2_ope] MC_Success_Rate          0.85
2026-05-16 22:54:41.270933 CST | [antmaze-large-diverse-v2_ope] Start_MC_Return_Mean     0.0272205
2026-05-16 22:54:41.270957 CST | [antmaze-large-diverse-v2_ope] Start_MC_MSE_V           0.00174234
2026-05-16 22:54:41.270981 CST | [antmaze-large-diverse-v2_ope] Start_MC_MAE_V           0.0317546
2026-05-16 22:54:41.271006 CST | [antmaze-large-diverse-v2_ope] Start_MC_MSE_Q           0.00184344
2026-05-16 22:54:41.271031 CST | [antmaze-large-diverse-v2_ope] Start_MC_MAE_Q           0.035423
2026-05-16 22:54:41.271055 CST | [antmaze-large-diverse-v2_ope] Traj_MC_Num_States    7315
2026-05-16 22:54:41.271079 CST | [antmaze-large-diverse-v2_ope] Traj_MC_MSE_V            0.124114
2026-05-16 22:54:41.271103 CST | [antmaze-large-diverse-v2_ope] Traj_MC_MAE_V            0.234808
2026-05-16 22:54:41.271128 CST | [antmaze-large-diverse-v2_ope] Traj_MC_MSE_Q            0.201649
2026-05-16 22:54:41.271152 CST | [antmaze-large-diverse-v2_ope] Traj_MC_MAE_Q            0.238165
2026-05-16 22:54:41.271176 CST | [antmaze-large-diverse-v2_ope] L_Crit                   2.38023
2026-05-16 22:54:41.271201 CST | [antmaze-large-diverse-v2_ope] L_Value                  0.0737553
2026-05-16 22:54:41.271225 CST | [antmaze-large-diverse-v2_ope] V_Pred                   0.0030236
2026-05-16 22:54:41.271250 CST | [antmaze-large-diverse-v2_ope] Weight                   1
2026-05-16 22:54:41.271274 CST | [antmaze-large-diverse-v2_ope] --------------------  -------------
2026-05-16 22:55:58.337651 CST | [antmaze-large-diverse-v2_ope] --------------------  -------------
2026-05-16 22:55:58.337746 CST | [antmaze-large-diverse-v2_ope] Training Epochs         10
2026-05-16 22:55:58.337775 CST | [antmaze-large-diverse-v2_ope] OPE_Estimate             0.00780366
2026-05-16 22:55:58.337808 CST | [antmaze-large-diverse-v2_ope] MC_Success_Rate          0.95
2026-05-16 22:55:58.337832 CST | [antmaze-large-diverse-v2_ope] Start_MC_Return_Mean     0.031446
2026-05-16 22:55:58.337856 CST | [antmaze-large-diverse-v2_ope] Start_MC_MSE_V           0.00236198
2026-05-16 22:55:58.337881 CST | [antmaze-large-diverse-v2_ope] Start_MC_MAE_V           0.0346948
2026-05-16 22:55:58.337906 CST | [antmaze-large-diverse-v2_ope] Start_MC_MSE_Q           0.00231804
2026-05-16 22:55:58.337930 CST | [antmaze-large-diverse-v2_ope] Start_MC_MAE_Q           0.0338058
2026-05-16 22:55:58.337954 CST | [antmaze-large-diverse-v2_ope] Traj_MC_Num_States    8076
2026-05-16 22:55:58.337979 CST | [antmaze-large-diverse-v2_ope] Traj_MC_MSE_V            0.557746
2026-05-16 22:55:58.338003 CST | [antmaze-large-diverse-v2_ope] Traj_MC_MAE_V            0.265105
2026-05-16 22:55:58.338027 CST | [antmaze-large-diverse-v2_ope] Traj_MC_MSE_Q            0.168306
2026-05-16 22:55:58.338052 CST | [antmaze-large-diverse-v2_ope] Traj_MC_MAE_Q            0.237639
2026-05-16 22:55:58.338078 CST | [antmaze-large-diverse-v2_ope] L_Crit                   2.21206
2026-05-16 22:55:58.338103 CST | [antmaze-large-diverse-v2_ope] L_Value                  0.0835994
2026-05-16 22:55:58.338127 CST | [antmaze-large-diverse-v2_ope] V_Pred                   0.00451499
2026-05-16 22:55:58.338151 CST | [antmaze-large-diverse-v2_ope] Weight                   1
2026-05-16 22:55:58.338176 CST | [antmaze-large-diverse-v2_ope] --------------------  -------------
2026-05-16 22:57:16.336899 CST | [antmaze-large-diverse-v2_ope] --------------------  -------------
2026-05-16 22:57:16.336975 CST | [antmaze-large-diverse-v2_ope] Training Epochs         11
2026-05-16 22:57:16.337010 CST | [antmaze-large-diverse-v2_ope] OPE_Estimate             0.00316542
2026-05-16 22:57:16.337036 CST | [antmaze-large-diverse-v2_ope] MC_Success_Rate          0.9
2026-05-16 22:57:16.337061 CST | [antmaze-large-diverse-v2_ope] Start_MC_Return_Mean     0.0226997
2026-05-16 22:57:16.337085 CST | [antmaze-large-diverse-v2_ope] Start_MC_MSE_V           0.00137274
2026-05-16 22:57:16.337110 CST | [antmaze-large-diverse-v2_ope] Start_MC_MAE_V           0.0248237
2026-05-16 22:57:16.337139 CST | [antmaze-large-diverse-v2_ope] Start_MC_MSE_Q           0.00135561
2026-05-16 22:57:16.337163 CST | [antmaze-large-diverse-v2_ope] Start_MC_MAE_Q           0.0241621
2026-05-16 22:57:16.337189 CST | [antmaze-large-diverse-v2_ope] Traj_MC_Num_States    8125
2026-05-16 22:57:16.337214 CST | [antmaze-large-diverse-v2_ope] Traj_MC_MSE_V            0.773991
2026-05-16 22:57:16.337249 CST | [antmaze-large-diverse-v2_ope] Traj_MC_MAE_V            0.24639
2026-05-16 22:57:16.337273 CST | [antmaze-large-diverse-v2_ope] Traj_MC_MSE_Q            0.870486
2026-05-16 22:57:16.337298 CST | [antmaze-large-diverse-v2_ope] Traj_MC_MAE_Q            0.243393
2026-05-16 22:57:16.337322 CST | [antmaze-large-diverse-v2_ope] L_Crit                   2.03496
2026-05-16 22:57:16.337355 CST | [antmaze-large-diverse-v2_ope] L_Value                  0.0785452
2026-05-16 22:57:16.337379 CST | [antmaze-large-diverse-v2_ope] V_Pred                   0.00378785
2026-05-16 22:57:16.337404 CST | [antmaze-large-diverse-v2_ope] Weight                   1
2026-05-16 22:57:16.337430 CST | [antmaze-large-diverse-v2_ope] --------------------  -------------
2026-05-16 22:58:35.896854 CST | [antmaze-large-diverse-v2_ope] --------------------  -------------
2026-05-16 22:58:35.896952 CST | [antmaze-large-diverse-v2_ope] Training Epochs         12
2026-05-16 22:58:35.896983 CST | [antmaze-large-diverse-v2_ope] OPE_Estimate             0.00247005
2026-05-16 22:58:35.897010 CST | [antmaze-large-diverse-v2_ope] MC_Success_Rate          0.8
2026-05-16 22:58:35.897035 CST | [antmaze-large-diverse-v2_ope] Start_MC_Return_Mean     0.0259173
2026-05-16 22:58:35.897060 CST | [antmaze-large-diverse-v2_ope] Start_MC_MSE_V           0.00199873
2026-05-16 22:58:35.897084 CST | [antmaze-large-diverse-v2_ope] Start_MC_MAE_V           0.0310744
2026-05-16 22:58:35.897109 CST | [antmaze-large-diverse-v2_ope] Start_MC_MSE_Q           0.00190232
2026-05-16 22:58:35.897134 CST | [antmaze-large-diverse-v2_ope] Start_MC_MAE_Q           0.0307131
2026-05-16 22:58:35.897158 CST | [antmaze-large-diverse-v2_ope] Traj_MC_Num_States    6992
2026-05-16 22:58:35.897183 CST | [antmaze-large-diverse-v2_ope] Traj_MC_MSE_V            0.154156
2026-05-16 22:58:35.897208 CST | [antmaze-large-diverse-v2_ope] Traj_MC_MAE_V            0.233538
2026-05-16 22:58:35.897232 CST | [antmaze-large-diverse-v2_ope] Traj_MC_MSE_Q            0.116118
2026-05-16 22:58:35.897257 CST | [antmaze-large-diverse-v2_ope] Traj_MC_MAE_Q            0.227017
2026-05-16 22:58:35.897282 CST | [antmaze-large-diverse-v2_ope] L_Crit                   1.97744
2026-05-16 22:58:35.897306 CST | [antmaze-large-diverse-v2_ope] L_Value                  0.0926843
2026-05-16 22:58:35.897331 CST | [antmaze-large-diverse-v2_ope] V_Pred                   0.00402918
2026-05-16 22:58:35.897356 CST | [antmaze-large-diverse-v2_ope] Weight                   1
2026-05-16 22:58:35.897380 CST | [antmaze-large-diverse-v2_ope] --------------------  -------------
2026-05-16 22:59:54.447533 CST | [antmaze-large-diverse-v2_ope] --------------------  -------------
2026-05-16 22:59:54.447625 CST | [antmaze-large-diverse-v2_ope] Training Epochs         13
2026-05-16 22:59:54.447654 CST | [antmaze-large-diverse-v2_ope] OPE_Estimate            -0.00680819
2026-05-16 22:59:54.447682 CST | [antmaze-large-diverse-v2_ope] MC_Success_Rate          0.85
2026-05-16 22:59:54.447708 CST | [antmaze-large-diverse-v2_ope] Start_MC_Return_Mean     0.0239868
2026-05-16 22:59:54.447732 CST | [antmaze-large-diverse-v2_ope] Start_MC_MSE_V           0.00166455
2026-05-16 22:59:54.447761 CST | [antmaze-large-diverse-v2_ope] Start_MC_MAE_V           0.0311205
2026-05-16 22:59:54.447786 CST | [antmaze-large-diverse-v2_ope] Start_MC_MSE_Q           0.00142165
2026-05-16 22:59:54.447810 CST | [antmaze-large-diverse-v2_ope] Start_MC_MAE_Q           0.0267372
2026-05-16 22:59:54.447834 CST | [antmaze-large-diverse-v2_ope] Traj_MC_Num_States    7469
2026-05-16 22:59:54.447859 CST | [antmaze-large-diverse-v2_ope] Traj_MC_MSE_V            0.816291
2026-05-16 22:59:54.447883 CST | [antmaze-large-diverse-v2_ope] Traj_MC_MAE_V            0.255622
2026-05-16 22:59:54.447913 CST | [antmaze-large-diverse-v2_ope] Traj_MC_MSE_Q            0.417161
2026-05-16 22:59:54.447937 CST | [antmaze-large-diverse-v2_ope] Traj_MC_MAE_Q            0.236999
2026-05-16 22:59:54.447961 CST | [antmaze-large-diverse-v2_ope] L_Crit                   1.8111
2026-05-16 22:59:54.447986 CST | [antmaze-large-diverse-v2_ope] L_Value                  0.0748458
2026-05-16 22:59:54.448011 CST | [antmaze-large-diverse-v2_ope] V_Pred                   0.00374881
2026-05-16 22:59:54.448035 CST | [antmaze-large-diverse-v2_ope] Weight                   1
2026-05-16 22:59:54.448059 CST | [antmaze-large-diverse-v2_ope] --------------------  -------------
2026-05-16 23:01:12.964674 CST | [antmaze-large-diverse-v2_ope] --------------------  -------------
2026-05-16 23:01:12.964768 CST | [antmaze-large-diverse-v2_ope] Training Epochs         14
2026-05-16 23:01:12.964798 CST | [antmaze-large-diverse-v2_ope] OPE_Estimate             0.00317862
2026-05-16 23:01:12.964823 CST | [antmaze-large-diverse-v2_ope] MC_Success_Rate          0.9
2026-05-16 23:01:12.964848 CST | [antmaze-large-diverse-v2_ope] Start_MC_Return_Mean     0.0262263
2026-05-16 23:01:12.964873 CST | [antmaze-large-diverse-v2_ope] Start_MC_MSE_V           0.00160133
2026-05-16 23:01:12.964897 CST | [antmaze-large-diverse-v2_ope] Start_MC_MAE_V           0.028903
2026-05-16 23:01:12.964922 CST | [antmaze-large-diverse-v2_ope] Start_MC_MSE_Q           0.0016315
2026-05-16 23:01:12.964946 CST | [antmaze-large-diverse-v2_ope] Start_MC_MAE_Q           0.0305783
2026-05-16 23:01:12.964971 CST | [antmaze-large-diverse-v2_ope] Traj_MC_Num_States    8555
2026-05-16 23:01:12.964996 CST | [antmaze-large-diverse-v2_ope] Traj_MC_MSE_V            0.414804
2026-05-16 23:01:12.965020 CST | [antmaze-large-diverse-v2_ope] Traj_MC_MAE_V            0.225365
2026-05-16 23:01:12.965045 CST | [antmaze-large-diverse-v2_ope] Traj_MC_MSE_Q            0.289898
2026-05-16 23:01:12.965069 CST | [antmaze-large-diverse-v2_ope] Traj_MC_MAE_Q            0.218165
2026-05-16 23:01:12.965094 CST | [antmaze-large-diverse-v2_ope] L_Crit                   1.7345
2026-05-16 23:01:12.965118 CST | [antmaze-large-diverse-v2_ope] L_Value                  0.0742341
2026-05-16 23:01:12.965143 CST | [antmaze-large-diverse-v2_ope] V_Pred                   0.00366732
2026-05-16 23:01:12.965167 CST | [antmaze-large-diverse-v2_ope] Weight                   1
2026-05-16 23:01:12.965192 CST | [antmaze-large-diverse-v2_ope] --------------------  -------------
