2026-04-20 10:23:22.701338 CST | [antmaze-large-play-v2] ---------------  ---------
2026-04-20 10:23:22.701439 CST | [antmaze-large-play-v2] Training Epochs   0
2026-04-20 10:23:22.701468 CST | [antmaze-large-play-v2] AverageReturn     0
2026-04-20 10:23:22.701492 CST | [antmaze-large-play-v2] NormReturn        0
2026-04-20 10:23:22.701516 CST | [antmaze-large-play-v2] L_Act            16.1299
2026-04-20 10:23:22.701539 CST | [antmaze-large-play-v2] L_Crit           19.8165
2026-04-20 10:23:22.701563 CST | [antmaze-large-play-v2] Weight            0.541474
2026-04-20 10:23:22.701586 CST | [antmaze-large-play-v2] kl                1
2026-04-20 10:23:22.701609 CST | [antmaze-large-play-v2] ---------------  ---------
2026-04-20 10:25:46.351235 CST | [antmaze-large-play-v2] ---------------  ---------
2026-04-20 10:25:46.351330 CST | [antmaze-large-play-v2] Training Epochs   1
2026-04-20 10:25:46.351357 CST | [antmaze-large-play-v2] AverageReturn     0
2026-04-20 10:25:46.351381 CST | [antmaze-large-play-v2] NormReturn        0
2026-04-20 10:25:46.351403 CST | [antmaze-large-play-v2] L_Act            20.5594
2026-04-20 10:25:46.351425 CST | [antmaze-large-play-v2] L_Crit            1.31153
2026-04-20 10:25:46.351447 CST | [antmaze-large-play-v2] Weight            0.532002
2026-04-20 10:25:46.351469 CST | [antmaze-large-play-v2] kl                1
2026-04-20 10:25:46.351492 CST | [antmaze-large-play-v2] ---------------  ---------
2026-04-20 10:28:10.352739 CST | [antmaze-large-play-v2] ---------------  ---------
2026-04-20 10:28:10.352846 CST | [antmaze-large-play-v2] Training Epochs   2
2026-04-20 10:28:10.352873 CST | [antmaze-large-play-v2] AverageReturn     0
2026-04-20 10:28:10.352898 CST | [antmaze-large-play-v2] NormReturn        0
2026-04-20 10:28:10.352922 CST | [antmaze-large-play-v2] L_Act            20.8603
2026-04-20 10:28:10.352946 CST | [antmaze-large-play-v2] L_Crit            1.06967
2026-04-20 10:28:10.352969 CST | [antmaze-large-play-v2] Weight            0.542094
2026-04-20 10:28:10.352992 CST | [antmaze-large-play-v2] kl                1
2026-04-20 10:28:10.353015 CST | [antmaze-large-play-v2] ---------------  ---------
2026-04-20 10:30:34.849791 CST | [antmaze-large-play-v2] ---------------  ---------
2026-04-20 10:30:34.849885 CST | [antmaze-large-play-v2] Training Epochs   3
2026-04-20 10:30:34.849913 CST | [antmaze-large-play-v2] AverageReturn     0
2026-04-20 10:30:34.849937 CST | [antmaze-large-play-v2] NormReturn        0
2026-04-20 10:30:34.849960 CST | [antmaze-large-play-v2] L_Act            19.3904
2026-04-20 10:30:34.849984 CST | [antmaze-large-play-v2] L_Crit            1.00942
2026-04-20 10:30:34.850007 CST | [antmaze-large-play-v2] Weight            0.573259
2026-04-20 10:30:34.850030 CST | [antmaze-large-play-v2] kl                1
2026-04-20 10:30:34.850054 CST | [antmaze-large-play-v2] ---------------  ---------
2026-04-20 10:32:59.193731 CST | [antmaze-large-play-v2] ---------------  ---------
2026-04-20 10:32:59.193822 CST | [antmaze-large-play-v2] Training Epochs   4
2026-04-20 10:32:59.193849 CST | [antmaze-large-play-v2] AverageReturn     0
2026-04-20 10:32:59.193873 CST | [antmaze-large-play-v2] NormReturn        0
2026-04-20 10:32:59.193896 CST | [antmaze-large-play-v2] L_Act            16.8351
2026-04-20 10:32:59.193920 CST | [antmaze-large-play-v2] L_Crit            1.02585
2026-04-20 10:32:59.193943 CST | [antmaze-large-play-v2] Weight            0.604612
2026-04-20 10:32:59.193967 CST | [antmaze-large-play-v2] kl                1
2026-04-20 10:32:59.193990 CST | [antmaze-large-play-v2] ---------------  ---------
2026-04-20 10:35:22.630316 CST | [antmaze-large-play-v2] ---------------  ---------
2026-04-20 10:35:22.630426 CST | [antmaze-large-play-v2] Training Epochs   5
2026-04-20 10:35:22.630454 CST | [antmaze-large-play-v2] AverageReturn     0
2026-04-20 10:35:22.630479 CST | [antmaze-large-play-v2] NormReturn        0
2026-04-20 10:35:22.630504 CST | [antmaze-large-play-v2] L_Act            14.2738
2026-04-20 10:35:22.630527 CST | [antmaze-large-play-v2] L_Crit            1.02593
2026-04-20 10:35:22.630557 CST | [antmaze-large-play-v2] Weight            0.624165
2026-04-20 10:35:22.630581 CST | [antmaze-large-play-v2] kl                1
2026-04-20 10:35:22.630604 CST | [antmaze-large-play-v2] ---------------  ---------
2026-04-20 10:37:37.597538 CST | [antmaze-large-play-v2] ---------------  ---------
2026-04-20 10:37:37.597615 CST | [antmaze-large-play-v2] Training Epochs   6
2026-04-20 10:37:37.597643 CST | [antmaze-large-play-v2] AverageReturn     0
2026-04-20 10:37:37.597668 CST | [antmaze-large-play-v2] NormReturn        0
2026-04-20 10:37:37.597692 CST | [antmaze-large-play-v2] L_Act            12.9389
2026-04-20 10:37:37.597716 CST | [antmaze-large-play-v2] L_Crit            1.07479
2026-04-20 10:37:37.597739 CST | [antmaze-large-play-v2] Weight            0.622015
2026-04-20 10:37:37.597762 CST | [antmaze-large-play-v2] kl                1
2026-04-20 10:37:37.597786 CST | [antmaze-large-play-v2] ---------------  ---------
2026-04-20 10:39:40.835909 CST | [antmaze-large-play-v2] ---------------  ---------
2026-04-20 10:39:40.835995 CST | [antmaze-large-play-v2] Training Epochs   7
2026-04-20 10:39:40.836023 CST | [antmaze-large-play-v2] AverageReturn     0
2026-04-20 10:39:40.836047 CST | [antmaze-large-play-v2] NormReturn        0
2026-04-20 10:39:40.836071 CST | [antmaze-large-play-v2] L_Act            12.7225
2026-04-20 10:39:40.836094 CST | [antmaze-large-play-v2] L_Crit            1.07546
2026-04-20 10:39:40.836117 CST | [antmaze-large-play-v2] Weight            0.619383
2026-04-20 10:39:40.836141 CST | [antmaze-large-play-v2] kl                1
2026-04-20 10:39:40.836164 CST | [antmaze-large-play-v2] ---------------  ---------
2026-04-20 10:41:38.179929 CST | [antmaze-large-play-v2] ---------------  ---------
2026-04-20 10:41:38.180014 CST | [antmaze-large-play-v2] Training Epochs   8
2026-04-20 10:41:38.180041 CST | [antmaze-large-play-v2] AverageReturn     0.1
2026-04-20 10:41:38.180065 CST | [antmaze-large-play-v2] NormReturn        0.1
2026-04-20 10:41:38.180088 CST | [antmaze-large-play-v2] L_Act            12.5735
2026-04-20 10:41:38.180117 CST | [antmaze-large-play-v2] L_Crit            1.01421
2026-04-20 10:41:38.180139 CST | [antmaze-large-play-v2] Weight            0.618612
2026-04-20 10:41:38.180166 CST | [antmaze-large-play-v2] kl                1
2026-04-20 10:41:38.180188 CST | [antmaze-large-play-v2] ---------------  ---------
2026-04-20 10:43:35.280599 CST | [antmaze-large-play-v2] ---------------  ---------
2026-04-20 10:43:35.280687 CST | [antmaze-large-play-v2] Training Epochs   9
2026-04-20 10:43:35.280714 CST | [antmaze-large-play-v2] AverageReturn     0.1
2026-04-20 10:43:35.280738 CST | [antmaze-large-play-v2] NormReturn        0.1
2026-04-20 10:43:35.280766 CST | [antmaze-large-play-v2] L_Act            12.3704
2026-04-20 10:43:35.280790 CST | [antmaze-large-play-v2] L_Crit            0.944912
2026-04-20 10:43:35.280815 CST | [antmaze-large-play-v2] Weight            0.613282
2026-04-20 10:43:35.280839 CST | [antmaze-large-play-v2] kl                1
2026-04-20 10:43:35.280862 CST | [antmaze-large-play-v2] ---------------  ---------
2026-04-20 10:45:35.433852 CST | [antmaze-large-play-v2] ---------------  ---------
2026-04-20 10:45:35.433942 CST | [antmaze-large-play-v2] Training Epochs  10
2026-04-20 10:45:35.433972 CST | [antmaze-large-play-v2] AverageReturn     0
2026-04-20 10:45:35.433996 CST | [antmaze-large-play-v2] NormReturn        0
2026-04-20 10:45:35.434019 CST | [antmaze-large-play-v2] L_Act            11.8281
2026-04-20 10:45:35.434043 CST | [antmaze-large-play-v2] L_Crit            0.85927
2026-04-20 10:45:35.434066 CST | [antmaze-large-play-v2] Weight            0.625011
2026-04-20 10:45:35.434089 CST | [antmaze-large-play-v2] kl                1
2026-04-20 10:45:35.434113 CST | [antmaze-large-play-v2] ---------------  ---------
2026-04-20 10:47:34.982424 CST | [antmaze-large-play-v2] ---------------  ---------
2026-04-20 10:47:34.982525 CST | [antmaze-large-play-v2] Training Epochs  11
2026-04-20 10:47:34.982553 CST | [antmaze-large-play-v2] AverageReturn     0.3
2026-04-20 10:47:34.982583 CST | [antmaze-large-play-v2] NormReturn        0.3
2026-04-20 10:47:34.982607 CST | [antmaze-large-play-v2] L_Act            11.2834
2026-04-20 10:47:34.982631 CST | [antmaze-large-play-v2] L_Crit            0.816609
2026-04-20 10:47:34.982654 CST | [antmaze-large-play-v2] Weight            0.633458
2026-04-20 10:47:34.982678 CST | [antmaze-large-play-v2] kl                1
2026-04-20 10:47:34.982701 CST | [antmaze-large-play-v2] ---------------  ---------
2026-04-20 10:49:32.497592 CST | [antmaze-large-play-v2] ---------------  ---------
2026-04-20 10:49:32.497691 CST | [antmaze-large-play-v2] Training Epochs  12
2026-04-20 10:49:32.497719 CST | [antmaze-large-play-v2] AverageReturn     0.7
2026-04-20 10:49:32.497743 CST | [antmaze-large-play-v2] NormReturn        0.7
2026-04-20 10:49:32.497767 CST | [antmaze-large-play-v2] L_Act            11.0597
2026-04-20 10:49:32.497790 CST | [antmaze-large-play-v2] L_Crit            0.825294
2026-04-20 10:49:32.497813 CST | [antmaze-large-play-v2] Weight            0.638338
2026-04-20 10:49:32.497836 CST | [antmaze-large-play-v2] kl                1
2026-04-20 10:49:32.497859 CST | [antmaze-large-play-v2] ---------------  ---------
2026-04-20 10:51:31.888703 CST | [antmaze-large-play-v2] ---------------  ---------
2026-04-20 10:51:31.888792 CST | [antmaze-large-play-v2] Training Epochs  13
2026-04-20 10:51:31.888820 CST | [antmaze-large-play-v2] AverageReturn     0.2
2026-04-20 10:51:31.888846 CST | [antmaze-large-play-v2] NormReturn        0.2
2026-04-20 10:51:31.888870 CST | [antmaze-large-play-v2] L_Act            11.1625
2026-04-20 10:51:31.888893 CST | [antmaze-large-play-v2] L_Crit            0.799375
2026-04-20 10:51:31.888917 CST | [antmaze-large-play-v2] Weight            0.630118
2026-04-20 10:51:31.888941 CST | [antmaze-large-play-v2] kl                1
2026-04-20 10:51:31.888966 CST | [antmaze-large-play-v2] ---------------  ---------
2026-04-20 10:53:30.031410 CST | [antmaze-large-play-v2] ---------------  ---------
2026-04-20 10:53:30.031507 CST | [antmaze-large-play-v2] Training Epochs  14
2026-04-20 10:53:30.031536 CST | [antmaze-large-play-v2] AverageReturn     0.4
2026-04-20 10:53:30.031564 CST | [antmaze-large-play-v2] NormReturn        0.4
2026-04-20 10:53:30.031595 CST | [antmaze-large-play-v2] L_Act            11.4543
2026-04-20 10:53:30.031618 CST | [antmaze-large-play-v2] L_Crit            0.787916
2026-04-20 10:53:30.031641 CST | [antmaze-large-play-v2] Weight            0.619058
2026-04-20 10:53:30.031664 CST | [antmaze-large-play-v2] kl                1
2026-04-20 10:53:30.031687 CST | [antmaze-large-play-v2] ---------------  ---------
2026-04-20 10:55:27.118906 CST | [antmaze-large-play-v2] ---------------  ---------
2026-04-20 10:55:27.118991 CST | [antmaze-large-play-v2] Training Epochs  15
2026-04-20 10:55:27.119020 CST | [antmaze-large-play-v2] AverageReturn     0.8
2026-04-20 10:55:27.119044 CST | [antmaze-large-play-v2] NormReturn        0.8
2026-04-20 10:55:27.119068 CST | [antmaze-large-play-v2] L_Act            11.4949
2026-04-20 10:55:27.119092 CST | [antmaze-large-play-v2] L_Crit            0.767847
2026-04-20 10:55:27.119115 CST | [antmaze-large-play-v2] Weight            0.614014
2026-04-20 10:55:27.119138 CST | [antmaze-large-play-v2] kl                1
2026-04-20 10:55:27.119162 CST | [antmaze-large-play-v2] ---------------  ---------
2026-04-20 10:57:25.109139 CST | [antmaze-large-play-v2] ---------------  ---------
2026-04-20 10:57:25.109231 CST | [antmaze-large-play-v2] Training Epochs  16
2026-04-20 10:57:25.109259 CST | [antmaze-large-play-v2] AverageReturn     0.3
2026-04-20 10:57:25.109284 CST | [antmaze-large-play-v2] NormReturn        0.3
2026-04-20 10:57:25.109309 CST | [antmaze-large-play-v2] L_Act            11.3437
2026-04-20 10:57:25.109332 CST | [antmaze-large-play-v2] L_Crit            0.754576
2026-04-20 10:57:25.109355 CST | [antmaze-large-play-v2] Weight            0.619339
2026-04-20 10:57:25.109378 CST | [antmaze-large-play-v2] kl                1
2026-04-20 10:57:25.109402 CST | [antmaze-large-play-v2] ---------------  ---------
2026-04-20 10:59:23.972093 CST | [antmaze-large-play-v2] ---------------  ---------
2026-04-20 10:59:23.972185 CST | [antmaze-large-play-v2] Training Epochs  17
2026-04-20 10:59:23.972214 CST | [antmaze-large-play-v2] AverageReturn     0.3
2026-04-20 10:59:23.972239 CST | [antmaze-large-play-v2] NormReturn        0.3
2026-04-20 10:59:23.972263 CST | [antmaze-large-play-v2] L_Act            11.0032
2026-04-20 10:59:23.972286 CST | [antmaze-large-play-v2] L_Crit            0.727318
2026-04-20 10:59:23.972309 CST | [antmaze-large-play-v2] Weight            0.628946
2026-04-20 10:59:23.972333 CST | [antmaze-large-play-v2] kl                1
2026-04-20 10:59:23.972356 CST | [antmaze-large-play-v2] ---------------  ---------
2026-04-20 11:01:23.968144 CST | [antmaze-large-play-v2] ---------------  ---------
2026-04-20 11:01:23.968230 CST | [antmaze-large-play-v2] Training Epochs  18
2026-04-20 11:01:23.968257 CST | [antmaze-large-play-v2] AverageReturn     0.2
2026-04-20 11:01:23.968281 CST | [antmaze-large-play-v2] NormReturn        0.2
2026-04-20 11:01:23.968305 CST | [antmaze-large-play-v2] L_Act            10.6517
2026-04-20 11:01:23.968329 CST | [antmaze-large-play-v2] L_Crit            0.712832
2026-04-20 11:01:23.968352 CST | [antmaze-large-play-v2] Weight            0.641075
2026-04-20 11:01:23.968375 CST | [antmaze-large-play-v2] kl                1
2026-04-20 11:01:23.968399 CST | [antmaze-large-play-v2] ---------------  ---------
2026-04-20 11:03:22.099189 CST | [antmaze-large-play-v2] ---------------  ---------
2026-04-20 11:03:22.099276 CST | [antmaze-large-play-v2] Training Epochs  19
2026-04-20 11:03:22.099303 CST | [antmaze-large-play-v2] AverageReturn     0.2
2026-04-20 11:03:22.099327 CST | [antmaze-large-play-v2] NormReturn        0.2
2026-04-20 11:03:22.099351 CST | [antmaze-large-play-v2] L_Act            10.4757
2026-04-20 11:03:22.099374 CST | [antmaze-large-play-v2] L_Crit            0.692257
2026-04-20 11:03:22.099396 CST | [antmaze-large-play-v2] Weight            0.643809
2026-04-20 11:03:22.099419 CST | [antmaze-large-play-v2] kl                1
2026-04-20 11:03:22.099444 CST | [antmaze-large-play-v2] ---------------  ---------
2026-04-20 11:05:17.641140 CST | [antmaze-large-play-v2] ---------------  ---------
2026-04-20 11:05:17.641215 CST | [antmaze-large-play-v2] Training Epochs  20
2026-04-20 11:05:17.641244 CST | [antmaze-large-play-v2] AverageReturn     0.5
2026-04-20 11:05:17.641270 CST | [antmaze-large-play-v2] NormReturn        0.5
2026-04-20 11:05:17.641296 CST | [antmaze-large-play-v2] L_Act            10.5933
2026-04-20 11:05:17.641319 CST | [antmaze-large-play-v2] L_Crit            0.688814
2026-04-20 11:05:17.641343 CST | [antmaze-large-play-v2] Weight            0.63541
2026-04-20 11:05:17.641366 CST | [antmaze-large-play-v2] kl                1
2026-04-20 11:05:17.641390 CST | [antmaze-large-play-v2] ---------------  ---------
2026-04-20 11:07:15.334199 CST | [antmaze-large-play-v2] ---------------  ---------
2026-04-20 11:07:15.334289 CST | [antmaze-large-play-v2] Training Epochs  21
2026-04-20 11:07:15.334321 CST | [antmaze-large-play-v2] AverageReturn     0.3
2026-04-20 11:07:15.334345 CST | [antmaze-large-play-v2] NormReturn        0.3
2026-04-20 11:07:15.334393 CST | [antmaze-large-play-v2] L_Act            10.8019
2026-04-20 11:07:15.334417 CST | [antmaze-large-play-v2] L_Crit            0.684487
2026-04-20 11:07:15.334440 CST | [antmaze-large-play-v2] Weight            0.621453
2026-04-20 11:07:15.334464 CST | [antmaze-large-play-v2] kl                1
2026-04-20 11:07:15.334487 CST | [antmaze-large-play-v2] ---------------  ---------
2026-04-20 11:09:11.880310 CST | [antmaze-large-play-v2] ---------------  ---------
2026-04-20 11:09:11.880404 CST | [antmaze-large-play-v2] Training Epochs  22
2026-04-20 11:09:11.880432 CST | [antmaze-large-play-v2] AverageReturn     0.4
2026-04-20 11:09:11.880457 CST | [antmaze-large-play-v2] NormReturn        0.4
2026-04-20 11:09:11.880481 CST | [antmaze-large-play-v2] L_Act            10.9368
2026-04-20 11:09:11.880509 CST | [antmaze-large-play-v2] L_Crit            0.68504
2026-04-20 11:09:11.880533 CST | [antmaze-large-play-v2] Weight            0.618524
2026-04-20 11:09:11.880556 CST | [antmaze-large-play-v2] kl                1
2026-04-20 11:09:11.880579 CST | [antmaze-large-play-v2] ---------------  ---------
2026-04-20 11:11:07.641185 CST | [antmaze-large-play-v2] ---------------  ---------
2026-04-20 11:11:07.641274 CST | [antmaze-large-play-v2] Training Epochs  23
2026-04-20 11:11:07.641302 CST | [antmaze-large-play-v2] AverageReturn     0.6
2026-04-20 11:11:07.641326 CST | [antmaze-large-play-v2] NormReturn        0.6
2026-04-20 11:11:07.641349 CST | [antmaze-large-play-v2] L_Act            11.0058
2026-04-20 11:11:07.641373 CST | [antmaze-large-play-v2] L_Crit            0.659791
2026-04-20 11:11:07.641396 CST | [antmaze-large-play-v2] Weight            0.617596
2026-04-20 11:11:07.641427 CST | [antmaze-large-play-v2] kl                1
2026-04-20 11:11:07.641452 CST | [antmaze-large-play-v2] ---------------  ---------
2026-04-20 11:13:03.639457 CST | [antmaze-large-play-v2] ---------------  ---------
2026-04-20 11:13:03.639551 CST | [antmaze-large-play-v2] Training Epochs  24
2026-04-20 11:13:03.639579 CST | [antmaze-large-play-v2] AverageReturn     0.7
2026-04-20 11:13:03.639606 CST | [antmaze-large-play-v2] NormReturn        0.7
2026-04-20 11:13:03.639631 CST | [antmaze-large-play-v2] L_Act            11.0192
2026-04-20 11:13:03.639654 CST | [antmaze-large-play-v2] L_Crit            0.644795
2026-04-20 11:13:03.639677 CST | [antmaze-large-play-v2] Weight            0.619638
2026-04-20 11:13:03.639700 CST | [antmaze-large-play-v2] kl                1
2026-04-20 11:13:03.639724 CST | [antmaze-large-play-v2] ---------------  ---------
2026-04-20 11:14:58.826076 CST | [antmaze-large-play-v2] ---------------  ---------
2026-04-20 11:14:58.826159 CST | [antmaze-large-play-v2] Training Epochs  25
2026-04-20 11:14:58.826187 CST | [antmaze-large-play-v2] AverageReturn     0.6
2026-04-20 11:14:58.826210 CST | [antmaze-large-play-v2] NormReturn        0.6
2026-04-20 11:14:58.826232 CST | [antmaze-large-play-v2] L_Act            11.0243
2026-04-20 11:14:58.826254 CST | [antmaze-large-play-v2] L_Crit            0.640576
2026-04-20 11:14:58.826276 CST | [antmaze-large-play-v2] Weight            0.618438
2026-04-20 11:14:58.826298 CST | [antmaze-large-play-v2] kl                1
2026-04-20 11:14:58.826320 CST | [antmaze-large-play-v2] ---------------  ---------
2026-04-20 11:16:54.269067 CST | [antmaze-large-play-v2] ---------------  ---------
2026-04-20 11:16:54.269152 CST | [antmaze-large-play-v2] Training Epochs  26
2026-04-20 11:16:54.269180 CST | [antmaze-large-play-v2] AverageReturn     0.7
2026-04-20 11:16:54.269205 CST | [antmaze-large-play-v2] NormReturn        0.7
2026-04-20 11:16:54.269228 CST | [antmaze-large-play-v2] L_Act            11.0683
2026-04-20 11:16:54.269252 CST | [antmaze-large-play-v2] L_Crit            0.625993
2026-04-20 11:16:54.269275 CST | [antmaze-large-play-v2] Weight            0.614928
2026-04-20 11:16:54.269299 CST | [antmaze-large-play-v2] kl                1
2026-04-20 11:16:54.269322 CST | [antmaze-large-play-v2] ---------------  ---------
2026-04-20 11:18:49.691497 CST | [antmaze-large-play-v2] ---------------  ---------
2026-04-20 11:18:49.691592 CST | [antmaze-large-play-v2] Training Epochs  27
2026-04-20 11:18:49.691621 CST | [antmaze-large-play-v2] AverageReturn     0.8
2026-04-20 11:18:49.691647 CST | [antmaze-large-play-v2] NormReturn        0.8
2026-04-20 11:18:49.691672 CST | [antmaze-large-play-v2] L_Act            11.2897
2026-04-20 11:18:49.691696 CST | [antmaze-large-play-v2] L_Crit            0.621111
2026-04-20 11:18:49.691719 CST | [antmaze-large-play-v2] Weight            0.6071
2026-04-20 11:18:49.691743 CST | [antmaze-large-play-v2] kl                1
2026-04-20 11:18:49.691766 CST | [antmaze-large-play-v2] ---------------  ---------
2026-04-20 11:20:45.620738 CST | [antmaze-large-play-v2] ---------------  ---------
2026-04-20 11:20:45.620814 CST | [antmaze-large-play-v2] Training Epochs  28
2026-04-20 11:20:45.620845 CST | [antmaze-large-play-v2] AverageReturn     0.6
2026-04-20 11:20:45.620870 CST | [antmaze-large-play-v2] NormReturn        0.6
2026-04-20 11:20:45.620894 CST | [antmaze-large-play-v2] L_Act            11.3436
2026-04-20 11:20:45.620918 CST | [antmaze-large-play-v2] L_Crit            0.603503
2026-04-20 11:20:45.620942 CST | [antmaze-large-play-v2] Weight            0.608881
2026-04-20 11:20:45.620965 CST | [antmaze-large-play-v2] kl                1
2026-04-20 11:20:45.620988 CST | [antmaze-large-play-v2] ---------------  ---------
2026-04-20 11:22:43.856532 CST | [antmaze-large-play-v2] ---------------  ---------
2026-04-20 11:22:43.856616 CST | [antmaze-large-play-v2] Training Epochs  29
2026-04-20 11:22:43.856645 CST | [antmaze-large-play-v2] AverageReturn     0.4
2026-04-20 11:22:43.856670 CST | [antmaze-large-play-v2] NormReturn        0.4
2026-04-20 11:22:43.856695 CST | [antmaze-large-play-v2] L_Act            11.3437
2026-04-20 11:22:43.856718 CST | [antmaze-large-play-v2] L_Crit            0.579624
2026-04-20 11:22:43.856741 CST | [antmaze-large-play-v2] Weight            0.610064
2026-04-20 11:22:43.856769 CST | [antmaze-large-play-v2] kl                1
2026-04-20 11:22:43.856793 CST | [antmaze-large-play-v2] ---------------  ---------
2026-04-20 11:24:38.776054 CST | [antmaze-large-play-v2] ---------------  ---------
2026-04-20 11:24:38.776149 CST | [antmaze-large-play-v2] Training Epochs  30
2026-04-20 11:24:38.776177 CST | [antmaze-large-play-v2] AverageReturn     0.8
2026-04-20 11:24:38.776202 CST | [antmaze-large-play-v2] NormReturn        0.8
2026-04-20 11:24:38.776226 CST | [antmaze-large-play-v2] L_Act            11.2654
2026-04-20 11:24:38.776249 CST | [antmaze-large-play-v2] L_Crit            0.569746
2026-04-20 11:24:38.776272 CST | [antmaze-large-play-v2] Weight            0.609524
2026-04-20 11:24:38.776295 CST | [antmaze-large-play-v2] kl                1
2026-04-20 11:24:38.776319 CST | [antmaze-large-play-v2] ---------------  ---------
2026-04-20 11:26:32.210137 CST | [antmaze-large-play-v2] ---------------  ---------
2026-04-20 11:26:32.210222 CST | [antmaze-large-play-v2] Training Epochs  31
2026-04-20 11:26:32.210249 CST | [antmaze-large-play-v2] AverageReturn     1
2026-04-20 11:26:32.210274 CST | [antmaze-large-play-v2] NormReturn        1
2026-04-20 11:26:32.210297 CST | [antmaze-large-play-v2] L_Act            11.2055
2026-04-20 11:26:32.210319 CST | [antmaze-large-play-v2] L_Crit            0.554552
2026-04-20 11:26:32.210341 CST | [antmaze-large-play-v2] Weight            0.611345
2026-04-20 11:26:32.210364 CST | [antmaze-large-play-v2] kl                1
2026-04-20 11:26:32.210387 CST | [antmaze-large-play-v2] ---------------  ---------
2026-04-20 11:28:30.889763 CST | [antmaze-large-play-v2] ---------------  ---------
2026-04-20 11:28:30.889845 CST | [antmaze-large-play-v2] Training Epochs  32
2026-04-20 11:28:30.889876 CST | [antmaze-large-play-v2] AverageReturn     0.4
2026-04-20 11:28:30.889901 CST | [antmaze-large-play-v2] NormReturn        0.4
2026-04-20 11:28:30.889926 CST | [antmaze-large-play-v2] L_Act            11.1912
2026-04-20 11:28:30.889949 CST | [antmaze-large-play-v2] L_Crit            0.548852
2026-04-20 11:28:30.889972 CST | [antmaze-large-play-v2] Weight            0.609063
2026-04-20 11:28:30.889996 CST | [antmaze-large-play-v2] kl                1
2026-04-20 11:28:30.890019 CST | [antmaze-large-play-v2] ---------------  ---------
2026-04-20 11:30:25.553838 CST | [antmaze-large-play-v2] ---------------  ---------
2026-04-20 11:30:25.553917 CST | [antmaze-large-play-v2] Training Epochs  33
2026-04-20 11:30:25.553955 CST | [antmaze-large-play-v2] AverageReturn     0.6
2026-04-20 11:30:25.553979 CST | [antmaze-large-play-v2] NormReturn        0.6
2026-04-20 11:30:25.554003 CST | [antmaze-large-play-v2] L_Act            11.2336
2026-04-20 11:30:25.554025 CST | [antmaze-large-play-v2] L_Crit            0.548598
2026-04-20 11:30:25.554048 CST | [antmaze-large-play-v2] Weight            0.605995
2026-04-20 11:30:25.554073 CST | [antmaze-large-play-v2] kl                1
2026-04-20 11:30:25.554095 CST | [antmaze-large-play-v2] ---------------  ---------
2026-04-20 11:32:19.953484 CST | [antmaze-large-play-v2] ---------------  ---------
2026-04-20 11:32:19.953576 CST | [antmaze-large-play-v2] Training Epochs  34
2026-04-20 11:32:19.953604 CST | [antmaze-large-play-v2] AverageReturn     0.7
2026-04-20 11:32:19.953628 CST | [antmaze-large-play-v2] NormReturn        0.7
2026-04-20 11:32:19.953651 CST | [antmaze-large-play-v2] L_Act            11.2868
2026-04-20 11:32:19.953675 CST | [antmaze-large-play-v2] L_Crit            0.549807
2026-04-20 11:32:19.953698 CST | [antmaze-large-play-v2] Weight            0.602341
2026-04-20 11:32:19.953721 CST | [antmaze-large-play-v2] kl                1
2026-04-20 11:32:19.953746 CST | [antmaze-large-play-v2] ---------------  ---------
2026-04-20 11:34:15.433397 CST | [antmaze-large-play-v2] ---------------  ---------
2026-04-20 11:34:15.433465 CST | [antmaze-large-play-v2] Training Epochs  35
2026-04-20 11:34:15.433503 CST | [antmaze-large-play-v2] AverageReturn     0.5
2026-04-20 11:34:15.433529 CST | [antmaze-large-play-v2] NormReturn        0.5
2026-04-20 11:34:15.433555 CST | [antmaze-large-play-v2] L_Act            11.3571
2026-04-20 11:34:15.433578 CST | [antmaze-large-play-v2] L_Crit            0.545882
2026-04-20 11:34:15.433601 CST | [antmaze-large-play-v2] Weight            0.599927
2026-04-20 11:34:15.433626 CST | [antmaze-large-play-v2] kl                1
2026-04-20 11:34:15.433649 CST | [antmaze-large-play-v2] ---------------  ---------
2026-04-20 11:36:09.425538 CST | [antmaze-large-play-v2] ---------------  --------
2026-04-20 11:36:09.425619 CST | [antmaze-large-play-v2] Training Epochs  36
2026-04-20 11:36:09.425648 CST | [antmaze-large-play-v2] AverageReturn     0.8
2026-04-20 11:36:09.425672 CST | [antmaze-large-play-v2] NormReturn        0.8
2026-04-20 11:36:09.425696 CST | [antmaze-large-play-v2] L_Act            11.3303
2026-04-20 11:36:09.425721 CST | [antmaze-large-play-v2] L_Crit            0.54209
2026-04-20 11:36:09.425753 CST | [antmaze-large-play-v2] Weight            0.59863
2026-04-20 11:36:09.425777 CST | [antmaze-large-play-v2] kl                1
2026-04-20 11:36:09.425800 CST | [antmaze-large-play-v2] ---------------  --------
2026-04-20 11:38:03.647939 CST | [antmaze-large-play-v2] ---------------  ---------
2026-04-20 11:38:03.648020 CST | [antmaze-large-play-v2] Training Epochs  37
2026-04-20 11:38:03.648061 CST | [antmaze-large-play-v2] AverageReturn     0.6
2026-04-20 11:38:03.648085 CST | [antmaze-large-play-v2] NormReturn        0.6
2026-04-20 11:38:03.648108 CST | [antmaze-large-play-v2] L_Act            11.3845
2026-04-20 11:38:03.648131 CST | [antmaze-large-play-v2] L_Crit            0.545589
2026-04-20 11:38:03.648153 CST | [antmaze-large-play-v2] Weight            0.594027
2026-04-20 11:38:03.648176 CST | [antmaze-large-play-v2] kl                1
2026-04-20 11:38:03.648198 CST | [antmaze-large-play-v2] ---------------  ---------
2026-04-20 11:39:57.224958 CST | [antmaze-large-play-v2] ---------------  ---------
2026-04-20 11:39:57.225047 CST | [antmaze-large-play-v2] Training Epochs  38
2026-04-20 11:39:57.225075 CST | [antmaze-large-play-v2] AverageReturn     0.8
2026-04-20 11:39:57.225100 CST | [antmaze-large-play-v2] NormReturn        0.8
2026-04-20 11:39:57.225123 CST | [antmaze-large-play-v2] L_Act            11.4921
2026-04-20 11:39:57.225146 CST | [antmaze-large-play-v2] L_Crit            0.543113
2026-04-20 11:39:57.225170 CST | [antmaze-large-play-v2] Weight            0.589894
2026-04-20 11:39:57.225193 CST | [antmaze-large-play-v2] kl                1
2026-04-20 11:39:57.225216 CST | [antmaze-large-play-v2] ---------------  ---------
2026-04-20 11:41:50.523618 CST | [antmaze-large-play-v2] ---------------  ---------
2026-04-20 11:41:50.523705 CST | [antmaze-large-play-v2] Training Epochs  39
2026-04-20 11:41:50.523734 CST | [antmaze-large-play-v2] AverageReturn     0.7
2026-04-20 11:41:50.523758 CST | [antmaze-large-play-v2] NormReturn        0.7
2026-04-20 11:41:50.523786 CST | [antmaze-large-play-v2] L_Act            11.595
2026-04-20 11:41:50.523809 CST | [antmaze-large-play-v2] L_Crit            0.535527
2026-04-20 11:41:50.523832 CST | [antmaze-large-play-v2] Weight            0.583327
2026-04-20 11:41:50.523855 CST | [antmaze-large-play-v2] kl                1
2026-04-20 11:41:50.523877 CST | [antmaze-large-play-v2] ---------------  ---------
2026-04-20 11:43:44.246029 CST | [antmaze-large-play-v2] ---------------  ---------
2026-04-20 11:43:44.246111 CST | [antmaze-large-play-v2] Training Epochs  40
2026-04-20 11:43:44.246139 CST | [antmaze-large-play-v2] AverageReturn     0.8
2026-04-20 11:43:44.246164 CST | [antmaze-large-play-v2] NormReturn        0.8
2026-04-20 11:43:44.246188 CST | [antmaze-large-play-v2] L_Act            11.5982
2026-04-20 11:43:44.246211 CST | [antmaze-large-play-v2] L_Crit            0.534761
2026-04-20 11:43:44.246234 CST | [antmaze-large-play-v2] Weight            0.584733
2026-04-20 11:43:44.246258 CST | [antmaze-large-play-v2] kl                1
2026-04-20 11:43:44.246281 CST | [antmaze-large-play-v2] ---------------  ---------
2026-04-20 11:45:38.332991 CST | [antmaze-large-play-v2] ---------------  ---------
2026-04-20 11:45:38.333076 CST | [antmaze-large-play-v2] Training Epochs  41
2026-04-20 11:45:38.333103 CST | [antmaze-large-play-v2] AverageReturn     0.6
2026-04-20 11:45:38.333129 CST | [antmaze-large-play-v2] NormReturn        0.6
2026-04-20 11:45:38.333153 CST | [antmaze-large-play-v2] L_Act            11.6404
2026-04-20 11:45:38.333176 CST | [antmaze-large-play-v2] L_Crit            0.532016
2026-04-20 11:45:38.333199 CST | [antmaze-large-play-v2] Weight            0.581048
2026-04-20 11:45:38.333223 CST | [antmaze-large-play-v2] kl                1
2026-04-20 11:45:38.333246 CST | [antmaze-large-play-v2] ---------------  ---------
2026-04-20 11:47:31.781543 CST | [antmaze-large-play-v2] ---------------  ---------
2026-04-20 11:47:31.781628 CST | [antmaze-large-play-v2] Training Epochs  42
2026-04-20 11:47:31.781675 CST | [antmaze-large-play-v2] AverageReturn     0.7
2026-04-20 11:47:31.781701 CST | [antmaze-large-play-v2] NormReturn        0.7
2026-04-20 11:47:31.781726 CST | [antmaze-large-play-v2] L_Act            11.5684
2026-04-20 11:47:31.781751 CST | [antmaze-large-play-v2] L_Crit            0.527402
2026-04-20 11:47:31.781775 CST | [antmaze-large-play-v2] Weight            0.582107
2026-04-20 11:47:31.781798 CST | [antmaze-large-play-v2] kl                1
2026-04-20 11:47:31.781828 CST | [antmaze-large-play-v2] ---------------  ---------
2026-04-20 11:49:24.883558 CST | [antmaze-large-play-v2] ---------------  ---------
2026-04-20 11:49:24.883631 CST | [antmaze-large-play-v2] Training Epochs  43
2026-04-20 11:49:24.883664 CST | [antmaze-large-play-v2] AverageReturn     0.7
2026-04-20 11:49:24.883689 CST | [antmaze-large-play-v2] NormReturn        0.7
2026-04-20 11:49:24.883713 CST | [antmaze-large-play-v2] L_Act            11.6034
2026-04-20 11:49:24.883736 CST | [antmaze-large-play-v2] L_Crit            0.520439
2026-04-20 11:49:24.883760 CST | [antmaze-large-play-v2] Weight            0.580963
2026-04-20 11:49:24.883782 CST | [antmaze-large-play-v2] kl                1
2026-04-20 11:49:24.883806 CST | [antmaze-large-play-v2] ---------------  ---------
2026-04-20 11:51:19.075360 CST | [antmaze-large-play-v2] ---------------  ---------
2026-04-20 11:51:19.075443 CST | [antmaze-large-play-v2] Training Epochs  44
2026-04-20 11:51:19.075471 CST | [antmaze-large-play-v2] AverageReturn     0.5
2026-04-20 11:51:19.075496 CST | [antmaze-large-play-v2] NormReturn        0.5
2026-04-20 11:51:19.075521 CST | [antmaze-large-play-v2] L_Act            11.515
2026-04-20 11:51:19.075548 CST | [antmaze-large-play-v2] L_Crit            0.51647
2026-04-20 11:51:19.075571 CST | [antmaze-large-play-v2] Weight            0.582721
2026-04-20 11:51:19.075594 CST | [antmaze-large-play-v2] kl                1
2026-04-20 11:51:19.075618 CST | [antmaze-large-play-v2] ---------------  ---------
2026-04-20 11:53:13.708474 CST | [antmaze-large-play-v2] ---------------  ---------
2026-04-20 11:53:13.708555 CST | [antmaze-large-play-v2] Training Epochs  45
2026-04-20 11:53:13.708593 CST | [antmaze-large-play-v2] AverageReturn     0.5
2026-04-20 11:53:13.708618 CST | [antmaze-large-play-v2] NormReturn        0.5
2026-04-20 11:53:13.708642 CST | [antmaze-large-play-v2] L_Act            11.4549
2026-04-20 11:53:13.708666 CST | [antmaze-large-play-v2] L_Crit            0.516665
2026-04-20 11:53:13.708692 CST | [antmaze-large-play-v2] Weight            0.58261
2026-04-20 11:53:13.708716 CST | [antmaze-large-play-v2] kl                1
2026-04-20 11:53:13.708739 CST | [antmaze-large-play-v2] ---------------  ---------
2026-04-20 11:55:07.883980 CST | [antmaze-large-play-v2] ---------------  ---------
2026-04-20 11:55:07.884061 CST | [antmaze-large-play-v2] Training Epochs  46
2026-04-20 11:55:07.884087 CST | [antmaze-large-play-v2] AverageReturn     0.7
2026-04-20 11:55:07.884110 CST | [antmaze-large-play-v2] NormReturn        0.7
2026-04-20 11:55:07.884132 CST | [antmaze-large-play-v2] L_Act            11.5218
2026-04-20 11:55:07.884155 CST | [antmaze-large-play-v2] L_Crit            0.514374
2026-04-20 11:55:07.884177 CST | [antmaze-large-play-v2] Weight            0.579945
2026-04-20 11:55:07.884199 CST | [antmaze-large-play-v2] kl                1
2026-04-20 11:55:07.884221 CST | [antmaze-large-play-v2] ---------------  ---------
2026-04-20 11:57:03.094652 CST | [antmaze-large-play-v2] ---------------  ---------
2026-04-20 11:57:03.094732 CST | [antmaze-large-play-v2] Training Epochs  47
2026-04-20 11:57:03.094759 CST | [antmaze-large-play-v2] AverageReturn     0.3
2026-04-20 11:57:03.094783 CST | [antmaze-large-play-v2] NormReturn        0.3
2026-04-20 11:57:03.094807 CST | [antmaze-large-play-v2] L_Act            11.5489
2026-04-20 11:57:03.094830 CST | [antmaze-large-play-v2] L_Crit            0.510195
2026-04-20 11:57:03.094853 CST | [antmaze-large-play-v2] Weight            0.578828
2026-04-20 11:57:03.094877 CST | [antmaze-large-play-v2] kl                1
2026-04-20 11:57:03.094900 CST | [antmaze-large-play-v2] ---------------  ---------
2026-04-20 11:58:57.415867 CST | [antmaze-large-play-v2] ---------------  ---------
2026-04-20 11:58:57.415955 CST | [antmaze-large-play-v2] Training Epochs  48
2026-04-20 11:58:57.415984 CST | [antmaze-large-play-v2] AverageReturn     0.8
2026-04-20 11:58:57.416009 CST | [antmaze-large-play-v2] NormReturn        0.8
2026-04-20 11:58:57.416033 CST | [antmaze-large-play-v2] L_Act            11.6348
2026-04-20 11:58:57.416056 CST | [antmaze-large-play-v2] L_Crit            0.51267
2026-04-20 11:58:57.416080 CST | [antmaze-large-play-v2] Weight            0.578598
2026-04-20 11:58:57.416104 CST | [antmaze-large-play-v2] kl                1
2026-04-20 11:58:57.416138 CST | [antmaze-large-play-v2] ---------------  ---------
2026-04-20 12:00:51.513947 CST | [antmaze-large-play-v2] ---------------  ---------
2026-04-20 12:00:51.514034 CST | [antmaze-large-play-v2] Training Epochs  49
2026-04-20 12:00:51.514079 CST | [antmaze-large-play-v2] AverageReturn     0.6
2026-04-20 12:00:51.514103 CST | [antmaze-large-play-v2] NormReturn        0.6
2026-04-20 12:00:51.514127 CST | [antmaze-large-play-v2] L_Act            11.7576
2026-04-20 12:00:51.514150 CST | [antmaze-large-play-v2] L_Crit            0.505323
2026-04-20 12:00:51.514173 CST | [antmaze-large-play-v2] Weight            0.575043
2026-04-20 12:00:51.514196 CST | [antmaze-large-play-v2] kl                1
2026-04-20 12:00:51.514219 CST | [antmaze-large-play-v2] ---------------  ---------
2026-04-20 12:02:46.546831 CST | [antmaze-large-play-v2] ---------------  ---------
2026-04-20 12:02:46.546896 CST | [antmaze-large-play-v2] Training Epochs  50
2026-04-20 12:02:46.546936 CST | [antmaze-large-play-v2] AverageReturn     0.6
2026-04-20 12:02:46.546960 CST | [antmaze-large-play-v2] NormReturn        0.6
2026-04-20 12:02:46.546983 CST | [antmaze-large-play-v2] L_Act            11.7649
2026-04-20 12:02:46.547006 CST | [antmaze-large-play-v2] L_Crit            0.507746
2026-04-20 12:02:46.547033 CST | [antmaze-large-play-v2] Weight            0.575826
2026-04-20 12:02:46.547056 CST | [antmaze-large-play-v2] kl                1
2026-04-20 12:02:46.547079 CST | [antmaze-large-play-v2] ---------------  ---------
2026-04-20 12:04:39.844290 CST | [antmaze-large-play-v2] ---------------  ---------
2026-04-20 12:04:39.844399 CST | [antmaze-large-play-v2] Training Epochs  51
2026-04-20 12:04:39.844427 CST | [antmaze-large-play-v2] AverageReturn     0.7
2026-04-20 12:04:39.844453 CST | [antmaze-large-play-v2] NormReturn        0.7
2026-04-20 12:04:39.844481 CST | [antmaze-large-play-v2] L_Act            11.811
2026-04-20 12:04:39.844505 CST | [antmaze-large-play-v2] L_Crit            0.508057
2026-04-20 12:04:39.844528 CST | [antmaze-large-play-v2] Weight            0.575362
2026-04-20 12:04:39.844552 CST | [antmaze-large-play-v2] kl                1
2026-04-20 12:04:39.844575 CST | [antmaze-large-play-v2] ---------------  ---------
2026-04-20 12:06:33.717877 CST | [antmaze-large-play-v2] ---------------  ---------
2026-04-20 12:06:33.717965 CST | [antmaze-large-play-v2] Training Epochs  52
2026-04-20 12:06:33.718005 CST | [antmaze-large-play-v2] AverageReturn     0.5
2026-04-20 12:06:33.718028 CST | [antmaze-large-play-v2] NormReturn        0.5
2026-04-20 12:06:33.718050 CST | [antmaze-large-play-v2] L_Act            11.9426
2026-04-20 12:06:33.718072 CST | [antmaze-large-play-v2] L_Crit            0.509798
2026-04-20 12:06:33.718095 CST | [antmaze-large-play-v2] Weight            0.572311
2026-04-20 12:06:33.718117 CST | [antmaze-large-play-v2] kl                1
2026-04-20 12:06:33.718139 CST | [antmaze-large-play-v2] ---------------  ---------
2026-04-20 12:08:27.946947 CST | [antmaze-large-play-v2] ---------------  ---------
2026-04-20 12:08:27.947027 CST | [antmaze-large-play-v2] Training Epochs  53
2026-04-20 12:08:27.947070 CST | [antmaze-large-play-v2] AverageReturn     0.8
2026-04-20 12:08:27.947097 CST | [antmaze-large-play-v2] NormReturn        0.8
2026-04-20 12:08:27.947120 CST | [antmaze-large-play-v2] L_Act            11.971
2026-04-20 12:08:27.947142 CST | [antmaze-large-play-v2] L_Crit            0.500763
2026-04-20 12:08:27.947164 CST | [antmaze-large-play-v2] Weight            0.572103
2026-04-20 12:08:27.947186 CST | [antmaze-large-play-v2] kl                1
2026-04-20 12:08:27.947209 CST | [antmaze-large-play-v2] ---------------  ---------
2026-04-20 12:10:22.182382 CST | [antmaze-large-play-v2] ---------------  ---------
2026-04-20 12:10:22.182471 CST | [antmaze-large-play-v2] Training Epochs  54
2026-04-20 12:10:22.182500 CST | [antmaze-large-play-v2] AverageReturn     0.6
2026-04-20 12:10:22.182524 CST | [antmaze-large-play-v2] NormReturn        0.6
2026-04-20 12:10:22.182548 CST | [antmaze-large-play-v2] L_Act            12.0152
2026-04-20 12:10:22.182571 CST | [antmaze-large-play-v2] L_Crit            0.495374
2026-04-20 12:10:22.182594 CST | [antmaze-large-play-v2] Weight            0.572821
2026-04-20 12:10:22.182617 CST | [antmaze-large-play-v2] kl                1
2026-04-20 12:10:22.182641 CST | [antmaze-large-play-v2] ---------------  ---------
2026-04-20 12:12:14.844856 CST | [antmaze-large-play-v2] ---------------  ---------
2026-04-20 12:12:14.844936 CST | [antmaze-large-play-v2] Training Epochs  55
2026-04-20 12:12:14.844964 CST | [antmaze-large-play-v2] AverageReturn     0.8
2026-04-20 12:12:14.844988 CST | [antmaze-large-play-v2] NormReturn        0.8
2026-04-20 12:12:14.845014 CST | [antmaze-large-play-v2] L_Act            12.0336
2026-04-20 12:12:14.845037 CST | [antmaze-large-play-v2] L_Crit            0.4896
2026-04-20 12:12:14.845060 CST | [antmaze-large-play-v2] Weight            0.573143
2026-04-20 12:12:14.845083 CST | [antmaze-large-play-v2] kl                1
2026-04-20 12:12:14.845106 CST | [antmaze-large-play-v2] ---------------  ---------
2026-04-20 12:14:10.843462 CST | [antmaze-large-play-v2] ---------------  ---------
2026-04-20 12:14:10.843543 CST | [antmaze-large-play-v2] Training Epochs  56
2026-04-20 12:14:10.843586 CST | [antmaze-large-play-v2] AverageReturn     0.4
2026-04-20 12:14:10.843610 CST | [antmaze-large-play-v2] NormReturn        0.4
2026-04-20 12:14:10.843632 CST | [antmaze-large-play-v2] L_Act            12.0782
2026-04-20 12:14:10.843654 CST | [antmaze-large-play-v2] L_Crit            0.491276
2026-04-20 12:14:10.843677 CST | [antmaze-large-play-v2] Weight            0.574453
2026-04-20 12:14:10.843700 CST | [antmaze-large-play-v2] kl                1
2026-04-20 12:14:10.843721 CST | [antmaze-large-play-v2] ---------------  ---------
2026-04-20 12:16:05.691573 CST | [antmaze-large-play-v2] ---------------  ---------
2026-04-20 12:16:05.691639 CST | [antmaze-large-play-v2] Training Epochs  57
2026-04-20 12:16:05.691679 CST | [antmaze-large-play-v2] AverageReturn     0.4
2026-04-20 12:16:05.691705 CST | [antmaze-large-play-v2] NormReturn        0.4
2026-04-20 12:16:05.691729 CST | [antmaze-large-play-v2] L_Act            12.037
2026-04-20 12:16:05.691753 CST | [antmaze-large-play-v2] L_Crit            0.485892
2026-04-20 12:16:05.691776 CST | [antmaze-large-play-v2] Weight            0.575825
2026-04-20 12:16:05.691799 CST | [antmaze-large-play-v2] kl                1
2026-04-20 12:16:05.691822 CST | [antmaze-large-play-v2] ---------------  ---------
2026-04-20 12:18:01.973188 CST | [antmaze-large-play-v2] ---------------  ---------
2026-04-20 12:18:01.973278 CST | [antmaze-large-play-v2] Training Epochs  58
2026-04-20 12:18:01.973307 CST | [antmaze-large-play-v2] AverageReturn     0.3
2026-04-20 12:18:01.973332 CST | [antmaze-large-play-v2] NormReturn        0.3
2026-04-20 12:18:01.973356 CST | [antmaze-large-play-v2] L_Act            12.0945
2026-04-20 12:18:01.973379 CST | [antmaze-large-play-v2] L_Crit            0.490115
2026-04-20 12:18:01.973402 CST | [antmaze-large-play-v2] Weight            0.570953
2026-04-20 12:18:01.973425 CST | [antmaze-large-play-v2] kl                1
2026-04-20 12:18:01.973448 CST | [antmaze-large-play-v2] ---------------  ---------
2026-04-20 12:19:55.815710 CST | [antmaze-large-play-v2] ---------------  ---------
2026-04-20 12:19:55.815791 CST | [antmaze-large-play-v2] Training Epochs  59
2026-04-20 12:19:55.815824 CST | [antmaze-large-play-v2] AverageReturn     0.7
2026-04-20 12:19:55.815856 CST | [antmaze-large-play-v2] NormReturn        0.7
2026-04-20 12:19:55.815878 CST | [antmaze-large-play-v2] L_Act            12.2068
2026-04-20 12:19:55.815900 CST | [antmaze-large-play-v2] L_Crit            0.483223
2026-04-20 12:19:55.815923 CST | [antmaze-large-play-v2] Weight            0.569306
2026-04-20 12:19:55.815945 CST | [antmaze-large-play-v2] kl                1
2026-04-20 12:19:55.815967 CST | [antmaze-large-play-v2] ---------------  ---------
2026-04-20 12:21:50.469941 CST | [antmaze-large-play-v2] ---------------  ---------
2026-04-20 12:21:50.470020 CST | [antmaze-large-play-v2] Training Epochs  60
2026-04-20 12:21:50.470063 CST | [antmaze-large-play-v2] AverageReturn     0.4
2026-04-20 12:21:50.470086 CST | [antmaze-large-play-v2] NormReturn        0.4
2026-04-20 12:21:50.470109 CST | [antmaze-large-play-v2] L_Act            12.2188
2026-04-20 12:21:50.470131 CST | [antmaze-large-play-v2] L_Crit            0.473118
2026-04-20 12:21:50.470152 CST | [antmaze-large-play-v2] Weight            0.571266
2026-04-20 12:21:50.470174 CST | [antmaze-large-play-v2] kl                1
2026-04-20 12:21:50.470196 CST | [antmaze-large-play-v2] ---------------  ---------
2026-04-20 12:23:43.736368 CST | [antmaze-large-play-v2] ---------------  ---------
2026-04-20 12:23:43.736451 CST | [antmaze-large-play-v2] Training Epochs  61
2026-04-20 12:23:43.736495 CST | [antmaze-large-play-v2] AverageReturn     0.8
2026-04-20 12:23:43.736520 CST | [antmaze-large-play-v2] NormReturn        0.8
2026-04-20 12:23:43.736544 CST | [antmaze-large-play-v2] L_Act            12.2185
2026-04-20 12:23:43.736567 CST | [antmaze-large-play-v2] L_Crit            0.468382
2026-04-20 12:23:43.736589 CST | [antmaze-large-play-v2] Weight            0.57301
2026-04-20 12:23:43.736611 CST | [antmaze-large-play-v2] kl                1
2026-04-20 12:23:43.736637 CST | [antmaze-large-play-v2] ---------------  ---------
2026-04-20 12:25:36.107021 CST | [antmaze-large-play-v2] ---------------  ---------
2026-04-20 12:25:36.107110 CST | [antmaze-large-play-v2] Training Epochs  62
2026-04-20 12:25:36.107149 CST | [antmaze-large-play-v2] AverageReturn     0.8
2026-04-20 12:25:36.107172 CST | [antmaze-large-play-v2] NormReturn        0.8
2026-04-20 12:25:36.107194 CST | [antmaze-large-play-v2] L_Act            12.1941
2026-04-20 12:25:36.107216 CST | [antmaze-large-play-v2] L_Crit            0.477854
2026-04-20 12:25:36.107238 CST | [antmaze-large-play-v2] Weight            0.569603
2026-04-20 12:25:36.107260 CST | [antmaze-large-play-v2] kl                1
2026-04-20 12:25:36.107282 CST | [antmaze-large-play-v2] ---------------  ---------
2026-04-20 12:27:30.046094 CST | [antmaze-large-play-v2] ---------------  ---------
2026-04-20 12:27:30.046178 CST | [antmaze-large-play-v2] Training Epochs  63
2026-04-20 12:27:30.046206 CST | [antmaze-large-play-v2] AverageReturn     0.9
2026-04-20 12:27:30.046231 CST | [antmaze-large-play-v2] NormReturn        0.9
2026-04-20 12:27:30.046254 CST | [antmaze-large-play-v2] L_Act            12.256
2026-04-20 12:27:30.046277 CST | [antmaze-large-play-v2] L_Crit            0.474495
2026-04-20 12:27:30.046302 CST | [antmaze-large-play-v2] Weight            0.570315
2026-04-20 12:27:30.046325 CST | [antmaze-large-play-v2] kl                1
2026-04-20 12:27:30.046348 CST | [antmaze-large-play-v2] ---------------  ---------
2026-04-20 12:29:22.631909 CST | [antmaze-large-play-v2] ---------------  ---------
2026-04-20 12:29:22.631993 CST | [antmaze-large-play-v2] Training Epochs  64
2026-04-20 12:29:22.632021 CST | [antmaze-large-play-v2] AverageReturn     0.7
2026-04-20 12:29:22.632045 CST | [antmaze-large-play-v2] NormReturn        0.7
2026-04-20 12:29:22.632070 CST | [antmaze-large-play-v2] L_Act            12.1975
2026-04-20 12:29:22.632092 CST | [antmaze-large-play-v2] L_Crit            0.461985
2026-04-20 12:29:22.632115 CST | [antmaze-large-play-v2] Weight            0.570891
2026-04-20 12:29:22.632138 CST | [antmaze-large-play-v2] kl                1
2026-04-20 12:29:22.632161 CST | [antmaze-large-play-v2] ---------------  ---------
2026-04-20 12:31:18.031790 CST | [antmaze-large-play-v2] ---------------  ---------
2026-04-20 12:31:18.031856 CST | [antmaze-large-play-v2] Training Epochs  65
2026-04-20 12:31:18.031905 CST | [antmaze-large-play-v2] AverageReturn     0.4
2026-04-20 12:31:18.031929 CST | [antmaze-large-play-v2] NormReturn        0.4
2026-04-20 12:31:18.031951 CST | [antmaze-large-play-v2] L_Act            12.161
2026-04-20 12:31:18.031973 CST | [antmaze-large-play-v2] L_Crit            0.458991
2026-04-20 12:31:18.031995 CST | [antmaze-large-play-v2] Weight            0.571568
2026-04-20 12:31:18.032017 CST | [antmaze-large-play-v2] kl                1
2026-04-20 12:31:18.032039 CST | [antmaze-large-play-v2] ---------------  ---------
2026-04-20 12:33:12.682264 CST | [antmaze-large-play-v2] ---------------  ---------
2026-04-20 12:33:12.682375 CST | [antmaze-large-play-v2] Training Epochs  66
2026-04-20 12:33:12.682402 CST | [antmaze-large-play-v2] AverageReturn     0.6
2026-04-20 12:33:12.682426 CST | [antmaze-large-play-v2] NormReturn        0.6
2026-04-20 12:33:12.682448 CST | [antmaze-large-play-v2] L_Act            12.1717
2026-04-20 12:33:12.682470 CST | [antmaze-large-play-v2] L_Crit            0.463308
2026-04-20 12:33:12.682492 CST | [antmaze-large-play-v2] Weight            0.571346
2026-04-20 12:33:12.682514 CST | [antmaze-large-play-v2] kl                1
2026-04-20 12:33:12.682537 CST | [antmaze-large-play-v2] ---------------  ---------
2026-04-20 12:35:06.889920 CST | [antmaze-large-play-v2] ---------------  ---------
2026-04-20 12:35:06.889999 CST | [antmaze-large-play-v2] Training Epochs  67
2026-04-20 12:35:06.890025 CST | [antmaze-large-play-v2] AverageReturn     0.6
2026-04-20 12:35:06.890048 CST | [antmaze-large-play-v2] NormReturn        0.6
2026-04-20 12:35:06.890075 CST | [antmaze-large-play-v2] L_Act            12.1769
2026-04-20 12:35:06.890097 CST | [antmaze-large-play-v2] L_Crit            0.468574
2026-04-20 12:35:06.890120 CST | [antmaze-large-play-v2] Weight            0.570269
2026-04-20 12:35:06.890143 CST | [antmaze-large-play-v2] kl                1
2026-04-20 12:35:06.890166 CST | [antmaze-large-play-v2] ---------------  ---------
2026-04-20 12:37:01.094157 CST | [antmaze-large-play-v2] ---------------  ---------
2026-04-20 12:37:01.094240 CST | [antmaze-large-play-v2] Training Epochs  68
2026-04-20 12:37:01.094268 CST | [antmaze-large-play-v2] AverageReturn     0.8
2026-04-20 12:37:01.094293 CST | [antmaze-large-play-v2] NormReturn        0.8
2026-04-20 12:37:01.094317 CST | [antmaze-large-play-v2] L_Act            12.2122
2026-04-20 12:37:01.094340 CST | [antmaze-large-play-v2] L_Crit            0.464916
2026-04-20 12:37:01.094364 CST | [antmaze-large-play-v2] Weight            0.569129
2026-04-20 12:37:01.094388 CST | [antmaze-large-play-v2] kl                1
2026-04-20 12:37:01.094411 CST | [antmaze-large-play-v2] ---------------  ---------
2026-04-20 12:38:55.030511 CST | [antmaze-large-play-v2] ---------------  ---------
2026-04-20 12:38:55.030595 CST | [antmaze-large-play-v2] Training Epochs  69
2026-04-20 12:38:55.030646 CST | [antmaze-large-play-v2] AverageReturn     0.7
2026-04-20 12:38:55.030670 CST | [antmaze-large-play-v2] NormReturn        0.7
2026-04-20 12:38:55.030693 CST | [antmaze-large-play-v2] L_Act            12.2831
2026-04-20 12:38:55.030720 CST | [antmaze-large-play-v2] L_Crit            0.466388
2026-04-20 12:38:55.030742 CST | [antmaze-large-play-v2] Weight            0.568796
2026-04-20 12:38:55.030764 CST | [antmaze-large-play-v2] kl                1
2026-04-20 12:38:55.030785 CST | [antmaze-large-play-v2] ---------------  ---------
2026-04-20 12:40:49.795382 CST | [antmaze-large-play-v2] ---------------  ---------
2026-04-20 12:40:49.795467 CST | [antmaze-large-play-v2] Training Epochs  70
2026-04-20 12:40:49.795495 CST | [antmaze-large-play-v2] AverageReturn     0.5
2026-04-20 12:40:49.795521 CST | [antmaze-large-play-v2] NormReturn        0.5
2026-04-20 12:40:49.795546 CST | [antmaze-large-play-v2] L_Act            12.301
2026-04-20 12:40:49.795570 CST | [antmaze-large-play-v2] L_Crit            0.461324
2026-04-20 12:40:49.795593 CST | [antmaze-large-play-v2] Weight            0.571803
2026-04-20 12:40:49.795617 CST | [antmaze-large-play-v2] kl                1
2026-04-20 12:40:49.795639 CST | [antmaze-large-play-v2] ---------------  ---------
2026-04-20 12:42:43.995026 CST | [antmaze-large-play-v2] ---------------  ---------
2026-04-20 12:42:43.995108 CST | [antmaze-large-play-v2] Training Epochs  71
2026-04-20 12:42:43.995136 CST | [antmaze-large-play-v2] AverageReturn     0.6
2026-04-20 12:42:43.995160 CST | [antmaze-large-play-v2] NormReturn        0.6
2026-04-20 12:42:43.995183 CST | [antmaze-large-play-v2] L_Act            12.2527
2026-04-20 12:42:43.995207 CST | [antmaze-large-play-v2] L_Crit            0.449771
2026-04-20 12:42:43.995230 CST | [antmaze-large-play-v2] Weight            0.572805
2026-04-20 12:42:43.995253 CST | [antmaze-large-play-v2] kl                1
2026-04-20 12:42:43.995276 CST | [antmaze-large-play-v2] ---------------  ---------
2026-04-20 12:44:37.200402 CST | [antmaze-large-play-v2] ---------------  ---------
2026-04-20 12:44:37.200472 CST | [antmaze-large-play-v2] Training Epochs  72
2026-04-20 12:44:37.200499 CST | [antmaze-large-play-v2] AverageReturn     0.8
2026-04-20 12:44:37.200525 CST | [antmaze-large-play-v2] NormReturn        0.8
2026-04-20 12:44:37.200549 CST | [antmaze-large-play-v2] L_Act            12.1519
2026-04-20 12:44:37.200573 CST | [antmaze-large-play-v2] L_Crit            0.447068
2026-04-20 12:44:37.200596 CST | [antmaze-large-play-v2] Weight            0.574229
2026-04-20 12:44:37.200619 CST | [antmaze-large-play-v2] kl                1
2026-04-20 12:44:37.200643 CST | [antmaze-large-play-v2] ---------------  ---------
2026-04-20 12:46:30.405339 CST | [antmaze-large-play-v2] ---------------  ---------
2026-04-20 12:46:30.405429 CST | [antmaze-large-play-v2] Training Epochs  73
2026-04-20 12:46:30.405458 CST | [antmaze-large-play-v2] AverageReturn     0.8
2026-04-20 12:46:30.405489 CST | [antmaze-large-play-v2] NormReturn        0.8
2026-04-20 12:46:30.405513 CST | [antmaze-large-play-v2] L_Act            12.1924
2026-04-20 12:46:30.405536 CST | [antmaze-large-play-v2] L_Crit            0.454311
2026-04-20 12:46:30.405559 CST | [antmaze-large-play-v2] Weight            0.569928
2026-04-20 12:46:30.405583 CST | [antmaze-large-play-v2] kl                1
2026-04-20 12:46:30.405607 CST | [antmaze-large-play-v2] ---------------  ---------
2026-04-20 12:48:24.926088 CST | [antmaze-large-play-v2] ---------------  ---------
2026-04-20 12:48:24.926167 CST | [antmaze-large-play-v2] Training Epochs  74
2026-04-20 12:48:24.926194 CST | [antmaze-large-play-v2] AverageReturn     0.7
2026-04-20 12:48:24.926218 CST | [antmaze-large-play-v2] NormReturn        0.7
2026-04-20 12:48:24.926241 CST | [antmaze-large-play-v2] L_Act            12.2361
2026-04-20 12:48:24.926265 CST | [antmaze-large-play-v2] L_Crit            0.449065
2026-04-20 12:48:24.926288 CST | [antmaze-large-play-v2] Weight            0.569829
2026-04-20 12:48:24.926310 CST | [antmaze-large-play-v2] kl                1
2026-04-20 12:48:24.926334 CST | [antmaze-large-play-v2] ---------------  ---------
2026-04-20 12:50:18.896301 CST | [antmaze-large-play-v2] ---------------  ---------
2026-04-20 12:50:18.896406 CST | [antmaze-large-play-v2] Training Epochs  75
2026-04-20 12:50:18.896433 CST | [antmaze-large-play-v2] AverageReturn     0.6
2026-04-20 12:50:18.896457 CST | [antmaze-large-play-v2] NormReturn        0.6
2026-04-20 12:50:18.896481 CST | [antmaze-large-play-v2] L_Act            12.2494
2026-04-20 12:50:18.896505 CST | [antmaze-large-play-v2] L_Crit            0.452142
2026-04-20 12:50:18.896527 CST | [antmaze-large-play-v2] Weight            0.571161
2026-04-20 12:50:18.896550 CST | [antmaze-large-play-v2] kl                1
2026-04-20 12:50:18.896573 CST | [antmaze-large-play-v2] ---------------  ---------
2026-04-20 12:52:12.094090 CST | [antmaze-large-play-v2] ---------------  ---------
2026-04-20 12:52:12.094173 CST | [antmaze-large-play-v2] Training Epochs  76
2026-04-20 12:52:12.094202 CST | [antmaze-large-play-v2] AverageReturn     0.6
2026-04-20 12:52:12.094227 CST | [antmaze-large-play-v2] NormReturn        0.6
2026-04-20 12:52:12.094250 CST | [antmaze-large-play-v2] L_Act            12.2235
2026-04-20 12:52:12.094273 CST | [antmaze-large-play-v2] L_Crit            0.443117
2026-04-20 12:52:12.094296 CST | [antmaze-large-play-v2] Weight            0.570963
2026-04-20 12:52:12.094319 CST | [antmaze-large-play-v2] kl                1
2026-04-20 12:52:12.094342 CST | [antmaze-large-play-v2] ---------------  ---------
2026-04-20 12:54:07.028039 CST | [antmaze-large-play-v2] ---------------  ---------
2026-04-20 12:54:07.028129 CST | [antmaze-large-play-v2] Training Epochs  77
2026-04-20 12:54:07.028157 CST | [antmaze-large-play-v2] AverageReturn     0.6
2026-04-20 12:54:07.028184 CST | [antmaze-large-play-v2] NormReturn        0.6
2026-04-20 12:54:07.028209 CST | [antmaze-large-play-v2] L_Act            12.1967
2026-04-20 12:54:07.028232 CST | [antmaze-large-play-v2] L_Crit            0.443621
2026-04-20 12:54:07.028255 CST | [antmaze-large-play-v2] Weight            0.570514
2026-04-20 12:54:07.028278 CST | [antmaze-large-play-v2] kl                1
2026-04-20 12:54:07.028302 CST | [antmaze-large-play-v2] ---------------  ---------
2026-04-20 12:56:00.253025 CST | [antmaze-large-play-v2] ---------------  ---------
2026-04-20 12:56:00.253109 CST | [antmaze-large-play-v2] Training Epochs  78
2026-04-20 12:56:00.253149 CST | [antmaze-large-play-v2] AverageReturn     0.9
2026-04-20 12:56:00.253175 CST | [antmaze-large-play-v2] NormReturn        0.9
2026-04-20 12:56:00.253199 CST | [antmaze-large-play-v2] L_Act            12.2151
2026-04-20 12:56:00.253223 CST | [antmaze-large-play-v2] L_Crit            0.444965
2026-04-20 12:56:00.253251 CST | [antmaze-large-play-v2] Weight            0.570026
2026-04-20 12:56:00.253274 CST | [antmaze-large-play-v2] kl                1
2026-04-20 12:56:00.253297 CST | [antmaze-large-play-v2] ---------------  ---------
2026-04-20 12:57:52.778012 CST | [antmaze-large-play-v2] ---------------  ---------
2026-04-20 12:57:52.778077 CST | [antmaze-large-play-v2] Training Epochs  79
2026-04-20 12:57:52.778125 CST | [antmaze-large-play-v2] AverageReturn     0.8
2026-04-20 12:57:52.778149 CST | [antmaze-large-play-v2] NormReturn        0.8
2026-04-20 12:57:52.778173 CST | [antmaze-large-play-v2] L_Act            12.2517
2026-04-20 12:57:52.778196 CST | [antmaze-large-play-v2] L_Crit            0.44147
2026-04-20 12:57:52.778219 CST | [antmaze-large-play-v2] Weight            0.568808
2026-04-20 12:57:52.778253 CST | [antmaze-large-play-v2] kl                1
2026-04-20 12:57:52.778276 CST | [antmaze-large-play-v2] ---------------  ---------
2026-04-20 12:59:46.637688 CST | [antmaze-large-play-v2] ---------------  ---------
2026-04-20 12:59:46.637808 CST | [antmaze-large-play-v2] Training Epochs  80
2026-04-20 12:59:46.637836 CST | [antmaze-large-play-v2] AverageReturn     0.6
2026-04-20 12:59:46.637860 CST | [antmaze-large-play-v2] NormReturn        0.6
2026-04-20 12:59:46.637883 CST | [antmaze-large-play-v2] L_Act            12.2628
2026-04-20 12:59:46.637906 CST | [antmaze-large-play-v2] L_Crit            0.440067
2026-04-20 12:59:46.637928 CST | [antmaze-large-play-v2] Weight            0.569273
2026-04-20 12:59:46.637951 CST | [antmaze-large-play-v2] kl                1
2026-04-20 12:59:46.637973 CST | [antmaze-large-play-v2] ---------------  ---------
2026-04-20 13:01:40.824593 CST | [antmaze-large-play-v2] ---------------  ---------
2026-04-20 13:01:40.824676 CST | [antmaze-large-play-v2] Training Epochs  81
2026-04-20 13:01:40.824713 CST | [antmaze-large-play-v2] AverageReturn     0.6
2026-04-20 13:01:40.824738 CST | [antmaze-large-play-v2] NormReturn        0.6
2026-04-20 13:01:40.824766 CST | [antmaze-large-play-v2] L_Act            12.2774
2026-04-20 13:01:40.824789 CST | [antmaze-large-play-v2] L_Crit            0.437812
2026-04-20 13:01:40.824815 CST | [antmaze-large-play-v2] Weight            0.569662
2026-04-20 13:01:40.824838 CST | [antmaze-large-play-v2] kl                1
2026-04-20 13:01:40.824862 CST | [antmaze-large-play-v2] ---------------  ---------
2026-04-20 13:03:34.511906 CST | [antmaze-large-play-v2] ---------------  ---------
2026-04-20 13:03:34.511988 CST | [antmaze-large-play-v2] Training Epochs  82
2026-04-20 13:03:34.512035 CST | [antmaze-large-play-v2] AverageReturn     0.6
2026-04-20 13:03:34.512060 CST | [antmaze-large-play-v2] NormReturn        0.6
2026-04-20 13:03:34.512084 CST | [antmaze-large-play-v2] L_Act            12.1665
2026-04-20 13:03:34.512107 CST | [antmaze-large-play-v2] L_Crit            0.428598
2026-04-20 13:03:34.512135 CST | [antmaze-large-play-v2] Weight            0.571563
2026-04-20 13:03:34.512159 CST | [antmaze-large-play-v2] kl                1
2026-04-20 13:03:34.512181 CST | [antmaze-large-play-v2] ---------------  ---------
2026-04-20 13:05:28.917450 CST | [antmaze-large-play-v2] ---------------  ---------
2026-04-20 13:05:28.917528 CST | [antmaze-large-play-v2] Training Epochs  83
2026-04-20 13:05:28.917554 CST | [antmaze-large-play-v2] AverageReturn     0.7
2026-04-20 13:05:28.917579 CST | [antmaze-large-play-v2] NormReturn        0.7
2026-04-20 13:05:28.917603 CST | [antmaze-large-play-v2] L_Act            12.1058
2026-04-20 13:05:28.917626 CST | [antmaze-large-play-v2] L_Crit            0.432916
2026-04-20 13:05:28.917650 CST | [antmaze-large-play-v2] Weight            0.57261
2026-04-20 13:05:28.917672 CST | [antmaze-large-play-v2] kl                1
2026-04-20 13:05:28.917694 CST | [antmaze-large-play-v2] ---------------  ---------
2026-04-20 13:07:21.802623 CST | [antmaze-large-play-v2] ---------------  ---------
2026-04-20 13:07:21.802703 CST | [antmaze-large-play-v2] Training Epochs  84
2026-04-20 13:07:21.802731 CST | [antmaze-large-play-v2] AverageReturn     0.8
2026-04-20 13:07:21.802760 CST | [antmaze-large-play-v2] NormReturn        0.8
2026-04-20 13:07:21.802784 CST | [antmaze-large-play-v2] L_Act            12.1387
2026-04-20 13:07:21.802808 CST | [antmaze-large-play-v2] L_Crit            0.424348
2026-04-20 13:07:21.802831 CST | [antmaze-large-play-v2] Weight            0.57015
2026-04-20 13:07:21.802854 CST | [antmaze-large-play-v2] kl                1
2026-04-20 13:07:21.802878 CST | [antmaze-large-play-v2] ---------------  ---------
2026-04-20 13:09:15.200087 CST | [antmaze-large-play-v2] ---------------  ---------
2026-04-20 13:09:15.200184 CST | [antmaze-large-play-v2] Training Epochs  85
2026-04-20 13:09:15.200212 CST | [antmaze-large-play-v2] AverageReturn     0.8
2026-04-20 13:09:15.200239 CST | [antmaze-large-play-v2] NormReturn        0.8
2026-04-20 13:09:15.200266 CST | [antmaze-large-play-v2] L_Act            12.1706
2026-04-20 13:09:15.200290 CST | [antmaze-large-play-v2] L_Crit            0.429905
2026-04-20 13:09:15.200314 CST | [antmaze-large-play-v2] Weight            0.57289
2026-04-20 13:09:15.200337 CST | [antmaze-large-play-v2] kl                1
2026-04-20 13:09:15.200361 CST | [antmaze-large-play-v2] ---------------  ---------
2026-04-20 13:11:09.782146 CST | [antmaze-large-play-v2] ---------------  ---------
2026-04-20 13:11:09.782232 CST | [antmaze-large-play-v2] Training Epochs  86
2026-04-20 13:11:09.782260 CST | [antmaze-large-play-v2] AverageReturn     0.7
2026-04-20 13:11:09.782284 CST | [antmaze-large-play-v2] NormReturn        0.7
2026-04-20 13:11:09.782307 CST | [antmaze-large-play-v2] L_Act            12.2594
2026-04-20 13:11:09.782331 CST | [antmaze-large-play-v2] L_Crit            0.43262
2026-04-20 13:11:09.782353 CST | [antmaze-large-play-v2] Weight            0.568552
2026-04-20 13:11:09.782377 CST | [antmaze-large-play-v2] kl                1
2026-04-20 13:11:09.782400 CST | [antmaze-large-play-v2] ---------------  ---------
2026-04-20 13:13:03.615708 CST | [antmaze-large-play-v2] ---------------  ---------
2026-04-20 13:13:03.615774 CST | [antmaze-large-play-v2] Training Epochs  87
2026-04-20 13:13:03.615803 CST | [antmaze-large-play-v2] AverageReturn     0.7
2026-04-20 13:13:03.615838 CST | [antmaze-large-play-v2] NormReturn        0.7
2026-04-20 13:13:03.615862 CST | [antmaze-large-play-v2] L_Act            12.4162
2026-04-20 13:13:03.615886 CST | [antmaze-large-play-v2] L_Crit            0.436939
2026-04-20 13:13:03.615909 CST | [antmaze-large-play-v2] Weight            0.565623
2026-04-20 13:13:03.615938 CST | [antmaze-large-play-v2] kl                1
2026-04-20 13:13:03.615961 CST | [antmaze-large-play-v2] ---------------  ---------
2026-04-20 13:14:57.735582 CST | [antmaze-large-play-v2] ---------------  ---------
2026-04-20 13:14:57.735666 CST | [antmaze-large-play-v2] Training Epochs  88
2026-04-20 13:14:57.735693 CST | [antmaze-large-play-v2] AverageReturn     0.8
2026-04-20 13:14:57.735718 CST | [antmaze-large-play-v2] NormReturn        0.8
2026-04-20 13:14:57.735741 CST | [antmaze-large-play-v2] L_Act            12.5344
2026-04-20 13:14:57.735765 CST | [antmaze-large-play-v2] L_Crit            0.436703
2026-04-20 13:14:57.735788 CST | [antmaze-large-play-v2] Weight            0.565758
2026-04-20 13:14:57.735812 CST | [antmaze-large-play-v2] kl                1
2026-04-20 13:14:57.735835 CST | [antmaze-large-play-v2] ---------------  ---------
2026-04-20 13:16:51.694513 CST | [antmaze-large-play-v2] ---------------  ---------
2026-04-20 13:16:51.694592 CST | [antmaze-large-play-v2] Training Epochs  89
2026-04-20 13:16:51.694618 CST | [antmaze-large-play-v2] AverageReturn     0.7
2026-04-20 13:16:51.694642 CST | [antmaze-large-play-v2] NormReturn        0.7
2026-04-20 13:16:51.694665 CST | [antmaze-large-play-v2] L_Act            12.5142
2026-04-20 13:16:51.694688 CST | [antmaze-large-play-v2] L_Crit            0.430877
2026-04-20 13:16:51.694711 CST | [antmaze-large-play-v2] Weight            0.56727
2026-04-20 13:16:51.694735 CST | [antmaze-large-play-v2] kl                1
2026-04-20 13:16:51.694761 CST | [antmaze-large-play-v2] ---------------  ---------
2026-04-20 13:18:45.407184 CST | [antmaze-large-play-v2] ---------------  ---------
2026-04-20 13:18:45.407264 CST | [antmaze-large-play-v2] Training Epochs  90
2026-04-20 13:18:45.407291 CST | [antmaze-large-play-v2] AverageReturn     0.7
2026-04-20 13:18:45.407314 CST | [antmaze-large-play-v2] NormReturn        0.7
2026-04-20 13:18:45.407336 CST | [antmaze-large-play-v2] L_Act            12.4872
2026-04-20 13:18:45.407359 CST | [antmaze-large-play-v2] L_Crit            0.430628
2026-04-20 13:18:45.407382 CST | [antmaze-large-play-v2] Weight            0.567377
2026-04-20 13:18:45.407404 CST | [antmaze-large-play-v2] kl                1
2026-04-20 13:18:45.407426 CST | [antmaze-large-play-v2] ---------------  ---------
2026-04-20 13:20:39.264740 CST | [antmaze-large-play-v2] ---------------  ---------
2026-04-20 13:20:39.264864 CST | [antmaze-large-play-v2] Training Epochs  91
2026-04-20 13:20:39.264892 CST | [antmaze-large-play-v2] AverageReturn     0.7
2026-04-20 13:20:39.264917 CST | [antmaze-large-play-v2] NormReturn        0.7
2026-04-20 13:20:39.264941 CST | [antmaze-large-play-v2] L_Act            12.5401
2026-04-20 13:20:39.264966 CST | [antmaze-large-play-v2] L_Crit            0.426793
2026-04-20 13:20:39.264990 CST | [antmaze-large-play-v2] Weight            0.566774
2026-04-20 13:20:39.265013 CST | [antmaze-large-play-v2] kl                1
2026-04-20 13:20:39.265036 CST | [antmaze-large-play-v2] ---------------  ---------
2026-04-20 13:22:34.476618 CST | [antmaze-large-play-v2] ---------------  ---------
2026-04-20 13:22:34.476703 CST | [antmaze-large-play-v2] Training Epochs  92
2026-04-20 13:22:34.476742 CST | [antmaze-large-play-v2] AverageReturn     0.4
2026-04-20 13:22:34.476770 CST | [antmaze-large-play-v2] NormReturn        0.4
2026-04-20 13:22:34.476793 CST | [antmaze-large-play-v2] L_Act            12.5502
2026-04-20 13:22:34.476816 CST | [antmaze-large-play-v2] L_Crit            0.4291
2026-04-20 13:22:34.476840 CST | [antmaze-large-play-v2] Weight            0.565307
2026-04-20 13:22:34.476863 CST | [antmaze-large-play-v2] kl                1
2026-04-20 13:22:34.476886 CST | [antmaze-large-play-v2] ---------------  ---------
2026-04-20 13:24:29.328288 CST | [antmaze-large-play-v2] ---------------  ---------
2026-04-20 13:24:29.328370 CST | [antmaze-large-play-v2] Training Epochs  93
2026-04-20 13:24:29.328415 CST | [antmaze-large-play-v2] AverageReturn     0.8
2026-04-20 13:24:29.328439 CST | [antmaze-large-play-v2] NormReturn        0.8
2026-04-20 13:24:29.328462 CST | [antmaze-large-play-v2] L_Act            12.5367
2026-04-20 13:24:29.328485 CST | [antmaze-large-play-v2] L_Crit            0.427893
2026-04-20 13:24:29.328518 CST | [antmaze-large-play-v2] Weight            0.565486
2026-04-20 13:24:29.328541 CST | [antmaze-large-play-v2] kl                1
2026-04-20 13:24:29.328564 CST | [antmaze-large-play-v2] ---------------  ---------
2026-04-20 13:26:24.113363 CST | [antmaze-large-play-v2] ---------------  ---------
2026-04-20 13:26:24.113428 CST | [antmaze-large-play-v2] Training Epochs  94
2026-04-20 13:26:24.113468 CST | [antmaze-large-play-v2] AverageReturn     0.6
2026-04-20 13:26:24.113494 CST | [antmaze-large-play-v2] NormReturn        0.6
2026-04-20 13:26:24.113518 CST | [antmaze-large-play-v2] L_Act            12.4904
2026-04-20 13:26:24.113542 CST | [antmaze-large-play-v2] L_Crit            0.424801
2026-04-20 13:26:24.113565 CST | [antmaze-large-play-v2] Weight            0.564685
2026-04-20 13:26:24.113588 CST | [antmaze-large-play-v2] kl                1
2026-04-20 13:26:24.113611 CST | [antmaze-large-play-v2] ---------------  ---------
2026-04-20 13:28:18.947653 CST | [antmaze-large-play-v2] ---------------  ---------
2026-04-20 13:28:18.947738 CST | [antmaze-large-play-v2] Training Epochs  95
2026-04-20 13:28:18.947773 CST | [antmaze-large-play-v2] AverageReturn     0.6
2026-04-20 13:28:18.947798 CST | [antmaze-large-play-v2] NormReturn        0.6
2026-04-20 13:28:18.947825 CST | [antmaze-large-play-v2] L_Act            12.4044
2026-04-20 13:28:18.947851 CST | [antmaze-large-play-v2] L_Crit            0.41477
2026-04-20 13:28:18.947875 CST | [antmaze-large-play-v2] Weight            0.569172
2026-04-20 13:28:18.947899 CST | [antmaze-large-play-v2] kl                1
2026-04-20 13:28:18.947923 CST | [antmaze-large-play-v2] ---------------  ---------
2026-04-20 13:30:11.672170 CST | [antmaze-large-play-v2] ---------------  ---------
2026-04-20 13:30:11.672252 CST | [antmaze-large-play-v2] Training Epochs  96
2026-04-20 13:30:11.672286 CST | [antmaze-large-play-v2] AverageReturn     0.8
2026-04-20 13:30:11.672311 CST | [antmaze-large-play-v2] NormReturn        0.8
2026-04-20 13:30:11.672334 CST | [antmaze-large-play-v2] L_Act            12.3104
2026-04-20 13:30:11.672357 CST | [antmaze-large-play-v2] L_Crit            0.413999
2026-04-20 13:30:11.672380 CST | [antmaze-large-play-v2] Weight            0.570231
2026-04-20 13:30:11.672403 CST | [antmaze-large-play-v2] kl                1
2026-04-20 13:30:11.672427 CST | [antmaze-large-play-v2] ---------------  ---------
2026-04-20 13:32:03.084033 CST | [antmaze-large-play-v2] ---------------  ---------
2026-04-20 13:32:03.084110 CST | [antmaze-large-play-v2] Training Epochs  97
2026-04-20 13:32:03.084137 CST | [antmaze-large-play-v2] AverageReturn     1
2026-04-20 13:32:03.084161 CST | [antmaze-large-play-v2] NormReturn        1
2026-04-20 13:32:03.084185 CST | [antmaze-large-play-v2] L_Act            12.256
2026-04-20 13:32:03.084208 CST | [antmaze-large-play-v2] L_Crit            0.415242
2026-04-20 13:32:03.084232 CST | [antmaze-large-play-v2] Weight            0.571068
2026-04-20 13:32:03.084254 CST | [antmaze-large-play-v2] kl                1
2026-04-20 13:32:03.084276 CST | [antmaze-large-play-v2] ---------------  ---------
2026-04-20 13:33:56.289336 CST | [antmaze-large-play-v2] ---------------  ---------
2026-04-20 13:33:56.289416 CST | [antmaze-large-play-v2] Training Epochs  98
2026-04-20 13:33:56.289457 CST | [antmaze-large-play-v2] AverageReturn     0.6
2026-04-20 13:33:56.289482 CST | [antmaze-large-play-v2] NormReturn        0.6
2026-04-20 13:33:56.289505 CST | [antmaze-large-play-v2] L_Act            12.25
2026-04-20 13:33:56.289527 CST | [antmaze-large-play-v2] L_Crit            0.414213
2026-04-20 13:33:56.289549 CST | [antmaze-large-play-v2] Weight            0.569709
2026-04-20 13:33:56.289571 CST | [antmaze-large-play-v2] kl                1
2026-04-20 13:33:56.289594 CST | [antmaze-large-play-v2] ---------------  ---------
2026-04-20 13:35:50.095465 CST | [antmaze-large-play-v2] ---------------  ---------
2026-04-20 13:35:50.095545 CST | [antmaze-large-play-v2] Training Epochs  99
2026-04-20 13:35:50.095573 CST | [antmaze-large-play-v2] AverageReturn     0.7
2026-04-20 13:35:50.095598 CST | [antmaze-large-play-v2] NormReturn        0.7
2026-04-20 13:35:50.095621 CST | [antmaze-large-play-v2] L_Act            12.2789
2026-04-20 13:35:50.095644 CST | [antmaze-large-play-v2] L_Crit            0.412982
2026-04-20 13:35:50.095668 CST | [antmaze-large-play-v2] Weight            0.570757
2026-04-20 13:35:50.095691 CST | [antmaze-large-play-v2] kl                1
2026-04-20 13:35:50.095714 CST | [antmaze-large-play-v2] ---------------  ---------
