2026-06-22 11:03:36.537736 CST | [franka_vision] -----------------------  -------------
2026-06-22 11:03:36.537804 CST | [franka_vision] Training Epochs            0
2026-06-22 11:03:36.537834 CST | [franka_vision] L_Act                      3.57341
2026-06-22 11:03:36.537859 CST | [franka_vision] L_Crit                   131.653
2026-06-22 11:03:36.537883 CST | [franka_vision] L_Recon                    0.0941984
2026-06-22 11:03:36.537907 CST | [franka_vision] L_KL                       4.00678
2026-06-22 11:03:36.537931 CST | [franka_vision] Val_Recon                  0.117103
2026-06-22 11:03:36.537955 CST | [franka_vision] Val_Recon_Sum              0.936821
2026-06-22 11:03:36.537979 CST | [franka_vision] Val_Raw_Recon              6.14617e-07
2026-06-22 11:03:36.538003 CST | [franka_vision] Val_Raw_Recon_Sum          4.91693e-06
2026-06-22 11:03:36.538027 CST | [franka_vision] Val_Raw_Recon_Dim0_MSE     1.06482e-06
2026-06-22 11:03:36.538051 CST | [franka_vision] Val_Raw_Recon_Dim1_MSE     1.56899e-06
2026-06-22 11:03:36.538075 CST | [franka_vision] Val_Raw_Recon_Dim2_MSE     8.11215e-07
2026-06-22 11:03:36.538099 CST | [franka_vision] Val_Raw_Recon_Dim3_MSE     3.42144e-07
2026-06-22 11:03:36.538123 CST | [franka_vision] Val_Raw_Recon_Dim4_MSE     9.59365e-08
2026-06-22 11:03:36.538147 CST | [franka_vision] Val_Raw_Recon_Dim5_MSE     7.69106e-07
2026-06-22 11:03:36.538171 CST | [franka_vision] Val_Raw_Recon_Dim6_MSE     1.20558e-08
2026-06-22 11:03:36.538195 CST | [franka_vision] Val_Raw_Recon_Dim7_MSE     2.52667e-07
2026-06-22 11:03:36.538218 CST | [franka_vision] Val_Raw_Recon_Dim0_RMSE    0.0010319
2026-06-22 11:03:36.538243 CST | [franka_vision] Val_Raw_Recon_Dim1_RMSE    0.00125259
2026-06-22 11:03:36.538267 CST | [franka_vision] Val_Raw_Recon_Dim2_RMSE    0.000900675
2026-06-22 11:03:36.538291 CST | [franka_vision] Val_Raw_Recon_Dim3_RMSE    0.000584931
2026-06-22 11:03:36.538314 CST | [franka_vision] Val_Raw_Recon_Dim4_RMSE    0.000309736
2026-06-22 11:03:36.538338 CST | [franka_vision] Val_Raw_Recon_Dim5_RMSE    0.000876987
2026-06-22 11:03:36.538362 CST | [franka_vision] Val_Raw_Recon_Dim6_RMSE    0.000109799
2026-06-22 11:03:36.538387 CST | [franka_vision] Val_Raw_Recon_Dim7_RMSE    0.000502659
2026-06-22 11:03:36.538416 CST | [franka_vision] Val_KL                     8.04786
2026-06-22 11:03:36.538443 CST | [franka_vision] Val_Plot_Recon             0.109112
2026-06-22 11:03:36.538467 CST | [franka_vision] Val_Plot_Raw_Recon         5.81013e-07
2026-06-22 11:03:36.538491 CST | [franka_vision] Val_Plot_KL                8.00639
2026-06-22 11:03:36.538515 CST | [franka_vision] Weight                     0.5
2026-06-22 11:03:36.538539 CST | [franka_vision] kl                         1
2026-06-22 11:03:36.538563 CST | [franka_vision] -----------------------  -------------
2026-06-22 11:21:19.700466 CST | [franka_vision] -----------------------  -------------
2026-06-22 11:21:19.700539 CST | [franka_vision] Training Epochs            1
2026-06-22 11:21:19.700569 CST | [franka_vision] L_Act                      7.58607
2026-06-22 11:21:19.700595 CST | [franka_vision] L_Crit                   129.724
2026-06-22 11:21:19.700620 CST | [franka_vision] L_Recon                    0.0334217
2026-06-22 11:21:19.700644 CST | [franka_vision] L_KL                       4.00363
2026-06-22 11:21:19.700669 CST | [franka_vision] Val_Recon                  0.147717
2026-06-22 11:21:19.700694 CST | [franka_vision] Val_Recon_Sum              1.18173
2026-06-22 11:21:19.700719 CST | [franka_vision] Val_Raw_Recon              7.25206e-07
2026-06-22 11:21:19.700743 CST | [franka_vision] Val_Raw_Recon_Sum          5.80164e-06
2026-06-22 11:21:19.700768 CST | [franka_vision] Val_Raw_Recon_Dim0_MSE     1.23867e-06
2026-06-22 11:21:19.700793 CST | [franka_vision] Val_Raw_Recon_Dim1_MSE     1.42359e-06
2026-06-22 11:21:19.700817 CST | [franka_vision] Val_Raw_Recon_Dim2_MSE     1.37002e-06
2026-06-22 11:21:19.700842 CST | [franka_vision] Val_Raw_Recon_Dim3_MSE     5.6031e-07
2026-06-22 11:21:19.700866 CST | [franka_vision] Val_Raw_Recon_Dim4_MSE     1.11873e-07
2026-06-22 11:21:19.700895 CST | [franka_vision] Val_Raw_Recon_Dim5_MSE     8.03606e-07
2026-06-22 11:21:19.700920 CST | [franka_vision] Val_Raw_Recon_Dim6_MSE     1.43726e-08
2026-06-22 11:21:19.700944 CST | [franka_vision] Val_Raw_Recon_Dim7_MSE     2.79205e-07
2026-06-22 11:21:19.700969 CST | [franka_vision] Val_Raw_Recon_Dim0_RMSE    0.00111296
2026-06-22 11:21:19.700994 CST | [franka_vision] Val_Raw_Recon_Dim1_RMSE    0.00119314
2026-06-22 11:21:19.701018 CST | [franka_vision] Val_Raw_Recon_Dim2_RMSE    0.00117048
2026-06-22 11:21:19.701043 CST | [franka_vision] Val_Raw_Recon_Dim3_RMSE    0.000748538
2026-06-22 11:21:19.701067 CST | [franka_vision] Val_Raw_Recon_Dim4_RMSE    0.000334474
2026-06-22 11:21:19.701092 CST | [franka_vision] Val_Raw_Recon_Dim5_RMSE    0.000896441
2026-06-22 11:21:19.701117 CST | [franka_vision] Val_Raw_Recon_Dim6_RMSE    0.000119886
2026-06-22 11:21:19.701141 CST | [franka_vision] Val_Raw_Recon_Dim7_RMSE    0.000528399
2026-06-22 11:21:19.701166 CST | [franka_vision] Val_KL                     8.02233
2026-06-22 11:21:19.701191 CST | [franka_vision] Val_Plot_Recon             0.163311
2026-06-22 11:21:19.701216 CST | [franka_vision] Val_Plot_Raw_Recon         7.50394e-07
2026-06-22 11:21:19.701240 CST | [franka_vision] Val_Plot_KL                8.01636
2026-06-22 11:21:19.701265 CST | [franka_vision] Weight                     0.5
2026-06-22 11:21:19.701290 CST | [franka_vision] kl                         1
2026-06-22 11:21:19.701314 CST | [franka_vision] -----------------------  -------------
2026-06-22 11:38:45.958283 CST | [franka_vision] -----------------------  -------------
2026-06-22 11:38:45.958365 CST | [franka_vision] Training Epochs            2
2026-06-22 11:38:45.958393 CST | [franka_vision] L_Act                      9.46441
2026-06-22 11:38:45.958419 CST | [franka_vision] L_Crit                   106.539
2026-06-22 11:38:45.958443 CST | [franka_vision] L_Recon                    0.0240955
2026-06-22 11:38:45.958467 CST | [franka_vision] L_KL                       4.00321
2026-06-22 11:38:45.958491 CST | [franka_vision] Val_Recon                  0.117032
2026-06-22 11:38:45.958515 CST | [franka_vision] Val_Recon_Sum              0.936255
2026-06-22 11:38:45.958539 CST | [franka_vision] Val_Raw_Recon              5.81242e-07
2026-06-22 11:38:45.958563 CST | [franka_vision] Val_Raw_Recon_Sum          4.64994e-06
2026-06-22 11:38:45.958588 CST | [franka_vision] Val_Raw_Recon_Dim0_MSE     1.1772e-06
2026-06-22 11:38:45.958612 CST | [franka_vision] Val_Raw_Recon_Dim1_MSE     1.21321e-06
2026-06-22 11:38:45.958636 CST | [franka_vision] Val_Raw_Recon_Dim2_MSE     8.30418e-07
2026-06-22 11:38:45.958660 CST | [franka_vision] Val_Raw_Recon_Dim3_MSE     4.61774e-07
2026-06-22 11:38:45.958684 CST | [franka_vision] Val_Raw_Recon_Dim4_MSE     8.27303e-08
2026-06-22 11:38:45.958708 CST | [franka_vision] Val_Raw_Recon_Dim5_MSE     7.87689e-07
2026-06-22 11:38:45.958732 CST | [franka_vision] Val_Raw_Recon_Dim6_MSE     1.08769e-08
2026-06-22 11:38:45.958756 CST | [franka_vision] Val_Raw_Recon_Dim7_MSE     8.60303e-08
2026-06-22 11:38:45.958781 CST | [franka_vision] Val_Raw_Recon_Dim0_RMSE    0.00108499
2026-06-22 11:38:45.958805 CST | [franka_vision] Val_Raw_Recon_Dim1_RMSE    0.00110146
2026-06-22 11:38:45.958829 CST | [franka_vision] Val_Raw_Recon_Dim2_RMSE    0.000911273
2026-06-22 11:38:45.958853 CST | [franka_vision] Val_Raw_Recon_Dim3_RMSE    0.000679539
2026-06-22 11:38:45.958877 CST | [franka_vision] Val_Raw_Recon_Dim4_RMSE    0.000287629
2026-06-22 11:38:45.958901 CST | [franka_vision] Val_Raw_Recon_Dim5_RMSE    0.000887518
2026-06-22 11:38:45.958925 CST | [franka_vision] Val_Raw_Recon_Dim6_RMSE    0.000104292
2026-06-22 11:38:45.958949 CST | [franka_vision] Val_Raw_Recon_Dim7_RMSE    0.000293309
2026-06-22 11:38:45.958973 CST | [franka_vision] Val_KL                     8.02815
2026-06-22 11:38:45.958997 CST | [franka_vision] Val_Plot_Recon             0.165685
2026-06-22 11:38:45.959021 CST | [franka_vision] Val_Plot_Raw_Recon         8.05578e-07
2026-06-22 11:38:45.959045 CST | [franka_vision] Val_Plot_KL                8.05019
2026-06-22 11:38:45.959074 CST | [franka_vision] Weight                     0.5
2026-06-22 11:38:45.959098 CST | [franka_vision] kl                         1
2026-06-22 11:38:45.959122 CST | [franka_vision] -----------------------  -------------
2026-06-22 11:56:05.961226 CST | [franka_vision] -----------------------  ------------
2026-06-22 11:56:05.961298 CST | [franka_vision] Training Epochs           3
2026-06-22 11:56:05.961328 CST | [franka_vision] L_Act                    10.9134
2026-06-22 11:56:05.961355 CST | [franka_vision] L_Crit                   94.9796
2026-06-22 11:56:05.961380 CST | [franka_vision] L_Recon                   0.0201065
2026-06-22 11:56:05.961406 CST | [franka_vision] L_KL                      4.00237
2026-06-22 11:56:05.961431 CST | [franka_vision] Val_Recon                 0.129437
2026-06-22 11:56:05.961459 CST | [franka_vision] Val_Recon_Sum             1.03549
2026-06-22 11:56:05.961483 CST | [franka_vision] Val_Raw_Recon             6.47294e-07
2026-06-22 11:56:05.961508 CST | [franka_vision] Val_Raw_Recon_Sum         5.17835e-06
2026-06-22 11:56:05.961532 CST | [franka_vision] Val_Raw_Recon_Dim0_MSE    1.11471e-06
2026-06-22 11:56:05.961557 CST | [franka_vision] Val_Raw_Recon_Dim1_MSE    1.51234e-06
2026-06-22 11:56:05.961581 CST | [franka_vision] Val_Raw_Recon_Dim2_MSE    1.16214e-06
2026-06-22 11:56:05.961609 CST | [franka_vision] Val_Raw_Recon_Dim3_MSE    4.01986e-07
2026-06-22 11:56:05.961636 CST | [franka_vision] Val_Raw_Recon_Dim4_MSE    1.12521e-07
2026-06-22 11:56:05.961661 CST | [franka_vision] Val_Raw_Recon_Dim5_MSE    7.49292e-07
2026-06-22 11:56:05.961685 CST | [franka_vision] Val_Raw_Recon_Dim6_MSE    1.42279e-08
2026-06-22 11:56:05.961709 CST | [franka_vision] Val_Raw_Recon_Dim7_MSE    1.11137e-07
2026-06-22 11:56:05.961736 CST | [franka_vision] Val_Raw_Recon_Dim0_RMSE   0.0010558
2026-06-22 11:56:05.961761 CST | [franka_vision] Val_Raw_Recon_Dim1_RMSE   0.00122977
2026-06-22 11:56:05.961785 CST | [franka_vision] Val_Raw_Recon_Dim2_RMSE   0.00107803
2026-06-22 11:56:05.961809 CST | [franka_vision] Val_Raw_Recon_Dim3_RMSE   0.000634024
2026-06-22 11:56:05.961833 CST | [franka_vision] Val_Raw_Recon_Dim4_RMSE   0.000335442
2026-06-22 11:56:05.961858 CST | [franka_vision] Val_Raw_Recon_Dim5_RMSE   0.000865617
2026-06-22 11:56:05.961882 CST | [franka_vision] Val_Raw_Recon_Dim6_RMSE   0.000119281
2026-06-22 11:56:05.961907 CST | [franka_vision] Val_Raw_Recon_Dim7_RMSE   0.000333372
2026-06-22 11:56:05.961931 CST | [franka_vision] Val_KL                    8.02393
2026-06-22 11:56:05.961956 CST | [franka_vision] Val_Plot_Recon            0.0992304
2026-06-22 11:56:05.961981 CST | [franka_vision] Val_Plot_Raw_Recon        5.28765e-07
2026-06-22 11:56:05.962005 CST | [franka_vision] Val_Plot_KL               8
2026-06-22 11:56:05.962030 CST | [franka_vision] Weight                    0.5
2026-06-22 11:56:05.962054 CST | [franka_vision] kl                        1
2026-06-22 11:56:05.962079 CST | [franka_vision] -----------------------  ------------
2026-06-22 12:13:30.041598 CST | [franka_vision] -----------------------  ------------
2026-06-22 12:13:30.041675 CST | [franka_vision] Training Epochs           4
2026-06-22 12:13:30.041705 CST | [franka_vision] L_Act                    11.2965
2026-06-22 12:13:30.041731 CST | [franka_vision] L_Crit                   85.0665
2026-06-22 12:13:30.041757 CST | [franka_vision] L_Recon                   0.0194429
2026-06-22 12:13:30.041782 CST | [franka_vision] L_KL                      4.00226
2026-06-22 12:13:30.041806 CST | [franka_vision] Val_Recon                 0.142849
2026-06-22 12:13:30.041831 CST | [franka_vision] Val_Recon_Sum             1.1428
2026-06-22 12:13:30.041856 CST | [franka_vision] Val_Raw_Recon             6.69025e-07
2026-06-22 12:13:30.041881 CST | [franka_vision] Val_Raw_Recon_Sum         5.3522e-06
2026-06-22 12:13:30.041906 CST | [franka_vision] Val_Raw_Recon_Dim0_MSE    1.13571e-06
2026-06-22 12:13:30.041930 CST | [franka_vision] Val_Raw_Recon_Dim1_MSE    1.52091e-06
2026-06-22 12:13:30.041958 CST | [franka_vision] Val_Raw_Recon_Dim2_MSE    1.08639e-06
2026-06-22 12:13:30.041987 CST | [franka_vision] Val_Raw_Recon_Dim3_MSE    5.5053e-07
2026-06-22 12:13:30.042012 CST | [franka_vision] Val_Raw_Recon_Dim4_MSE    1.49816e-07
2026-06-22 12:13:30.042036 CST | [franka_vision] Val_Raw_Recon_Dim5_MSE    8.0109e-07
2026-06-22 12:13:30.042061 CST | [franka_vision] Val_Raw_Recon_Dim6_MSE    1.88121e-08
2026-06-22 12:13:30.042086 CST | [franka_vision] Val_Raw_Recon_Dim7_MSE    8.89407e-08
2026-06-22 12:13:30.042111 CST | [franka_vision] Val_Raw_Recon_Dim0_RMSE   0.0010657
2026-06-22 12:13:30.042138 CST | [franka_vision] Val_Raw_Recon_Dim1_RMSE   0.00123325
2026-06-22 12:13:30.042162 CST | [franka_vision] Val_Raw_Recon_Dim2_RMSE   0.0010423
2026-06-22 12:13:30.042187 CST | [franka_vision] Val_Raw_Recon_Dim3_RMSE   0.000741977
2026-06-22 12:13:30.042212 CST | [franka_vision] Val_Raw_Recon_Dim4_RMSE   0.000387061
2026-06-22 12:13:30.042237 CST | [franka_vision] Val_Raw_Recon_Dim5_RMSE   0.000895036
2026-06-22 12:13:30.042262 CST | [franka_vision] Val_Raw_Recon_Dim6_RMSE   0.000137157
2026-06-22 12:13:30.042287 CST | [franka_vision] Val_Raw_Recon_Dim7_RMSE   0.000298229
2026-06-22 12:13:30.042312 CST | [franka_vision] Val_KL                    8.01919
2026-06-22 12:13:30.042336 CST | [franka_vision] Val_Plot_Recon            0.170679
2026-06-22 12:13:30.042364 CST | [franka_vision] Val_Plot_Raw_Recon        8.46248e-07
2026-06-22 12:13:30.042389 CST | [franka_vision] Val_Plot_KL               8.0214
2026-06-22 12:13:30.042413 CST | [franka_vision] Weight                    0.5
2026-06-22 12:13:30.042438 CST | [franka_vision] kl                        1
2026-06-22 12:13:30.042462 CST | [franka_vision] -----------------------  ------------
2026-06-22 12:30:56.679687 CST | [franka_vision] -----------------------  ------------
2026-06-22 12:30:56.679762 CST | [franka_vision] Training Epochs           5
2026-06-22 12:30:56.679791 CST | [franka_vision] L_Act                    12.3474
2026-06-22 12:30:56.679816 CST | [franka_vision] L_Crit                   72.4728
2026-06-22 12:30:56.679841 CST | [franka_vision] L_Recon                   0.0194727
2026-06-22 12:30:56.679865 CST | [franka_vision] L_KL                      4.00218
2026-06-22 12:30:56.679889 CST | [franka_vision] Val_Recon                 0.150732
2026-06-22 12:30:56.679914 CST | [franka_vision] Val_Recon_Sum             1.20585
2026-06-22 12:30:56.679938 CST | [franka_vision] Val_Raw_Recon             6.96824e-07
2026-06-22 12:30:56.679961 CST | [franka_vision] Val_Raw_Recon_Sum         5.57459e-06
2026-06-22 12:30:56.679985 CST | [franka_vision] Val_Raw_Recon_Dim0_MSE    9.78606e-07
2026-06-22 12:30:56.680009 CST | [franka_vision] Val_Raw_Recon_Dim1_MSE    1.7652e-06
2026-06-22 12:30:56.680037 CST | [franka_vision] Val_Raw_Recon_Dim2_MSE    1.10899e-06
2026-06-22 12:30:56.680061 CST | [franka_vision] Val_Raw_Recon_Dim3_MSE    4.35917e-07
2026-06-22 12:30:56.680086 CST | [franka_vision] Val_Raw_Recon_Dim4_MSE    1.85843e-07
2026-06-22 12:30:56.680110 CST | [franka_vision] Val_Raw_Recon_Dim5_MSE    9.80122e-07
2026-06-22 12:30:56.680134 CST | [franka_vision] Val_Raw_Recon_Dim6_MSE    2.32886e-08
2026-06-22 12:30:56.680158 CST | [franka_vision] Val_Raw_Recon_Dim7_MSE    9.66207e-08
2026-06-22 12:30:56.680182 CST | [franka_vision] Val_Raw_Recon_Dim0_RMSE   0.000989245
2026-06-22 12:30:56.680206 CST | [franka_vision] Val_Raw_Recon_Dim1_RMSE   0.00132861
2026-06-22 12:30:56.680230 CST | [franka_vision] Val_Raw_Recon_Dim2_RMSE   0.00105309
2026-06-22 12:30:56.680253 CST | [franka_vision] Val_Raw_Recon_Dim3_RMSE   0.00066024
2026-06-22 12:30:56.680277 CST | [franka_vision] Val_Raw_Recon_Dim4_RMSE   0.000431095
2026-06-22 12:30:56.680301 CST | [franka_vision] Val_Raw_Recon_Dim5_RMSE   0.000990011
2026-06-22 12:30:56.680325 CST | [franka_vision] Val_Raw_Recon_Dim6_RMSE   0.000152606
2026-06-22 12:30:56.680353 CST | [franka_vision] Val_Raw_Recon_Dim7_RMSE   0.000310839
2026-06-22 12:30:56.680378 CST | [franka_vision] Val_KL                    8.0281
2026-06-22 12:30:56.680406 CST | [franka_vision] Val_Plot_Recon            0.159746
2026-06-22 12:30:56.680430 CST | [franka_vision] Val_Plot_Raw_Recon        5.57775e-07
2026-06-22 12:30:56.680454 CST | [franka_vision] Val_Plot_KL               8.13793
2026-06-22 12:30:56.680478 CST | [franka_vision] Weight                    0.5
2026-06-22 12:30:56.680501 CST | [franka_vision] kl                        1
2026-06-22 12:30:56.680525 CST | [franka_vision] -----------------------  ------------
